Archive member included to satisfy reference by file (symbol)

c:/d/ifsc/vscodeleandro/ex/toolchains/avr-gcc/bin/../lib/gcc/avr/12.1.0/avr5\libgcc.a(_divmodhi4.o)
                              build/hd44780.o (__divmodhi4)
c:/d/ifsc/vscodeleandro/ex/toolchains/avr-gcc/bin/../lib/gcc/avr/12.1.0/avr5\libgcc.a(_exit.o)
                              c:/d/ifsc/vscodeleandro/ex/toolchains/avr-gcc/bin/../lib/gcc/avr/12.1.0/../../../../avr/lib/avr5/crtatmega328p.o (exit)
c:/d/ifsc/vscodeleandro/ex/toolchains/avr-gcc/bin/../lib/gcc/avr/12.1.0/avr5\libgcc.a(_tablejump2.o)
                              build/sevenSegmentsDisplay.o (__tablejump2__)
c:/d/ifsc/vscodeleandro/ex/toolchains/avr-gcc/bin/../lib/gcc/avr/12.1.0/avr5\libgcc.a(_copy_data.o)
                              build/sevenSegmentsMuxDisplay.o (__do_copy_data)
c:/d/ifsc/vscodeleandro/ex/toolchains/avr-gcc/bin/../lib/gcc/avr/12.1.0/avr5\libgcc.a(_clear_bss.o)
                              build/hd44780.o (__do_clear_bss)
c:/d/ifsc/vscodeleandro/ex/toolchains/avr-gcc/bin/../lib/gcc/avr/12.1.0/avr5\libgcc.a(_ctors.o)
                              build/adc.o (__do_global_ctors)
c:/d/ifsc/vscodeleandro/ex/toolchains/avr-gcc/bin/../lib/gcc/avr/12.1.0/avr5\libgcc.a(_dtors.o)
                              build/adc.o (__do_global_dtors)
c:/d/ifsc/vscodeleandro/ex/toolchains/avr-gcc/bin/../lib/gcc/avr/12.1.0/avr5\libgcc.a(_umulhisi3.o)
                              build/hd44780.o (__umulhisi3)
c:/d/ifsc/vscodeleandro/ex/toolchains/avr-gcc/bin/../lib/gcc/avr/12.1.0/avr5\libgcc.a(_udivmodhi4.o)
                              c:/d/ifsc/vscodeleandro/ex/toolchains/avr-gcc/bin/../lib/gcc/avr/12.1.0/avr5\libgcc.a(_divmodhi4.o) (__udivmodhi4)
c:/d/ifsc/vscodeleandro/ex/toolchains/avr-gcc/bin/../lib/gcc/avr/12.1.0/../../../../avr/lib/avr5\libc.a(malloc.o)
                              build/keypad.o (free)
c:/d/ifsc/vscodeleandro/ex/toolchains/avr-gcc/bin/../lib/gcc/avr/12.1.0/../../../../avr/lib/avr5\libc.a(realloc.o)
                              build/keypad.o (realloc)
c:/d/ifsc/vscodeleandro/ex/toolchains/avr-gcc/bin/../lib/gcc/avr/12.1.0/../../../../avr/lib/avr5\libc.a(memcpy.o)
                              c:/d/ifsc/vscodeleandro/ex/toolchains/avr-gcc/bin/../lib/gcc/avr/12.1.0/../../../../avr/lib/avr5\libc.a(realloc.o) (memcpy)
c:/d/ifsc/vscodeleandro/ex/toolchains/avr-gcc/bin/../lib/gcc/avr/12.1.0/../../../../avr/lib/avr5\libc.a(iob.o)
                              build/hd44780.o (__iob)
c:/d/ifsc/vscodeleandro/ex/toolchains/avr-gcc/bin/../lib/gcc/avr/12.1.0/avr5\libgcc.a(_prologue.o)
                              c:/d/ifsc/vscodeleandro/ex/toolchains/avr-gcc/bin/../lib/gcc/avr/12.1.0/../../../../avr/lib/avr5\libc.a(realloc.o) (__prologue_saves__)
c:/d/ifsc/vscodeleandro/ex/toolchains/avr-gcc/bin/../lib/gcc/avr/12.1.0/avr5\libgcc.a(_epilogue.o)
                              c:/d/ifsc/vscodeleandro/ex/toolchains/avr-gcc/bin/../lib/gcc/avr/12.1.0/../../../../avr/lib/avr5\libc.a(realloc.o) (__epilogue_restores__)

Discarded input sections

 .data          0x00000000        0x0 c:/d/ifsc/vscodeleandro/ex/toolchains/avr-gcc/bin/../lib/gcc/avr/12.1.0/../../../../avr/lib/avr5/crtatmega328p.o
 .bss           0x00000000        0x0 c:/d/ifsc/vscodeleandro/ex/toolchains/avr-gcc/bin/../lib/gcc/avr/12.1.0/../../../../avr/lib/avr5/crtatmega328p.o
 .text          0x00000000        0x0 build/bitbang.o
 .data          0x00000000        0x0 build/bitbang.o
 .bss           0x00000000        0x0 build/bitbang.o
 .debug_line    0x00000000        0x0 build/bitbang.o
 .debug_str     0x00000000       0xc5 build/bitbang.o
 .debug_line_str
                0x00000000       0x32 build/bitbang.o
 .comment       0x00000000       0x13 build/bitbang.o
 .text          0x00000000        0x0 build/hd44780.o
 .data          0x00000000        0x0 build/hd44780.o
 .bss           0x00000000        0x0 build/hd44780.o
 .text._Z7getTickv
                0x00000000        0x8 build/hd44780.o
 .text._ZN7Hd44780C2Ev
                0x00000000       0xb2 build/hd44780.o
 .text._ZN7Hd44780D2Ev
                0x00000000        0x2 build/hd44780.o
 .text._ZN7Hd4478014controlPortSetEPVhhhh
                0x00000000       0xce build/hd44780.o
 .text._ZN7Hd4478011dataPortSetEPVhh
                0x00000000       0x6e build/hd44780.o
 .text._ZN7Hd447805stdioEv
                0x00000000       0x30 build/hd44780.o
 .text._ZN7Hd4478012getLastErrorEv
                0x00000000        0x8 build/hd44780.o
 .text._ZN7Hd4478017_functionSet8BitsEh
                0x00000000      0x120 build/hd44780.o
 .text._ZN7Hd4478015_waitUntilReadyEv
                0x00000000      0x206 build/hd44780.o
 .text._ZN7Hd4478013_writeCommandEh
                0x00000000      0x1d6 build/hd44780.o
 .text._ZN7Hd447804initENS_4SizeENS_4FontEbb
                0x00000000      0x2ee build/hd44780.o
 .text._ZN7Hd4478011clearScreenEv
                0x00000000       0x30 build/hd44780.o
 .text._ZN7Hd4478010cursorGoToEhh
[...]
Memory Configuration

Name             Origin             Length             Attributes
text             0x00000000         0x00020000         xr
data             0x00800060         0x0000ffa0         rw !x
eeprom           0x00810000         0x00010000         rw !x
fuse             0x00820000         0x00000003         rw !x
lock             0x00830000         0x00000400         rw !x
signature        0x00840000         0x00000400         rw !x
user_signatures  0x00850000         0x00000400         rw !x
*default*        0x00000000         0xffffffff

Linker script and memory map

Address of section .data set to 0x800100
LOAD c:/d/ifsc/vscodeleandro/ex/toolchains/avr-gcc/bin/../lib/gcc/avr/12.1.0/../../../../avr/lib/avr5/crtatmega328p.o
LOAD build/bitbang.o
LOAD build/hd44780.o
LOAD build/keypad.o
LOAD build/sevenSegmentsDisplay.o
LOAD build/sevenSegmentsMuxDisplay.o
LOAD build/adc.o
LOAD build/int0.o
LOAD build/int1.o
LOAD build/pcint0.o
LOAD build/pcint1.o
LOAD build/pcint2.o
LOAD build/timer0.o
LOAD build/timer1.o
LOAD build/timer2.o
LOAD build/debug.o
LOAD build/kbitbang.o
LOAD build/main.o
LOAD c:/d/ifsc/vscodeleandro/ex/toolchains/avr-gcc/bin/../lib/gcc/avr/12.1.0/avr5\libgcc.a
LOAD c:/d/ifsc/vscodeleandro/ex/toolchains/avr-gcc/bin/../lib/gcc/avr/12.1.0/../../../../avr/lib/avr5\libm.a
START GROUP
LOAD c:/d/ifsc/vscodeleandro/ex/toolchains/avr-gcc/bin/../lib/gcc/avr/12.1.0/avr5\libgcc.a
LOAD c:/d/ifsc/vscodeleandro/ex/toolchains/avr-gcc/bin/../lib/gcc/avr/12.1.0/../../../../avr/lib/avr5\libm.a
LOAD c:/d/ifsc/vscodeleandro/ex/toolchains/avr-gcc/bin/../lib/gcc/avr/12.1.0/../../../../avr/lib/avr5\libc.a
LOAD c:/d/ifsc/vscodeleandro/ex/toolchains/avr-gcc/bin/../lib/gcc/avr/12.1.0/../../../../avr/lib/avr5\libatmega328p.a
END GROUP
                0x00020000                __TEXT_REGION_LENGTH__ = DEFINED (__TEXT_REGION_LENGTH__)?__TEXT_REGION_LENGTH__:0x20000
                0x0000ffa0                __DATA_REGION_LENGTH__ = DEFINED (__DATA_REGION_LENGTH__)?__DATA_REGION_LENGTH__:0xffa0
                0x00010000                __EEPROM_REGION_LENGTH__ = DEFINED (__EEPROM_REGION_LENGTH__)?__EEPROM_REGION_LENGTH__:0x10000
                [0x00000003]                __FUSE_REGION_LENGTH__ = DEFINED (__FUSE_REGION_LENGTH__)?__FUSE_REGION_LENGTH__:0x400
                0x00000400                __LOCK_REGION_LENGTH__ = DEFINED (__LOCK_REGION_LENGTH__)?__LOCK_REGION_LENGTH__:0x400
                0x00000400                __SIGNATURE_REGION_LENGTH__ = DEFINED (__SIGNATURE_REGION_LENGTH__)?__SIGNATURE_REGION_LENGTH__:0x400
                0x00000400                __USER_SIGNATURE_REGION_LENGTH__ = DEFINED (__USER_SIGNATURE_REGION_LENGTH__)?__USER_SIGNATURE_REGION_LENGTH__:0x400

.hash
 *(.hash)

.dynsym
 *(.dynsym)

.dynstr
 *(.dynstr)

.gnu.version
 *(.gnu.version)

.gnu.version_d
 *(.gnu.version_d)

.gnu.version_r
 *(.gnu.version_r)

.rel.init
 *(.rel.init)

.rela.init
 *(.rela.init)

.rel.text
 *(.rel.text)
 *(.rel.text.*)
 *(.rel.gnu.linkonce.t*)

.rela.text
 *(.rela.text)
 *(.rela.text.*)
 *(.rela.gnu.linkonce.t*)

.rel.fini
 *(.rel.fini)

.rela.fini
 *(.rela.fini)

.rel.rodata
 *(.rel.rodata)
 *(.rel.rodata.*)
 *(.rel.gnu.linkonce.r*)

.rela.rodata
 *(.rela.rodata)
 *(.rela.rodata.*)
 *(.rela.gnu.linkonce.r*)

.rel.data
 *(.rel.data)
 *(.rel.data.*)
 *(.rel.gnu.linkonce.d*)

.rela.data
 *(.rela.data)
 *(.rela.data.*)
 *(.rela.gnu.linkonce.d*)

.rel.ctors
 *(.rel.ctors)

.rela.ctors
 *(.rela.ctors)

.rel.dtors
 *(.rel.dtors)

.rela.dtors
 *(.rela.dtors)

.rel.got
 *(.rel.got)

.rela.got
 *(.rela.got)

.rel.bss
 *(.rel.bss)

.rela.bss
 *(.rela.bss)

.rel.plt
 *(.rel.plt)

.rela.plt
 *(.rela.plt)

.text           0x00000000      0xa1a
 *(.vectors)
 .vectors       0x00000000       0x68 c:/d/ifsc/vscodeleandro/ex/toolchains/avr-gcc/bin/../lib/gcc/avr/12.1.0/../../../../avr/lib/avr5/crtatmega328p.o
                0x00000000                __vector_default
                0x00000000                __vectors
 *(.vectors)
 *(.progmem.gcc*)
                0x00000068                . = ALIGN (0x2)
                0x00000068                __trampolines_start = .
 *(.trampolines)
 .trampolines   0x00000068        0x0 linker stubs
 *(.trampolines*)
                0x00000068                __trampolines_end = .
 *libprintf_flt.a:*(.progmem.data)
 *libc.a:*(.progmem.data)
 *(.progmem.*)
                0x00000068                . = ALIGN (0x2)
 *(.lowtext)
 *(.lowtext*)
                0x00000068                __ctors_start = .
 *(.ctors)
 .ctors         0x00000068        0x2 build/adc.o
 .ctors         0x0000006a        0x2 build/int0.o
 .ctors         0x0000006c        0x2 build/int1.o
 .ctors         0x0000006e        0x2 build/pcint0.o
 .ctors         0x00000070        0x2 build/pcint1.o
 .ctors         0x00000072        0x2 build/pcint2.o
 .ctors         0x00000074        0x2 build/timer0.o
 .ctors         0x00000076        0x2 build/timer1.o
 .ctors         0x00000078        0x2 build/timer2.o
                0x0000007a                __ctors_end = .
                0x0000007a                __dtors_start = .
 *(.dtors)
 .dtors         0x0000007a        0x2 build/adc.o
 .dtors         0x0000007c        0x2 build/int0.o
 .dtors         0x0000007e        0x2 build/int1.o
 .dtors         0x00000080        0x2 build/pcint0.o
 .dtors         0x00000082        0x2 build/pcint1.o
 .dtors         0x00000084        0x2 build/pcint2.o
 .dtors         0x00000086        0x2 build/timer0.o
 .dtors         0x00000088        0x2 build/timer1.o
 .dtors         0x0000008a        0x2 build/timer2.o
                0x0000008c                __dtors_end = .
 SORT_BY_NAME(*)(.ctors)
 SORT_BY_NAME(*)(.dtors)
 *(.init0)
 .init0         0x0000008c        0x0 c:/d/ifsc/vscodeleandro/ex/toolchains/avr-gcc/bin/../lib/gcc/avr/12.1.0/../../../../avr/lib/avr5/crtatmega328p.o
                0x0000008c                __init
 *(.init0)
 *(.init1)
 *(.init1)
 *(.init2)
 .init2         0x0000008c        0xc c:/d/ifsc/vscodeleandro/ex/toolchains/avr-gcc/bin/../lib/gcc/avr/12.1.0/../../../../avr/lib/avr5/crtatmega328p.o
 *(.init2)
 *(.init3)
 *(.init3)
 *(.init4)
 .init4         0x00000098       0x16 c:/d/ifsc/vscodeleandro/ex/toolchains/avr-gcc/bin/../lib/gcc/avr/12.1.0/avr5\libgcc.a(_copy_data.o)
                0x00000098                __do_copy_data
 .init4         0x000000ae       0x10 c:/d/ifsc/vscodeleandro/ex/toolchains/avr-gcc/bin/../lib/gcc/avr/12.1.0/avr5\libgcc.a(_clear_bss.o)
                0x000000ae                __do_clear_bss
 *(.init4)
 *(.init5)
 *(.init5)
 *(.init6)
 .init6         0x000000be       0x16 c:/d/ifsc/vscodeleandro/ex/toolchains/avr-gcc/bin/../lib/gcc/avr/12.1.0/avr5\libgcc.a(_ctors.o)
                0x000000be                __do_global_ctors
 *(.init6)
 *(.init7)
 *(.init7)
 *(.init8)
 *(.init8)
 *(.init9)
 .init9         0x000000d4        0x8 c:/d/ifsc/vscodeleandro/ex/toolchains/avr-gcc/bin/../lib/gcc/avr/12.1.0/../../../../avr/lib/avr5/crtatmega328p.o
 *(.init9)
 *(.text)
 .text          0x000000dc        0x4 c:/d/ifsc/vscodeleandro/ex/toolchains/avr-gcc/bin/../lib/gcc/avr/12.1.0/../../../../avr/lib/avr5/crtatmega328p.o
                0x000000dc                __vector_22
                0x000000dc                __vector_24
                0x000000dc                __bad_interrupt
                0x000000dc                __vector_6
                0x000000dc                __vector_23
                0x000000dc                __vector_25
                0x000000dc                __vector_17
                0x000000dc                __vector_19
                0x000000dc                __vector_18
                0x000000dc                __vector_20
                0x000000e0                . = ALIGN (0x2)
 *(.text.*)
 .text._ZN3AdcC2Ev
                0x000000e0       0x2c build/adc.o
                0x000000e0                _ZN3AdcC1Ev
                0x000000e0                _ZN3AdcC2Ev
 .text._Z41__static_initialization_and_destruction_0ii
                0x0000010c       0x1a build/adc.o
 .text._Z29adcConversionCompleteCallbackv
                0x00000126        0x2 build/adc.o
                0x00000126                _Z29adcConversionCompleteCallbackv
 .text.__vector_21
                0x00000128       0x48 build/adc.o
                0x00000128                __vector_21
 .text._GLOBAL__sub_I_adc
                0x00000170        0xe build/adc.o
 .text._GLOBAL__sub_D_adc
                0x0000017e        0xe build/adc.o
 .text._ZN4Int0C2Ev
                0x0000018c       0x12 build/int0.o
                0x0000018c                _ZN4Int0C1Ev
                0x0000018c                _ZN4Int0C2Ev
 .text._Z41__static_initialization_and_destruction_0ii
                0x0000019e       0x1a build/int0.o
 .text._Z21int0InterruptCallbackv
                0x000001b8        0x2 build/int0.o
                0x000001b8                _Z21int0InterruptCallbackv
 .text.__vector_1
                0x000001ba       0x48 build/int0.o
                0x000001ba                __vector_1
 .text._GLOBAL__sub_I_int0
                0x00000202        0xe build/int0.o
 .text._GLOBAL__sub_D_int0
                0x00000210        0xe build/int0.o
 .text._ZN4Int1C2Ev
                0x0000021e       0x12 build/int1.o
                0x0000021e                _ZN4Int1C1Ev
                0x0000021e                _ZN4Int1C2Ev
 .text._Z41__static_initialization_and_destruction_0ii
                0x00000230       0x1a build/int1.o
 .text._Z21int1InterruptCallbackv
                0x0000024a        0x2 build/int1.o
                0x0000024a                _Z21int1InterruptCallbackv
 .text.__vector_2
                0x0000024c       0x48 build/int1.o
                0x0000024c                __vector_2
 .text._GLOBAL__sub_I_int1
                0x00000294        0xe build/int1.o
 .text._GLOBAL__sub_D_int1
                0x000002a2        0xe build/int1.o
 .text._ZN6Pcint0C2Ev
                0x000002b0       0x12 build/pcint0.o
                0x000002b0                _ZN6Pcint0C2Ev
                0x000002b0                _ZN6Pcint0C1Ev
 .text._Z41__static_initialization_and_destruction_0ii
                0x000002c2       0x1a build/pcint0.o
 .text._Z23pcint0InterruptCallbackv
                0x000002dc        0x2 build/pcint0.o
                0x000002dc                _Z23pcint0InterruptCallbackv
 .text.__vector_3
                0x000002de       0x48 build/pcint0.o
                0x000002de                __vector_3
 .text._GLOBAL__sub_I_pcint0
                0x00000326        0xe build/pcint0.o
 .text._GLOBAL__sub_D_pcint0
                0x00000334        0xe build/pcint0.o
 .text._ZN6Pcint1C2Ev
                0x00000342       0x12 build/pcint1.o
                0x00000342                _ZN6Pcint1C1Ev
                0x00000342                _ZN6Pcint1C2Ev
 .text._Z41__static_initialization_and_destruction_0ii
                0x00000354       0x1a build/pcint1.o
 .text._Z23pcint1InterruptCallbackv
                0x0000036e        0x2 build/pcint1.o
                0x0000036e                _Z23pcint1InterruptCallbackv
 .text.__vector_4
                0x00000370       0x48 build/pcint1.o
                0x00000370                __vector_4
 .text._GLOBAL__sub_I_pcint1
                0x000003b8        0xe build/pcint1.o
 .text._GLOBAL__sub_D_pcint1
                0x000003c6        0xe build/pcint1.o
 .text._ZN6Pcint2C2Ev
                0x000003d4       0x12 build/pcint2.o
                0x000003d4                _ZN6Pcint2C1Ev
                0x000003d4                _ZN6Pcint2C2Ev
 .text._Z41__static_initialization_and_destruction_0ii
                0x000003e6       0x1a build/pcint2.o
 .text._Z23pcint2InterruptCallbackv
                0x00000400        0x2 build/pcint2.o
                0x00000400                _Z23pcint2InterruptCallbackv
 .text.__vector_5
                0x00000402       0x48 build/pcint2.o
                0x00000402                __vector_5
 .text._GLOBAL__sub_I_pcint2
                0x0000044a        0xe build/pcint2.o
 .text._GLOBAL__sub_D_pcint2
                0x00000458        0xe build/pcint2.o
 .text._ZN6Timer0C2Ev
                0x00000466       0x14 build/timer0.o
                0x00000466                _ZN6Timer0C2Ev
                0x00000466                _ZN6Timer0C1Ev
 .text._Z41__static_initialization_and_destruction_0ii
                0x0000047a       0x1a build/timer0.o
 .text._Z22timer0CompareACallbackv
                0x00000494        0x2 build/timer0.o
                0x00000494                _Z22timer0CompareACallbackv
 .text._Z22timer0CompareBCallbackv
                0x00000496        0x2 build/timer0.o
                0x00000496                _Z22timer0CompareBCallbackv
 .text._Z22timer0OverflowCallbackv
                0x00000498        0x2 build/timer0.o
                0x00000498                _Z22timer0OverflowCallbackv
 .text.__vector_14
                0x0000049a       0x48 build/timer0.o
                0x0000049a                __vector_14
 .text.__vector_15
                0x000004e2       0x48 build/timer0.o
                0x000004e2                __vector_15
 .text.__vector_16
                0x0000052a       0x48 build/timer0.o
                0x0000052a                __vector_16
 .text._GLOBAL__sub_I_timer0
                0x00000572        0xe build/timer0.o
 .text._GLOBAL__sub_D_timer0
                0x00000580        0xe build/timer0.o
 .text._ZN6Timer1C2Ev
                0x0000058e       0x14 build/timer1.o
                0x0000058e                _ZN6Timer1C1Ev
                0x0000058e                _ZN6Timer1C2Ev
 .text._Z41__static_initialization_and_destruction_0ii
                0x000005a2       0x1a build/timer1.o
 .text._ZN6Timer17setModeENS_4ModeE
                0x000005bc       0x46 build/timer1.o
                0x000005bc                _ZN6Timer17setModeENS_4ModeE
 .text._ZN6Timer114setClockSourceENS_11ClockSourceE
                0x00000602       0x1a build/timer1.o
                0x00000602                _ZN6Timer114setClockSourceENS_11ClockSourceE
 .text._Z22timer1CompareBCallbackv
                0x0000061c        0x2 build/timer1.o
                0x0000061c                _Z22timer1CompareBCallbackv
 .text._Z26timer1InputCaptureCallbackv
                0x0000061e        0x2 build/timer1.o
                0x0000061e                _Z26timer1InputCaptureCallbackv
 .text._Z22timer1OverflowCallbackv
                0x00000620        0x2 build/timer1.o
                0x00000620                _Z22timer1OverflowCallbackv
 .text.__vector_11
                0x00000622       0x48 build/timer1.o
                0x00000622                __vector_11
 .text.__vector_12
                0x0000066a       0x48 build/timer1.o
                0x0000066a                __vector_12
 .text.__vector_10
                0x000006b2       0x48 build/timer1.o
                0x000006b2                __vector_10
 .text.__vector_13
                0x000006fa       0x48 build/timer1.o
                0x000006fa                __vector_13
 .text._GLOBAL__sub_I_timer1
                0x00000742        0xe build/timer1.o
 .text._GLOBAL__sub_D_timer1
                0x00000750        0xe build/timer1.o
 .text._ZN6Timer2C2Ev
                0x0000075e       0x14 build/timer2.o
                0x0000075e                _ZN6Timer2C2Ev
                0x0000075e                _ZN6Timer2C1Ev
 .text._Z41__static_initialization_and_destruction_0ii
                0x00000772       0x1a build/timer2.o
 .text._Z22timer2CompareACallbackv
                0x0000078c        0x2 build/timer2.o
                0x0000078c                _Z22timer2CompareACallbackv
 .text._Z22timer2CompareBCallbackv
                0x0000078e        0x2 build/timer2.o
                0x0000078e                _Z22timer2CompareBCallbackv
 .text._Z22timer2OverflowCallbackv
                0x00000790        0x2 build/timer2.o
                0x00000790                _Z22timer2OverflowCallbackv
 .text.__vector_7
                0x00000792       0x48 build/timer2.o
                0x00000792                __vector_7
 .text.__vector_8
                0x000007da       0x48 build/timer2.o
                0x000007da                __vector_8
 .text.__vector_9
                0x00000822       0x48 build/timer2.o
                0x00000822                __vector_9
 .text._GLOBAL__sub_I_timer2
                0x0000086a        0xe build/timer2.o
 .text._GLOBAL__sub_D_timer2
                0x00000878        0xe build/timer2.o
 .text._Z7bitbangh
                0x00000886       0xde build/kbitbang.o
                0x00000886                _Z7bitbangh
 .text._Z10sendstringPc
                0x00000964       0x34 build/kbitbang.o
                0x00000964                _Z10sendstringPc
 .text._Z22timer1CompareACallbackv
                0x00000998        0x6 build/kbitbang.o
                0x00000998                _Z22timer1CompareACallbackv
 .text.main     0x0000099e       0x56 build/main.o
                0x0000099e                main
 .text.libgcc   0x000009f4        0xc c:/d/ifsc/vscodeleandro/ex/toolchains/avr-gcc/bin/../lib/gcc/avr/12.1.0/avr5\libgcc.a(_tablejump2.o)
                0x000009f4                __tablejump2__
                0x00000a00                . = ALIGN (0x2)
 *(.fini9)
 .fini9         0x00000a00        0x0 c:/d/ifsc/vscodeleandro/ex/toolchains/avr-gcc/bin/../lib/gcc/avr/12.1.0/avr5\libgcc.a(_exit.o)
                0x00000a00                _exit
                0x00000a00                exit
 *(.fini9)
 *(.fini8)
 *(.fini8)
 *(.fini7)
 *(.fini7)
 *(.fini6)
 .fini6         0x00000a00       0x16 c:/d/ifsc/vscodeleandro/ex/toolchains/avr-gcc/bin/../lib/gcc/avr/12.1.0/avr5\libgcc.a(_dtors.o)
                0x00000a00                __do_global_dtors
 *(.fini6)
 *(.fini5)
 *(.fini5)
 *(.fini4)
 *(.fini4)
 *(.fini3)
 *(.fini3)
 *(.fini2)
 *(.fini2)
 *(.fini1)
 *(.fini1)
 *(.fini0)
 .fini0         0x00000a16        0x4 c:/d/ifsc/vscodeleandro/ex/toolchains/avr-gcc/bin/../lib/gcc/avr/12.1.0/avr5\libgcc.a(_exit.o)
 *(.fini0)
 *(.hightext)
 *(.hightext*)
 *(.progmemx.*)
                0x00000a1a                . = ALIGN (0x2)
 *(.jumptables)
 *(.jumptables*)
                0x00000a1a                _etext = .

.data           0x00800100       0x26 load address 0x00000a1a
                0x00800100                PROVIDE (__data_start = .)
 *(.data)
 *(.data*)
 *(.gnu.linkonce.d*)
 *(.rodata)
 *(.rodata*)
 .rodata.main.str1.1
                0x00800100       0x26 build/main.o
 *(.gnu.linkonce.r*)
                0x00800126                . = ALIGN (0x2)
                0x00800126                _edata = .
                0x00800126                PROVIDE (__data_end = .)

.bss            0x00800126       0x2d
                0x00800126                PROVIDE (__bss_start = .)
 *(.bss)
 *(.bss*)
 .bss.adc       0x00800126        0x9 build/adc.o
                0x00800126                adc
 .bss.int0      0x0080012f        0x4 build/int0.o
                0x0080012f                int0
 .bss.int1      0x00800133        0x4 build/int1.o
                0x00800133                int1
 .bss.pcint0    0x00800137        0x4 build/pcint0.o
                0x00800137                pcint0
 .bss.pcint1    0x0080013b        0x4 build/pcint1.o
                0x0080013b                pcint1
 .bss.pcint2    0x0080013f        0x4 build/pcint2.o
                0x0080013f                pcint2
 .bss.timer0    0x00800143        0x5 build/timer0.o
                0x00800143                timer0
 .bss.timer1    0x00800148        0x5 build/timer1.o
                0x00800148                timer1
 .bss.timer2    0x0080014d        0x5 build/timer2.o
                0x0080014d                timer2
 .bss.timer1flag
                0x00800152        0x1 build/kbitbang.o
                0x00800152                timer1flag
 *(COMMON)
                0x00800153                PROVIDE (__bss_end = .)
                0x00000a1a                __data_load_start = LOADADDR (.data)
                0x00000a40                __data_load_end = (__data_load_start + SIZEOF (.data))

.noinit         0x00800153        0x0
                [!provide]                PROVIDE (__noinit_start = .)
 *(.noinit .noinit.* .gnu.linkonce.n.*)
                [!provide]                PROVIDE (__noinit_end = .)
                0x00800153                _end = .
                0x00800153                PROVIDE (__heap_start = .)

.eeprom         0x00810000        0x0
 *(.eeprom*)
                0x00810000                __eeprom_end = .

.fuse
 *(.fuse)
 *(.lfuse)
 *(.hfuse)
 *(.efuse)

.lock
 *(.lock*)

.signature
 *(.signature*)

.stab
 *(.stab)

.stabstr
 *(.stabstr)

.stab.excl
 *(.stab.excl)

.stab.exclstr
 *(.stab.exclstr)

.stab.index
 *(.stab.index)

.stab.indexstr
 *(.stab.indexstr)

.comment        0x00000000       0x12
 *(.comment)
 .comment       0x00000000       0x12 build/adc.o
                                 0x13 (size before relaxing)
 .comment       0x00000012       0x13 build/int0.o
 .comment       0x00000012       0x13 build/int1.o
 .comment       0x00000012       0x13 build/pcint0.o
 .comment       0x00000012       0x13 build/pcint1.o
 .comment       0x00000012       0x13 build/pcint2.o
 .comment       0x00000012       0x13 build/timer0.o
 .comment       0x00000012       0x13 build/timer1.o
 .comment       0x00000012       0x13 build/timer2.o
 .comment       0x00000012       0x13 build/kbitbang.o
 .comment       0x00000012       0x13 build/main.o

.note.gnu.avr.deviceinfo
                0x00000000       0x40
 .note.gnu.avr.deviceinfo
                0x00000000       0x40 c:/d/ifsc/vscodeleandro/ex/toolchains/avr-gcc/bin/../lib/gcc/avr/12.1.0/../../../../avr/lib/avr5/crtatmega328p.o

.note.gnu.build-id
 *(.note.gnu.build-id)

.debug
 *(.debug)

.line
 *(.line)

.debug_srcinfo
 *(.debug_srcinfo)

.debug_sfnames
 *(.debug_sfnames)

.debug_aranges  0x00000000      0x638
 *(.debug_aranges)
 .debug_aranges
                0x00000000       0xd8 build/adc.o
 .debug_aranges
                0x000000d8       0x70 build/int0.o
 .debug_aranges
                0x00000148       0x70 build/int1.o
 .debug_aranges
                0x000001b8       0x78 build/pcint0.o
 .debug_aranges
                0x00000230       0x78 build/pcint1.o
 .debug_aranges
                0x000002a8       0x78 build/pcint2.o
 .debug_aranges
                0x00000320       0xa0 build/timer0.o
 .debug_aranges
                0x000003c0       0xb8 build/timer1.o
 .debug_aranges
                0x00000478       0xa0 build/timer2.o
 .debug_aranges
                0x00000518       0x38 build/kbitbang.o
 .debug_aranges
                0x00000550       0x28 build/main.o
 .debug_aranges
                0x00000578       0x20 c:/d/ifsc/vscodeleandro/ex/toolchains/avr-gcc/bin/../lib/gcc/avr/12.1.0/avr5\libgcc.a(_exit.o)
 .debug_aranges
                0x00000598       0x20 c:/d/ifsc/vscodeleandro/ex/toolchains/avr-gcc/bin/../lib/gcc/avr/12.1.0/avr5\libgcc.a(_tablejump2.o)
 .debug_aranges
                0x000005b8       0x20 c:/d/ifsc/vscodeleandro/ex/toolchains/avr-gcc/bin/../lib/gcc/avr/12.1.0/avr5\libgcc.a(_copy_data.o)
 .debug_aranges
                0x000005d8       0x20 c:/d/ifsc/vscodeleandro/ex/toolchains/avr-gcc/bin/../lib/gcc/avr/12.1.0/avr5\libgcc.a(_clear_bss.o)
 .debug_aranges
                0x000005f8       0x20 c:/d/ifsc/vscodeleandro/ex/toolchains/avr-gcc/bin/../lib/gcc/avr/12.1.0/avr5\libgcc.a(_ctors.o)
 .debug_aranges
                0x00000618       0x20 c:/d/ifsc/vscodeleandro/ex/toolchains/avr-gcc/bin/../lib/gcc/avr/12.1.0/avr5\libgcc.a(_dtors.o)

.debug_pubnames
 *(.debug_pubnames)

.debug_info     0x00000000     0x5d59
 *(.debug_info .gnu.linkonce.wi.*)
 .debug_info    0x00000000      0x5f4 c:/d/ifsc/vscodeleandro/ex/toolchains/avr-gcc/bin/../lib/gcc/avr/12.1.0/../../../../avr/lib/avr5/crtatmega328p.o
 .debug_info    0x000005f4      0xb96 build/adc.o
 .debug_info    0x0000118a      0x530 build/int0.o
 .debug_info    0x000016ba      0x530 build/int1.o
 .debug_info    0x00001bea      0x5e7 build/pcint0.o
 .debug_info    0x000021d1      0x5e1 build/pcint1.o
 .debug_info    0x000027b2      0x5e7 build/pcint2.o
 .debug_info    0x00002d99      0x93c build/timer0.o
 .debug_info    0x000036d5      0xae8 build/timer1.o
 .debug_info    0x000041bd      0x93c build/timer2.o
 .debug_info    0x00004af9      0x97d build/kbitbang.o
 .debug_info    0x00005476      0x80b build/main.o
 .debug_info    0x00005c81       0x24 c:/d/ifsc/vscodeleandro/ex/toolchains/avr-gcc/bin/../lib/gcc/avr/12.1.0/avr5\libgcc.a(_exit.o)
 .debug_info    0x00005ca5       0x24 c:/d/ifsc/vscodeleandro/ex/toolchains/avr-gcc/bin/../lib/gcc/avr/12.1.0/avr5\libgcc.a(_tablejump2.o)
 .debug_info    0x00005cc9       0x24 c:/d/ifsc/vscodeleandro/ex/toolchains/avr-gcc/bin/../lib/gcc/avr/12.1.0/avr5\libgcc.a(_copy_data.o)
 .debug_info    0x00005ced       0x24 c:/d/ifsc/vscodeleandro/ex/toolchains/avr-gcc/bin/../lib/gcc/avr/12.1.0/avr5\libgcc.a(_clear_bss.o)
 .debug_info    0x00005d11       0x24 c:/d/ifsc/vscodeleandro/ex/toolchains/avr-gcc/bin/../lib/gcc/avr/12.1.0/avr5\libgcc.a(_ctors.o)
 .debug_info    0x00005d35       0x24 c:/d/ifsc/vscodeleandro/ex/toolchains/avr-gcc/bin/../lib/gcc/avr/12.1.0/avr5\libgcc.a(_dtors.o)

.debug_abbrev   0x00000000     0x24c1
 *(.debug_abbrev)
 .debug_abbrev  0x00000000      0x5a2 c:/d/ifsc/vscodeleandro/ex/toolchains/avr-gcc/bin/../lib/gcc/avr/12.1.0/../../../../avr/lib/avr5/crtatmega328p.o
 .debug_abbrev  0x000005a2      0x318 build/adc.o
 .debug_abbrev  0x000008ba      0x282 build/int0.o
 .debug_abbrev  0x00000b3c      0x282 build/int1.o
 .debug_abbrev  0x00000dbe      0x280 build/pcint0.o
 .debug_abbrev  0x0000103e      0x280 build/pcint1.o
 .debug_abbrev  0x000012be      0x280 build/pcint2.o
 .debug_abbrev  0x0000153e      0x2f5 build/timer0.o
 .debug_abbrev  0x00001833      0x2e0 build/timer1.o
 .debug_abbrev  0x00001b13      0x2f5 build/timer2.o
 .debug_abbrev  0x00001e08      0x34b build/kbitbang.o
 .debug_abbrev  0x00002153      0x2f6 build/main.o
 .debug_abbrev  0x00002449       0x14 c:/d/ifsc/vscodeleandro/ex/toolchains/avr-gcc/bin/../lib/gcc/avr/12.1.0/avr5\libgcc.a(_exit.o)
 .debug_abbrev  0x0000245d       0x14 c:/d/ifsc/vscodeleandro/ex/toolchains/avr-gcc/bin/../lib/gcc/avr/12.1.0/avr5\libgcc.a(_tablejump2.o)
 .debug_abbrev  0x00002471       0x14 c:/d/ifsc/vscodeleandro/ex/toolchains/avr-gcc/bin/../lib/gcc/avr/12.1.0/avr5\libgcc.a(_copy_data.o)
 .debug_abbrev  0x00002485       0x14 c:/d/ifsc/vscodeleandro/ex/toolchains/avr-gcc/bin/../lib/gcc/avr/12.1.0/avr5\libgcc.a(_clear_bss.o)
 .debug_abbrev  0x00002499       0x14 c:/d/ifsc/vscodeleandro/ex/toolchains/avr-gcc/bin/../lib/gcc/avr/12.1.0/avr5\libgcc.a(_ctors.o)
 .debug_abbrev  0x000024ad       0x14 c:/d/ifsc/vscodeleandro/ex/toolchains/avr-gcc/bin/../lib/gcc/avr/12.1.0/avr5\libgcc.a(_dtors.o)

.debug_line     0x00000000     0x3d50
 *(.debug_line .debug_line.* .debug_line_end)
 .debug_line    0x00000000       0x1d c:/d/ifsc/vscodeleandro/ex/toolchains/avr-gcc/bin/../lib/gcc/avr/12.1.0/../../../../avr/lib/avr5/crtatmega328p.o
 .debug_line    0x0000001d      0xba4 build/adc.o
 .debug_line    0x00000bc1      0x39c build/int0.o
 .debug_line    0x00000f5d      0x3ac build/int1.o
 .debug_line    0x00001309      0x46a build/pcint0.o
 .debug_line    0x00001773      0x47c build/pcint1.o
 .debug_line    0x00001bef      0x46a build/pcint2.o
 .debug_line    0x00002059      0x646 build/timer0.o
 .debug_line    0x0000269f      0x762 build/timer1.o
 .debug_line    0x00002e01      0x646 build/timer2.o
 .debug_line    0x00003447      0x46d build/kbitbang.o
 .debug_line    0x000038b4      0x1e4 build/main.o
 .debug_line    0x00003a98       0x51 c:/d/ifsc/vscodeleandro/ex/toolchains/avr-gcc/bin/../lib/gcc/avr/12.1.0/avr5\libgcc.a(_exit.o)
 .debug_line    0x00003ae9       0x69 c:/d/ifsc/vscodeleandro/ex/toolchains/avr-gcc/bin/../lib/gcc/avr/12.1.0/avr5\libgcc.a(_tablejump2.o)
 .debug_line    0x00003b52       0x87 c:/d/ifsc/vscodeleandro/ex/toolchains/avr-gcc/bin/../lib/gcc/avr/12.1.0/avr5\libgcc.a(_copy_data.o)
 .debug_line    0x00003bd9       0x75 c:/d/ifsc/vscodeleandro/ex/toolchains/avr-gcc/bin/../lib/gcc/avr/12.1.0/avr5\libgcc.a(_clear_bss.o)
 .debug_line    0x00003c4e       0x81 c:/d/ifsc/vscodeleandro/ex/toolchains/avr-gcc/bin/../lib/gcc/avr/12.1.0/avr5\libgcc.a(_ctors.o)
 .debug_line    0x00003ccf       0x81 c:/d/ifsc/vscodeleandro/ex/toolchains/avr-gcc/bin/../lib/gcc/avr/12.1.0/avr5\libgcc.a(_dtors.o)

.debug_frame    0x00000000      0xe88
 *(.debug_frame)
 .debug_frame   0x00000000      0x1dc build/adc.o
 .debug_frame   0x000001dc      0x10c build/int0.o
 .debug_frame   0x000002e8      0x10c build/int1.o
 .debug_frame   0x000003f4      0x11c build/pcint0.o
 .debug_frame   0x00000510      0x11c build/pcint1.o
 .debug_frame   0x0000062c      0x11c build/pcint2.o
 .debug_frame   0x00000748      0x1fc build/timer0.o
 .debug_frame   0x00000944      0x28c build/timer1.o
 .debug_frame   0x00000bd0      0x214 build/timer2.o
 .debug_frame   0x00000de4       0x68 build/kbitbang.o
 .debug_frame   0x00000e4c       0x3c build/main.o

.debug_str      0x00000000     0x2a3f
 *(.debug_str)
 .debug_str     0x00000000      0x20b c:/d/ifsc/vscodeleandro/ex/toolchains/avr-gcc/bin/../lib/gcc/avr/12.1.0/../../../../avr/lib/avr5/crtatmega328p.o
 .debug_str     0x0000020b      0xa73 build/adc.o
                                0xb27 (size before relaxing)
 .debug_str     0x00000c7e      0x1b2 build/int0.o
                                0x63c (size before relaxing)
 .debug_str     0x00000e30      0x144 build/int1.o
                                0x63c (size before relaxing)
 .debug_str     0x00000f74      0x260 build/pcint0.o
                                0x6b5 (size before relaxing)
 .debug_str     0x000011d4      0x1e7 build/pcint1.o
                                0x6af (size before relaxing)
 .debug_str     0x000013bb      0x1f5 build/pcint2.o
                                0x6bd (size before relaxing)
 .debug_str     0x000015b0      0x79c build/timer0.o
                                0xc6a (size before relaxing)
 .debug_str     0x00001d4c      0x76d build/timer1.o
                                0xf48 (size before relaxing)
 .debug_str     0x000024b9      0x466 build/timer2.o
                                0xc63 (size before relaxing)
 .debug_str     0x0000291f       0x94 build/kbitbang.o
                                0xd37 (size before relaxing)
 .debug_str     0x000029b3       0x2d build/main.o
                                0xcf6 (size before relaxing)
 .debug_str     0x000029e0       0x5f c:/d/ifsc/vscodeleandro/ex/toolchains/avr-gcc/bin/../lib/gcc/avr/12.1.0/avr5\libgcc.a(_exit.o)
 .debug_str     0x00002a3f       0x5f c:/d/ifsc/vscodeleandro/ex/toolchains/avr-gcc/bin/../lib/gcc/avr/12.1.0/avr5\libgcc.a(_tablejump2.o)
 .debug_str     0x00002a3f       0x5f c:/d/ifsc/vscodeleandro/ex/toolchains/avr-gcc/bin/../lib/gcc/avr/12.1.0/avr5\libgcc.a(_copy_data.o)
 .debug_str     0x00002a3f       0x5f c:/d/ifsc/vscodeleandro/ex/toolchains/avr-gcc/bin/../lib/gcc/avr/12.1.0/avr5\libgcc.a(_clear_bss.o)
 .debug_str     0x00002a3f       0x5f c:/d/ifsc/vscodeleandro/ex/toolchains/avr-gcc/bin/../lib/gcc/avr/12.1.0/avr5\libgcc.a(_ctors.o)
 .debug_str     0x00002a3f       0x5f c:/d/ifsc/vscodeleandro/ex/toolchains/avr-gcc/bin/../lib/gcc/avr/12.1.0/avr5\libgcc.a(_dtors.o)

.debug_loc
 *(.debug_loc)

.debug_macinfo
 *(.debug_macinfo)

.debug_weaknames
 *(.debug_weaknames)

.debug_funcnames
 *(.debug_funcnames)

.debug_typenames
 *(.debug_typenames)

.debug_varnames
 *(.debug_varnames)

.debug_pubtypes
 *(.debug_pubtypes)

.debug_ranges
 *(.debug_ranges)

.debug_addr
 *(.debug_addr)

.debug_line_str
                0x00000000      0x2d5
 *(.debug_line_str)
 .debug_line_str
                0x00000000       0xc7 build/adc.o
                                 0xfd (size before relaxing)
 .debug_line_str
                0x000000c7       0x1c build/int0.o
                                0x101 (size before relaxing)
 .debug_line_str
                0x000000e3       0x1c build/int1.o
                                0x101 (size before relaxing)
 .debug_line_str
                0x000000ff       0x29 build/pcint0.o
                                0x109 (size before relaxing)
 .debug_line_str
                0x00000128       0x29 build/pcint1.o
                                0x109 (size before relaxing)
 .debug_line_str
                0x00000151       0x29 build/pcint2.o
                                0x109 (size before relaxing)
 .debug_line_str
                0x0000017a       0x29 build/timer0.o
                                0x109 (size before relaxing)
 .debug_line_str
                0x000001a3       0x29 build/timer1.o
                                0x109 (size before relaxing)
 .debug_line_str
                0x000001cc       0x29 build/timer2.o
                                0x109 (size before relaxing)
 .debug_line_str
                0x000001f5       0x5d build/kbitbang.o
                                0x136 (size before relaxing)
 .debug_line_str
                0x00000252       0x30 build/main.o
                                0x151 (size before relaxing)
 .debug_line_str
                0x00000282       0x53 c:/d/ifsc/vscodeleandro/ex/toolchains/avr-gcc/bin/../lib/gcc/avr/12.1.0/avr5\libgcc.a(_exit.o)
                                 0x5f (size before relaxing)
 .debug_line_str
                0x000002d5       0x5f c:/d/ifsc/vscodeleandro/ex/toolchains/avr-gcc/bin/../lib/gcc/avr/12.1.0/avr5\libgcc.a(_tablejump2.o)
 .debug_line_str
                0x000002d5       0x5f c:/d/ifsc/vscodeleandro/ex/toolchains/avr-gcc/bin/../lib/gcc/avr/12.1.0/avr5\libgcc.a(_copy_data.o)
 .debug_line_str
                0x000002d5       0x5f c:/d/ifsc/vscodeleandro/ex/toolchains/avr-gcc/bin/../lib/gcc/avr/12.1.0/avr5\libgcc.a(_clear_bss.o)
 .debug_line_str
                0x000002d5       0x5f c:/d/ifsc/vscodeleandro/ex/toolchains/avr-gcc/bin/../lib/gcc/avr/12.1.0/avr5\libgcc.a(_ctors.o)
 .debug_line_str
                0x000002d5       0x5f c:/d/ifsc/vscodeleandro/ex/toolchains/avr-gcc/bin/../lib/gcc/avr/12.1.0/avr5\libgcc.a(_dtors.o)

.debug_loclists
                0x00000000     0x10c0
 *(.debug_loclists)
 .debug_loclists
                0x00000000      0x309 build/adc.o
 .debug_loclists
                0x00000309       0xf8 build/int0.o
 .debug_loclists
                0x00000401      0x10a build/int1.o
 .debug_loclists
                0x0000050b      0x19d build/pcint0.o
 .debug_loclists
                0x000006a8      0x194 build/pcint1.o
 .debug_loclists
                0x0000083c      0x19d build/pcint2.o
 .debug_loclists
                0x000009d9      0x1ea build/timer0.o
 .debug_loclists
                0x00000bc3      0x21a build/timer1.o
 .debug_loclists
                0x00000ddd      0x1ea build/timer2.o
 .debug_loclists
                0x00000fc7       0xaf build/kbitbang.o
 .debug_loclists
                0x00001076       0x4a build/main.o

.debug_macro
 *(.debug_macro)

.debug_names
 *(.debug_names)

.debug_rnglists
                0x00000000      0x3e4
 *(.debug_rnglists)
 .debug_rnglists
                0x00000000       0x9d build/adc.o
 .debug_rnglists
                0x0000009d       0x4f build/int0.o
 .debug_rnglists
                0x000000ec       0x4f build/int1.o
 .debug_rnglists
                0x0000013b       0x55 build/pcint0.o
 .debug_rnglists
                0x00000190       0x55 build/pcint1.o
 .debug_rnglists
                0x000001e5       0x55 build/pcint2.o
 .debug_rnglists
                0x0000023a       0x73 build/timer0.o
 .debug_rnglists
                0x000002ad       0x85 build/timer1.o
 .debug_rnglists
                0x00000332       0x73 build/timer2.o
 .debug_rnglists
                0x000003a5       0x26 build/kbitbang.o
 .debug_rnglists
                0x000003cb       0x19 build/main.o

.debug_str_offsets
 *(.debug_str_offsets)

.debug_sup
 *(.debug_sup)
OUTPUT(build/application.elf elf32-avr)
LOAD linker stubs

Cross Reference Table

Symbol                                            File
_Z10sendstringPc                                  build/kbitbang.o
                                                  build/main.o
_Z21int0InterruptCallbackv                        build/int0.o
_Z21int1InterruptCallbackv                        build/int1.o
_Z22convertToSevenSegments17SevenSegmentsCodeb24SevenSegmentsDisplayType build/sevenSegmentsDisplay.o
_Z22convertToSevenSegmentshb24SevenSegmentsDisplayType build/sevenSegmentsDisplay.o
                                                  build/sevenSegmentsMuxDisplay.o
_Z22timer0CompareACallbackv                       build/timer0.o
_Z22timer0CompareBCallbackv                       build/timer0.o
_Z22timer0OverflowCallbackv                       build/timer0.o
_Z22timer1CompareACallbackv                       build/kbitbang.o
                                                  build/timer1.o
_Z22timer1CompareBCallbackv                       build/timer1.o
_Z22timer1OverflowCallbackv                       build/timer1.o
_Z22timer2CompareACallbackv                       build/timer2.o
_Z22timer2CompareBCallbackv                       build/timer2.o
_Z22timer2OverflowCallbackv                       build/timer2.o
_Z23pcint0InterruptCallbackv                      build/pcint0.o
_Z23pcint1InterruptCallbackv                      build/pcint1.o
_Z23pcint2InterruptCallbackv                      build/pcint2.o
_Z26timer1InputCaptureCallbackv                   build/timer1.o
_Z29adcConversionCompleteCallbackv                build/adc.o
_Z7bitbangh                                       build/kbitbang.o
_Z7getTickv                                       build/hd44780.o
_ZN23SevenSegmentsMuxDisplay13showNextDigitEv     build/sevenSegmentsMuxDisplay.o
_ZN23SevenSegmentsMuxDisplay17updateDigitValuesEPKhPKb build/sevenSegmentsMuxDisplay.o
_ZN23SevenSegmentsMuxDisplay4initENS_6DigitsE24SevenSegmentsDisplayType build/sevenSegmentsMuxDisplay.o
_ZN23SevenSegmentsMuxDisplay8setPortsEPVhS1_h10LogicLevel build/sevenSegmentsMuxDisplay.o
_ZN23SevenSegmentsMuxDisplayC1Ev                  build/sevenSegmentsMuxDisplay.o
_ZN23SevenSegmentsMuxDisplayC2Ev                  build/sevenSegmentsMuxDisplay.o
_ZN23SevenSegmentsMuxDisplayD1Ev                  build/sevenSegmentsMuxDisplay.o
_ZN23SevenSegmentsMuxDisplayD2Ev                  build/sevenSegmentsMuxDisplay.o
_ZN3Adc10setChannelENS_7ChannelE                  build/adc.o
_ZN3Adc12getLastErrorEv                           build/adc.o
_ZN3Adc12setPrescalerENS_9PrescalerE              build/adc.o
_ZN3Adc12setReferenceENS_9ReferenceE              build/adc.o
_ZN3Adc13setDataAdjustENS_10DataAdjustE           build/adc.o
_ZN3Adc15startConversionEv                        build/adc.o
_ZN3Adc17activateInterruptEv                      build/adc.o
_ZN3Adc18enableDigitalInputENS_12DigitalInputE    build/adc.o
_ZN3Adc19deactivateInterruptEv                    build/adc.o
_ZN3Adc19disableDigitalInputENS_12DigitalInputE   build/adc.o
_ZN3Adc21clearInterruptRequestEv                  build/adc.o
_ZN3Adc25waitUntilConversionFinishEv              build/adc.o
_ZN3Adc4initENS_4ModeENS_9ReferenceENS_9PrescalerE build/adc.o
_ZN3Adc6enableEv                                  build/adc.o
_ZN3Adc7disableEv                                 build/adc.o
_ZN3Adc7setModeENS_4ModeE                         build/adc.o
_ZN3AdcC1Ev                                       build/adc.o
_ZN3AdcC2Ev                                       build/adc.o
_ZN3AdcD1Ev                                       build/adc.o
_ZN3AdcD2Ev                                       build/adc.o
_ZN4Int012getLastErrorEv                          build/int0.o
_ZN4Int012setSenseModeENS_9SenseModeE             build/int0.o
_ZN4Int04initENS_9SenseModeE                      build/int0.o
_ZN4Int0C1Ev                                      build/int0.o
_ZN4Int0C2Ev                                      build/int0.o
_ZN4Int0D1Ev                                      build/int0.o
_ZN4Int0D2Ev                                      build/int0.o
_ZN4Int112getLastErrorEv                          build/int1.o
_ZN4Int112setSenseModeENS_9SenseModeE             build/int1.o
_ZN4Int14initENS_9SenseModeE                      build/int1.o
_ZN4Int1C1Ev                                      build/int1.o
_ZN4Int1C2Ev                                      build/int1.o
_ZN4Int1D1Ev                                      build/int1.o
_ZN4Int1D2Ev                                      build/int1.o
_ZN5DebugC1Ev                                     build/debug.o
_ZN5DebugC2Ev                                     build/debug.o
_ZN5DebugD1Ev                                     build/debug.o
_ZN5DebugD2Ev                                     build/debug.o
_ZN6Keypad12setKeyValuesENS_4TypeEz               build/keypad.o
_ZN6Keypad14readKeyPressedEPh                     build/keypad.o
_ZN6Keypad4initEh                                 build/keypad.o
_ZN6Keypad8setPortsEPVhhS1_h                      build/keypad.o
_ZN6KeypadC1Ev                                    build/keypad.o
_ZN6KeypadC2Ev                                    build/keypad.o
_ZN6KeypadD1Ev                                    build/keypad.o
_ZN6KeypadD2Ev                                    build/keypad.o
_ZN6Pcint010enablePinsENS_3PinE                   build/pcint0.o
_ZN6Pcint011disablePinsENS_3PinE                  build/pcint0.o
_ZN6Pcint012getLastErrorEv                        build/pcint0.o
_ZN6Pcint04initENS_3PinE                          build/pcint0.o
_ZN6Pcint0C1Ev                                    build/pcint0.o
_ZN6Pcint0C2Ev                                    build/pcint0.o
_ZN6Pcint0D1Ev                                    build/pcint0.o
_ZN6Pcint0D2Ev                                    build/pcint0.o
_ZN6Pcint110enablePinsENS_3PinE                   build/pcint1.o
_ZN6Pcint111disablePinsENS_3PinE                  build/pcint1.o
_ZN6Pcint112getLastErrorEv                        build/pcint1.o
_ZN6Pcint14initENS_3PinE                          build/pcint1.o
_ZN6Pcint1C1Ev                                    build/pcint1.o
_ZN6Pcint1C2Ev                                    build/pcint1.o
_ZN6Pcint1D1Ev                                    build/pcint1.o
_ZN6Pcint1D2Ev                                    build/pcint1.o
_ZN6Pcint210enablePinsENS_3PinE                   build/pcint2.o
_ZN6Pcint211disablePinsENS_3PinE                  build/pcint2.o
_ZN6Pcint212getLastErrorEv                        build/pcint2.o
_ZN6Pcint24initENS_3PinE                          build/pcint2.o
_ZN6Pcint2C1Ev                                    build/pcint2.o
_ZN6Pcint2C2Ev                                    build/pcint2.o
_ZN6Pcint2D1Ev                                    build/pcint2.o
_ZN6Pcint2D2Ev                                    build/pcint2.o
_ZN6Timer012getLastErrorEv                        build/timer0.o
_ZN6Timer013setOutputModeENS_10OutputModeES0_     build/timer0.o
_ZN6Timer014setClockSourceENS_11ClockSourceE      build/timer0.o
_ZN6Timer04initENS_4ModeENS_11ClockSourceE        build/timer0.o
_ZN6Timer07setModeENS_4ModeE                      build/timer0.o
_ZN6Timer0C1Ev                                    build/timer0.o
_ZN6Timer0C2Ev                                    build/timer0.o
_ZN6Timer0D1Ev                                    build/timer0.o
_ZN6Timer0D2Ev                                    build/timer0.o
_ZN6Timer112getLastErrorEv                        build/timer1.o
_ZN6Timer113setOutputModeENS_10OutputModeES0_     build/timer1.o
_ZN6Timer114setClockSourceENS_11ClockSourceE      build/timer1.o
                                                  build/main.o
_ZN6Timer119setInputCaptureModeE4Edgeb            build/timer1.o
_ZN6Timer14initENS_4ModeENS_11ClockSourceE        build/timer1.o
_ZN6Timer17setModeENS_4ModeE                      build/timer1.o
                                                  build/main.o
_ZN6Timer1C1Ev                                    build/timer1.o
                                                  build/main.o
_ZN6Timer1C2Ev                                    build/timer1.o
_ZN6Timer1D1Ev                                    build/timer1.o
_ZN6Timer1D2Ev                                    build/timer1.o
_ZN6Timer212getLastErrorEv                        build/timer2.o
_ZN6Timer213setOutputModeENS_10OutputModeES0_     build/timer2.o
_ZN6Timer214setClockSourceENS_11ClockSourceE      build/timer2.o
_ZN6Timer24initENS_4ModeENS_11ClockSourceE        build/timer2.o
_ZN6Timer27setModeENS_4ModeE                      build/timer2.o
_ZN6Timer2C1Ev                                    build/timer2.o
_ZN6Timer2C2Ev                                    build/timer2.o
_ZN6Timer2D1Ev                                    build/timer2.o
_ZN6Timer2D2Ev                                    build/timer2.o
_ZN7Hd4478010cursorGoToEhh                        build/hd44780.o
_ZN7Hd4478010cursorHomeEv                         build/hd44780.o
_ZN7Hd4478010cursorMoveE9Direction                build/hd44780.o
_ZN7Hd4478011clearScreenEv                        build/hd44780.o
_ZN7Hd4478011dataPortSetEPVhh                     build/hd44780.o
_ZN7Hd4478012displayShiftE9Direction              build/hd44780.o
_ZN7Hd4478012entryModeSetENS_4StepENS_11DisplayModeE build/hd44780.o
_ZN7Hd4478012getLastErrorEv                       build/hd44780.o
_ZN7Hd4478013_writeCommandEh                      build/hd44780.o
_ZN7Hd4478014controlPortSetEPVhhhh                build/hd44780.o
_ZN7Hd4478015_waitUntilReadyEv                    build/hd44780.o
_ZN7Hd4478015_writeCharacterEhb                   build/hd44780.o
_ZN7Hd4478015displayStateSetENS_12DisplayStateE   build/hd44780.o
_ZN7Hd4478017_functionSet8BitsEh                  build/hd44780.o
_ZN7Hd4478018cursorMoveNextLineEv                 build/hd44780.o
_ZN7Hd4478018customCharacterSetEhPKh              build/hd44780.o
_ZN7Hd4478019cursorMoveFirstLineEv                build/hd44780.o
_ZN7Hd447804initENS_4SizeENS_4FontEbb             build/hd44780.o
_ZN7Hd447805stdioEv                               build/hd44780.o
_ZN7Hd44780C1Ev                                   build/hd44780.o
_ZN7Hd44780C2Ev                                   build/hd44780.o
_ZN7Hd44780D1Ev                                   build/hd44780.o
_ZN7Hd44780D2Ev                                   build/hd44780.o
__FUSE_REGION_LENGTH__                            c:/d/ifsc/vscodeleandro/ex/toolchains/avr-gcc/bin/../lib/gcc/avr/12.1.0/../../../../avr/lib/avr5/crtatmega328p.o
__bad_interrupt                                   c:/d/ifsc/vscodeleandro/ex/toolchains/avr-gcc/bin/../lib/gcc/avr/12.1.0/../../../../avr/lib/avr5/crtatmega328p.o
__brkval                                          c:/d/ifsc/vscodeleandro/ex/toolchains/avr-gcc/bin/../lib/gcc/avr/12.1.0/../../../../avr/lib/avr5\libc.a(malloc.o)
                                                  c:/d/ifsc/vscodeleandro/ex/toolchains/avr-gcc/bin/../lib/gcc/avr/12.1.0/../../../../avr/lib/avr5\libc.a(realloc.o)
__bss_end                                         c:/d/ifsc/vscodeleandro/ex/toolchains/avr-gcc/bin/../lib/gcc/avr/12.1.0/avr5\libgcc.a(_clear_bss.o)
__bss_start                                       c:/d/ifsc/vscodeleandro/ex/toolchains/avr-gcc/bin/../lib/gcc/avr/12.1.0/avr5\libgcc.a(_clear_bss.o)
__ctors_end                                       c:/d/ifsc/vscodeleandro/ex/toolchains/avr-gcc/bin/../lib/gcc/avr/12.1.0/avr5\libgcc.a(_ctors.o)
__ctors_start                                     c:/d/ifsc/vscodeleandro/ex/toolchains/avr-gcc/bin/../lib/gcc/avr/12.1.0/avr5\libgcc.a(_ctors.o)
__data_end                                        c:/d/ifsc/vscodeleandro/ex/toolchains/avr-gcc/bin/../lib/gcc/avr/12.1.0/avr5\libgcc.a(_copy_data.o)
__data_load_start                                 c:/d/ifsc/vscodeleandro/ex/toolchains/avr-gcc/bin/../lib/gcc/avr/12.1.0/avr5\libgcc.a(_copy_data.o)
__data_start                                      c:/d/ifsc/vscodeleandro/ex/toolchains/avr-gcc/bin/../lib/gcc/avr/12.1.0/avr5\libgcc.a(_copy_data.o)
__divmodhi4                                       c:/d/ifsc/vscodeleandro/ex/toolchains/avr-gcc/bin/../lib/gcc/avr/12.1.0/avr5\libgcc.a(_divmodhi4.o)
                                                  build/hd44780.o
__do_clear_bss                                    c:/d/ifsc/vscodeleandro/ex/toolchains/avr-gcc/bin/../lib/gcc/avr/12.1.0/avr5\libgcc.a(_clear_bss.o)
                                                  c:/d/ifsc/vscodeleandro/ex/toolchains/avr-gcc/bin/../lib/gcc/avr/12.1.0/../../../../avr/lib/avr5\libc.a(iob.o)
                                                  c:/d/ifsc/vscodeleandro/ex/toolchains/avr-gcc/bin/../lib/gcc/avr/12.1.0/../../../../avr/lib/avr5\libc.a(malloc.o)
                                                  build/kbitbang.o
                                                  build/debug.o
                                                  build/timer2.o
                                                  build/timer1.o
                                                  build/timer0.o
                                                  build/pcint2.o
                                                  build/pcint1.o
                                                  build/pcint0.o
                                                  build/int1.o
                                                  build/int0.o
                                                  build/adc.o
                                                  build/hd44780.o
__do_copy_data                                    c:/d/ifsc/vscodeleandro/ex/toolchains/avr-gcc/bin/../lib/gcc/avr/12.1.0/avr5\libgcc.a(_copy_data.o)
                                                  c:/d/ifsc/vscodeleandro/ex/toolchains/avr-gcc/bin/../lib/gcc/avr/12.1.0/../../../../avr/lib/avr5\libc.a(malloc.o)
                                                  build/main.o
                                                  build/sevenSegmentsMuxDisplay.o
__do_global_ctors                                 c:/d/ifsc/vscodeleandro/ex/toolchains/avr-gcc/bin/../lib/gcc/avr/12.1.0/avr5\libgcc.a(_ctors.o)
                                                  build/timer2.o
                                                  build/timer1.o
                                                  build/timer0.o
                                                  build/pcint2.o
                                                  build/pcint1.o
                                                  build/pcint0.o
                                                  build/int1.o
                                                  build/int0.o
                                                  build/adc.o
__do_global_dtors                                 c:/d/ifsc/vscodeleandro/ex/toolchains/avr-gcc/bin/../lib/gcc/avr/12.1.0/avr5\libgcc.a(_dtors.o)
                                                  build/timer2.o
                                                  build/timer1.o
                                                  build/timer0.o
                                                  build/pcint2.o
                                                  build/pcint1.o
                                                  build/pcint0.o
                                                  build/int1.o
                                                  build/int0.o
                                                  build/adc.o
__dtors_end                                       c:/d/ifsc/vscodeleandro/ex/toolchains/avr-gcc/bin/../lib/gcc/avr/12.1.0/avr5\libgcc.a(_dtors.o)
__dtors_start                                     c:/d/ifsc/vscodeleandro/ex/toolchains/avr-gcc/bin/../lib/gcc/avr/12.1.0/avr5\libgcc.a(_dtors.o)
__epilogue_restores__                             c:/d/ifsc/vscodeleandro/ex/toolchains/avr-gcc/bin/../lib/gcc/avr/12.1.0/avr5\libgcc.a(_epilogue.o)
                                                  c:/d/ifsc/vscodeleandro/ex/toolchains/avr-gcc/bin/../lib/gcc/avr/12.1.0/../../../../avr/lib/avr5\libc.a(realloc.o)
__flp                                             c:/d/ifsc/vscodeleandro/ex/toolchains/avr-gcc/bin/../lib/gcc/avr/12.1.0/../../../../avr/lib/avr5\libc.a(malloc.o)
                                                  c:/d/ifsc/vscodeleandro/ex/toolchains/avr-gcc/bin/../lib/gcc/avr/12.1.0/../../../../avr/lib/avr5\libc.a(realloc.o)
__heap_end                                        c:/d/ifsc/vscodeleandro/ex/toolchains/avr-gcc/bin/../lib/gcc/avr/12.1.0/../../../../avr/lib/avr5/crtatmega328p.o
                                                  c:/d/ifsc/vscodeleandro/ex/toolchains/avr-gcc/bin/../lib/gcc/avr/12.1.0/../../../../avr/lib/avr5\libc.a(malloc.o)
__heap_start                                      c:/d/ifsc/vscodeleandro/ex/toolchains/avr-gcc/bin/../lib/gcc/avr/12.1.0/../../../../avr/lib/avr5\libc.a(malloc.o)
__init                                            c:/d/ifsc/vscodeleandro/ex/toolchains/avr-gcc/bin/../lib/gcc/avr/12.1.0/../../../../avr/lib/avr5/crtatmega328p.o
__iob                                             c:/d/ifsc/vscodeleandro/ex/toolchains/avr-gcc/bin/../lib/gcc/avr/12.1.0/../../../../avr/lib/avr5\libc.a(iob.o)
                                                  build/hd44780.o
__malloc_heap_end                                 c:/d/ifsc/vscodeleandro/ex/toolchains/avr-gcc/bin/../lib/gcc/avr/12.1.0/../../../../avr/lib/avr5\libc.a(malloc.o)
                                                  c:/d/ifsc/vscodeleandro/ex/toolchains/avr-gcc/bin/../lib/gcc/avr/12.1.0/../../../../avr/lib/avr5\libc.a(realloc.o)
__malloc_heap_start                               c:/d/ifsc/vscodeleandro/ex/toolchains/avr-gcc/bin/../lib/gcc/avr/12.1.0/../../../../avr/lib/avr5\libc.a(malloc.o)
__malloc_margin                                   c:/d/ifsc/vscodeleandro/ex/toolchains/avr-gcc/bin/../lib/gcc/avr/12.1.0/../../../../avr/lib/avr5\libc.a(malloc.o)
                                                  c:/d/ifsc/vscodeleandro/ex/toolchains/avr-gcc/bin/../lib/gcc/avr/12.1.0/../../../../avr/lib/avr5\libc.a(realloc.o)
__prologue_saves__                                c:/d/ifsc/vscodeleandro/ex/toolchains/avr-gcc/bin/../lib/gcc/avr/12.1.0/avr5\libgcc.a(_prologue.o)
                                                  c:/d/ifsc/vscodeleandro/ex/toolchains/avr-gcc/bin/../lib/gcc/avr/12.1.0/../../../../avr/lib/avr5\libc.a(realloc.o)
__stack                                           c:/d/ifsc/vscodeleandro/ex/toolchains/avr-gcc/bin/../lib/gcc/avr/12.1.0/../../../../avr/lib/avr5/crtatmega328p.o
__tablejump2__                                    c:/d/ifsc/vscodeleandro/ex/toolchains/avr-gcc/bin/../lib/gcc/avr/12.1.0/avr5\libgcc.a(_tablejump2.o)
                                                  c:/d/ifsc/vscodeleandro/ex/toolchains/avr-gcc/bin/../lib/gcc/avr/12.1.0/avr5\libgcc.a(_dtors.o)
                                                  c:/d/ifsc/vscodeleandro/ex/toolchains/avr-gcc/bin/../lib/gcc/avr/12.1.0/avr5\libgcc.a(_ctors.o)
                                                  build/sevenSegmentsDisplay.o
__udivmodhi4                                      c:/d/ifsc/vscodeleandro/ex/toolchains/avr-gcc/bin/../lib/gcc/avr/12.1.0/avr5\libgcc.a(_udivmodhi4.o)
                                                  c:/d/ifsc/vscodeleandro/ex/toolchains/avr-gcc/bin/../lib/gcc/avr/12.1.0/avr5\libgcc.a(_divmodhi4.o)
__umulhisi3                                       c:/d/ifsc/vscodeleandro/ex/toolchains/avr-gcc/bin/../lib/gcc/avr/12.1.0/avr5\libgcc.a(_umulhisi3.o)
                                                  build/sevenSegmentsMuxDisplay.o
                                                  build/keypad.o
                                                  build/hd44780.o
__vector_1                                        build/int0.o
                                                  c:/d/ifsc/vscodeleandro/ex/toolchains/avr-gcc/bin/../lib/gcc/avr/12.1.0/../../../../avr/lib/avr5/crtatmega328p.o
__vector_10                                       build/timer1.o
                                                  c:/d/ifsc/vscodeleandro/ex/toolchains/avr-gcc/bin/../lib/gcc/avr/12.1.0/../../../../avr/lib/avr5/crtatmega328p.o
__vector_11                                       build/timer1.o
                                                  c:/d/ifsc/vscodeleandro/ex/toolchains/avr-gcc/bin/../lib/gcc/avr/12.1.0/../../../../avr/lib/avr5/crtatmega328p.o
__vector_12                                       build/timer1.o
                                                  c:/d/ifsc/vscodeleandro/ex/toolchains/avr-gcc/bin/../lib/gcc/avr/12.1.0/../../../../avr/lib/avr5/crtatmega328p.o
__vector_13                                       build/timer1.o
                                                  c:/d/ifsc/vscodeleandro/ex/toolchains/avr-gcc/bin/../lib/gcc/avr/12.1.0/../../../../avr/lib/avr5/crtatmega328p.o
__vector_14                                       build/timer0.o
                                                  c:/d/ifsc/vscodeleandro/ex/toolchains/avr-gcc/bin/../lib/gcc/avr/12.1.0/../../../../avr/lib/avr5/crtatmega328p.o
__vector_15                                       build/timer0.o
                                                  c:/d/ifsc/vscodeleandro/ex/toolchains/avr-gcc/bin/../lib/gcc/avr/12.1.0/../../../../avr/lib/avr5/crtatmega328p.o
__vector_16                                       build/timer0.o
                                                  c:/d/ifsc/vscodeleandro/ex/toolchains/avr-gcc/bin/../lib/gcc/avr/12.1.0/../../../../avr/lib/avr5/crtatmega328p.o
__vector_17                                       c:/d/ifsc/vscodeleandro/ex/toolchains/avr-gcc/bin/../lib/gcc/avr/12.1.0/../../../../avr/lib/avr5/crtatmega328p.o
__vector_18                                       c:/d/ifsc/vscodeleandro/ex/toolchains/avr-gcc/bin/../lib/gcc/avr/12.1.0/../../../../avr/lib/avr5/crtatmega328p.o
__vector_19                                       c:/d/ifsc/vscodeleandro/ex/toolchains/avr-gcc/bin/../lib/gcc/avr/12.1.0/../../../../avr/lib/avr5/crtatmega328p.o
__vector_2                                        build/int1.o
                                                  c:/d/ifsc/vscodeleandro/ex/toolchains/avr-gcc/bin/../lib/gcc/avr/12.1.0/../../../../avr/lib/avr5/crtatmega328p.o
__vector_20                                       c:/d/ifsc/vscodeleandro/ex/toolchains/avr-gcc/bin/../lib/gcc/avr/12.1.0/../../../../avr/lib/avr5/crtatmega328p.o
__vector_21                                       build/adc.o
                                                  c:/d/ifsc/vscodeleandro/ex/toolchains/avr-gcc/bin/../lib/gcc/avr/12.1.0/../../../../avr/lib/avr5/crtatmega328p.o
__vector_22                                       c:/d/ifsc/vscodeleandro/ex/toolchains/avr-gcc/bin/../lib/gcc/avr/12.1.0/../../../../avr/lib/avr5/crtatmega328p.o
__vector_23                                       c:/d/ifsc/vscodeleandro/ex/toolchains/avr-gcc/bin/../lib/gcc/avr/12.1.0/../../../../avr/lib/avr5/crtatmega328p.o
__vector_24                                       c:/d/ifsc/vscodeleandro/ex/toolchains/avr-gcc/bin/../lib/gcc/avr/12.1.0/../../../../avr/lib/avr5/crtatmega328p.o
__vector_25                                       c:/d/ifsc/vscodeleandro/ex/toolchains/avr-gcc/bin/../lib/gcc/avr/12.1.0/../../../../avr/lib/avr5/crtatmega328p.o
__vector_3                                        build/pcint0.o
                                                  c:/d/ifsc/vscodeleandro/ex/toolchains/avr-gcc/bin/../lib/gcc/avr/12.1.0/../../../../avr/lib/avr5/crtatmega328p.o
__vector_4                                        build/pcint1.o
                                                  c:/d/ifsc/vscodeleandro/ex/toolchains/avr-gcc/bin/../lib/gcc/avr/12.1.0/../../../../avr/lib/avr5/crtatmega328p.o
__vector_5                                        build/pcint2.o
                                                  c:/d/ifsc/vscodeleandro/ex/toolchains/avr-gcc/bin/../lib/gcc/avr/12.1.0/../../../../avr/lib/avr5/crtatmega328p.o
__vector_6                                        c:/d/ifsc/vscodeleandro/ex/toolchains/avr-gcc/bin/../lib/gcc/avr/12.1.0/../../../../avr/lib/avr5/crtatmega328p.o
__vector_7                                        build/timer2.o
                                                  c:/d/ifsc/vscodeleandro/ex/toolchains/avr-gcc/bin/../lib/gcc/avr/12.1.0/../../../../avr/lib/avr5/crtatmega328p.o
__vector_8                                        build/timer2.o
                                                  c:/d/ifsc/vscodeleandro/ex/toolchains/avr-gcc/bin/../lib/gcc/avr/12.1.0/../../../../avr/lib/avr5/crtatmega328p.o
__vector_9                                        build/timer2.o
                                                  c:/d/ifsc/vscodeleandro/ex/toolchains/avr-gcc/bin/../lib/gcc/avr/12.1.0/../../../../avr/lib/avr5/crtatmega328p.o
__vector_default                                  c:/d/ifsc/vscodeleandro/ex/toolchains/avr-gcc/bin/../lib/gcc/avr/12.1.0/../../../../avr/lib/avr5/crtatmega328p.o
__vectors                                         c:/d/ifsc/vscodeleandro/ex/toolchains/avr-gcc/bin/../lib/gcc/avr/12.1.0/../../../../avr/lib/avr5/crtatmega328p.o
_div                                              c:/d/ifsc/vscodeleandro/ex/toolchains/avr-gcc/bin/../lib/gcc/avr/12.1.0/avr5\libgcc.a(_divmodhi4.o)
_exit                                             c:/d/ifsc/vscodeleandro/ex/toolchains/avr-gcc/bin/../lib/gcc/avr/12.1.0/avr5\libgcc.a(_exit.o)
adc                                               build/adc.o
debug                                             build/debug.o
defaultDisplay                                    build/hd44780.o
exit                                              c:/d/ifsc/vscodeleandro/ex/toolchains/avr-gcc/bin/../lib/gcc/avr/12.1.0/avr5\libgcc.a(_exit.o)
                                                  c:/d/ifsc/vscodeleandro/ex/toolchains/avr-gcc/bin/../lib/gcc/avr/12.1.0/../../../../avr/lib/avr5/crtatmega328p.o
free                                              c:/d/ifsc/vscodeleandro/ex/toolchains/avr-gcc/bin/../lib/gcc/avr/12.1.0/../../../../avr/lib/avr5\libc.a(malloc.o)
                                                  c:/d/ifsc/vscodeleandro/ex/toolchains/avr-gcc/bin/../lib/gcc/avr/12.1.0/../../../../avr/lib/avr5\libc.a(realloc.o)
                                                  build/keypad.o
int0                                              build/int0.o
int1                                              build/int1.o
lcdStream                                         build/hd44780.o
main                                              build/main.o
                                                  c:/d/ifsc/vscodeleandro/ex/toolchains/avr-gcc/bin/../lib/gcc/avr/12.1.0/../../../../avr/lib/avr5/crtatmega328p.o
malloc                                            c:/d/ifsc/vscodeleandro/ex/toolchains/avr-gcc/bin/../lib/gcc/avr/12.1.0/../../../../avr/lib/avr5\libc.a(malloc.o)
                                                  c:/d/ifsc/vscodeleandro/ex/toolchains/avr-gcc/bin/../lib/gcc/avr/12.1.0/../../../../avr/lib/avr5\libc.a(realloc.o)
memcpy                                            c:/d/ifsc/vscodeleandro/ex/toolchains/avr-gcc/bin/../lib/gcc/avr/12.1.0/../../../../avr/lib/avr5\libc.a(memcpy.o)
                                                  c:/d/ifsc/vscodeleandro/ex/toolchains/avr-gcc/bin/../lib/gcc/avr/12.1.0/../../../../avr/lib/avr5\libc.a(realloc.o)
pcint0                                            build/pcint0.o
pcint1                                            build/pcint1.o
pcint2                                            build/pcint2.o
realloc                                           c:/d/ifsc/vscodeleandro/ex/toolchains/avr-gcc/bin/../lib/gcc/avr/12.1.0/../../../../avr/lib/avr5\libc.a(realloc.o)
                                                  build/keypad.o
timer0                                            build/timer0.o
timer1                                            build/timer1.o
timer1flag                                        build/kbitbang.o
timer2                                            build/timer2.o
