Archive member included to satisfy reference by file (symbol)

d:/ifsc/vscodeleandro/ex/toolchains/avr-gcc/bin/../lib/gcc/avr/12.1.0/avr5\libgcc.a(_divmodhi4.o)
                              build/hd44780.o (__divmodhi4)
d:/ifsc/vscodeleandro/ex/toolchains/avr-gcc/bin/../lib/gcc/avr/12.1.0/avr5\libgcc.a(_exit.o)
                              d:/ifsc/vscodeleandro/ex/toolchains/avr-gcc/bin/../lib/gcc/avr/12.1.0/../../../../avr/lib/avr5/crtatmega328p.o (exit)
d:/ifsc/vscodeleandro/ex/toolchains/avr-gcc/bin/../lib/gcc/avr/12.1.0/avr5\libgcc.a(_tablejump2.o)
                              build/sevenSegmentsDisplay.o (__tablejump2__)
d:/ifsc/vscodeleandro/ex/toolchains/avr-gcc/bin/../lib/gcc/avr/12.1.0/avr5\libgcc.a(_copy_data.o)
                              build/sevenSegmentsMuxDisplay.o (__do_copy_data)
d:/ifsc/vscodeleandro/ex/toolchains/avr-gcc/bin/../lib/gcc/avr/12.1.0/avr5\libgcc.a(_clear_bss.o)
                              build/hd44780.o (__do_clear_bss)
d:/ifsc/vscodeleandro/ex/toolchains/avr-gcc/bin/../lib/gcc/avr/12.1.0/avr5\libgcc.a(_ctors.o)
                              build/adc.o (__do_global_ctors)
d:/ifsc/vscodeleandro/ex/toolchains/avr-gcc/bin/../lib/gcc/avr/12.1.0/avr5\libgcc.a(_dtors.o)
                              build/adc.o (__do_global_dtors)
d:/ifsc/vscodeleandro/ex/toolchains/avr-gcc/bin/../lib/gcc/avr/12.1.0/avr5\libgcc.a(_umulhisi3.o)
                              build/hd44780.o (__umulhisi3)
d:/ifsc/vscodeleandro/ex/toolchains/avr-gcc/bin/../lib/gcc/avr/12.1.0/avr5\libgcc.a(_udivmodhi4.o)
                              d:/ifsc/vscodeleandro/ex/toolchains/avr-gcc/bin/../lib/gcc/avr/12.1.0/avr5\libgcc.a(_divmodhi4.o) (__udivmodhi4)
d:/ifsc/vscodeleandro/ex/toolchains/avr-gcc/bin/../lib/gcc/avr/12.1.0/../../../../avr/lib/avr5\libc.a(malloc.o)
                              build/keypad.o (free)
d:/ifsc/vscodeleandro/ex/toolchains/avr-gcc/bin/../lib/gcc/avr/12.1.0/../../../../avr/lib/avr5\libc.a(realloc.o)
                              build/keypad.o (realloc)
d:/ifsc/vscodeleandro/ex/toolchains/avr-gcc/bin/../lib/gcc/avr/12.1.0/../../../../avr/lib/avr5\libc.a(memcpy.o)
                              d:/ifsc/vscodeleandro/ex/toolchains/avr-gcc/bin/../lib/gcc/avr/12.1.0/../../../../avr/lib/avr5\libc.a(realloc.o) (memcpy)
d:/ifsc/vscodeleandro/ex/toolchains/avr-gcc/bin/../lib/gcc/avr/12.1.0/../../../../avr/lib/avr5\libc.a(iob.o)
                              build/hd44780.o (__iob)
d:/ifsc/vscodeleandro/ex/toolchains/avr-gcc/bin/../lib/gcc/avr/12.1.0/../../../../avr/lib/avr5\libc.a(printf.o)
                              build/main.o (printf)
d:/ifsc/vscodeleandro/ex/toolchains/avr-gcc/bin/../lib/gcc/avr/12.1.0/../../../../avr/lib/avr5\libc.a(puts.o)
                              build/main.o (puts)
d:/ifsc/vscodeleandro/ex/toolchains/avr-gcc/bin/../lib/gcc/avr/12.1.0/../../../../avr/lib/avr5\libc.a(vfprintf_std.o)
                              d:/ifsc/vscodeleandro/ex/toolchains/avr-gcc/bin/../lib/gcc/avr/12.1.0/../../../../avr/lib/avr5\libc.a(printf.o) (vfprintf)
d:/ifsc/vscodeleandro/ex/toolchains/avr-gcc/bin/../lib/gcc/avr/12.1.0/../../../../avr/lib/avr5\libc.a(strnlen_P.o)
                              d:/ifsc/vscodeleandro/ex/toolchains/avr-gcc/bin/../lib/gcc/avr/12.1.0/../../../../avr/lib/avr5\libc.a(vfprintf_std.o) (strnlen_P)
d:/ifsc/vscodeleandro/ex/toolchains/avr-gcc/bin/../lib/gcc/avr/12.1.0/../../../../avr/lib/avr5\libc.a(strnlen.o)
                              d:/ifsc/vscodeleandro/ex/toolchains/avr-gcc/bin/../lib/gcc/avr/12.1.0/../../../../avr/lib/avr5\libc.a(vfprintf_std.o) (strnlen)
d:/ifsc/vscodeleandro/ex/toolchains/avr-gcc/bin/../lib/gcc/avr/12.1.0/../../../../avr/lib/avr5\libc.a(fputc.o)
                              d:/ifsc/vscodeleandro/ex/toolchains/avr-gcc/bin/../lib/gcc/avr/12.1.0/../../../../avr/lib/avr5\libc.a(vfprintf_std.o) (fputc)
d:/ifsc/vscodeleandro/ex/toolchains/avr-gcc/bin/../lib/gcc/avr/12.1.0/../../../../avr/lib/avr5\libc.a(ultoa_invert.o)
                              d:/ifsc/vscodeleandro/ex/toolchains/avr-gcc/bin/../lib/gcc/avr/12.1.0/../../../../avr/lib/avr5\libc.a(vfprintf_std.o) (__ultoa_invert)
d:/ifsc/vscodeleandro/ex/toolchains/avr-gcc/bin/../lib/gcc/avr/12.1.0/avr5\libgcc.a(_prologue.o)
                              d:/ifsc/vscodeleandro/ex/toolchains/avr-gcc/bin/../lib/gcc/avr/12.1.0/../../../../avr/lib/avr5\libc.a(realloc.o) (__prologue_saves__)
d:/ifsc/vscodeleandro/ex/toolchains/avr-gcc/bin/../lib/gcc/avr/12.1.0/avr5\libgcc.a(_epilogue.o)
                              d:/ifsc/vscodeleandro/ex/toolchains/avr-gcc/bin/../lib/gcc/avr/12.1.0/../../../../avr/lib/avr5\libc.a(realloc.o) (__epilogue_restores__)

Discarded input sections

 .data          0x00000000        0x0 d:/ifsc/vscodeleandro/ex/toolchains/avr-gcc/bin/../lib/gcc/avr/12.1.0/../../../../avr/lib/avr5/crtatmega328p.o
 .bss           0x00000000        0x0 d:/ifsc/vscodeleandro/ex/toolchains/avr-gcc/bin/../lib/gcc/avr/12.1.0/../../../../avr/lib/avr5/crtatmega328p.o
[...]
Memory Configuration

Name             Origin             Length             Attributes
text             0x00000000         0x00020000         xr
data             0x00800060         0x0000ffa0         rw !x
eeprom           0x00810000         0x00010000         rw !x
fuse             0x00820000         0x00000003         rw !x
lock             0x00830000         0x00000400         rw !x
signature        0x00840000         0x00000400         rw !x
user_signatures  0x00850000         0x00000400         rw !x
*default*        0x00000000         0xffffffff

Linker script and memory map

Address of section .data set to 0x800100
LOAD d:/ifsc/vscodeleandro/ex/toolchains/avr-gcc/bin/../lib/gcc/avr/12.1.0/../../../../avr/lib/avr5/crtatmega328p.o
LOAD build/hd44780.o
LOAD build/keypad.o
LOAD build/sevenSegmentsDisplay.o
LOAD build/sevenSegmentsMuxDisplay.o
LOAD build/adc.o
LOAD build/timer0.o
LOAD build/timer1.o
LOAD build/timer2.o
LOAD build/debug.o
LOAD build/main.o
LOAD d:/ifsc/vscodeleandro/ex/toolchains/avr-gcc/bin/../lib/gcc/avr/12.1.0/avr5\libgcc.a
LOAD d:/ifsc/vscodeleandro/ex/toolchains/avr-gcc/bin/../lib/gcc/avr/12.1.0/../../../../avr/lib/avr5\libm.a
START GROUP
LOAD d:/ifsc/vscodeleandro/ex/toolchains/avr-gcc/bin/../lib/gcc/avr/12.1.0/avr5\libgcc.a
LOAD d:/ifsc/vscodeleandro/ex/toolchains/avr-gcc/bin/../lib/gcc/avr/12.1.0/../../../../avr/lib/avr5\libm.a
LOAD d:/ifsc/vscodeleandro/ex/toolchains/avr-gcc/bin/../lib/gcc/avr/12.1.0/../../../../avr/lib/avr5\libc.a
LOAD d:/ifsc/vscodeleandro/ex/toolchains/avr-gcc/bin/../lib/gcc/avr/12.1.0/../../../../avr/lib/avr5\libatmega328p.a
END GROUP
                0x00020000                __TEXT_REGION_LENGTH__ = DEFINED (__TEXT_REGION_LENGTH__)?__TEXT_REGION_LENGTH__:0x20000
                0x0000ffa0                __DATA_REGION_LENGTH__ = DEFINED (__DATA_REGION_LENGTH__)?__DATA_REGION_LENGTH__:0xffa0
                0x00010000                __EEPROM_REGION_LENGTH__ = DEFINED (__EEPROM_REGION_LENGTH__)?__EEPROM_REGION_LENGTH__:0x10000
                [0x00000003]                __FUSE_REGION_LENGTH__ = DEFINED (__FUSE_REGION_LENGTH__)?__FUSE_REGION_LENGTH__:0x400
                0x00000400                __LOCK_REGION_LENGTH__ = DEFINED (__LOCK_REGION_LENGTH__)?__LOCK_REGION_LENGTH__:0x400
                0x00000400                __SIGNATURE_REGION_LENGTH__ = DEFINED (__SIGNATURE_REGION_LENGTH__)?__SIGNATURE_REGION_LENGTH__:0x400
                0x00000400                __USER_SIGNATURE_REGION_LENGTH__ = DEFINED (__USER_SIGNATURE_REGION_LENGTH__)?__USER_SIGNATURE_REGION_LENGTH__:0x400

.hash
 *(.hash)

.dynsym
 *(.dynsym)

.dynstr
 *(.dynstr)

.gnu.version
 *(.gnu.version)

.gnu.version_d
 *(.gnu.version_d)

.gnu.version_r
 *(.gnu.version_r)

.rel.init
 *(.rel.init)

.rela.init
 *(.rela.init)

.rel.text
 *(.rel.text)
 *(.rel.text.*)
 *(.rel.gnu.linkonce.t*)

.rela.text
 *(.rela.text)
 *(.rela.text.*)
 *(.rela.gnu.linkonce.t*)

.rel.fini
 *(.rel.fini)

.rela.fini
 *(.rela.fini)

.rel.rodata
 *(.rel.rodata)
 *(.rel.rodata.*)
 *(.rel.gnu.linkonce.r*)

.rela.rodata
 *(.rela.rodata)
 *(.rela.rodata.*)
 *(.rela.gnu.linkonce.r*)

.rel.data
 *(.rel.data)
 *(.rel.data.*)
 *(.rel.gnu.linkonce.d*)

.rela.data
 *(.rela.data)
 *(.rela.data.*)
 *(.rela.gnu.linkonce.d*)

.rel.ctors
 *(.rel.ctors)

.rela.ctors
 *(.rela.ctors)

.rel.dtors
 *(.rel.dtors)

.rela.dtors
 *(.rela.dtors)

.rel.got
 *(.rel.got)

.rela.got
 *(.rela.got)

.rel.bss
 *(.rel.bss)

.rela.bss
 *(.rela.bss)

.rel.plt
 *(.rel.plt)

.rela.plt
 *(.rela.plt)

.text           0x00000000     0x1d72
 *(.vectors)
 .vectors       0x00000000       0x68 d:/ifsc/vscodeleandro/ex/toolchains/avr-gcc/bin/../lib/gcc/avr/12.1.0/../../../../avr/lib/avr5/crtatmega328p.o
                0x00000000                __vector_default
                0x00000000                __vectors
 *(.vectors)
 *(.progmem.gcc*)
                0x00000068                . = ALIGN (0x2)
                0x00000068                __trampolines_start = .
 *(.trampolines)
 .trampolines   0x00000068        0x0 linker stubs
 *(.trampolines*)
                0x00000068                __trampolines_end = .
 *libprintf_flt.a:*(.progmem.data)
 *libc.a:*(.progmem.data)
 *(.progmem.*)
                0x00000068                . = ALIGN (0x2)
 *(.lowtext)
 *(.lowtext*)
                0x00000068                __ctors_start = .
 *(.ctors)
 .ctors         0x00000068        0x2 build/adc.o
 .ctors         0x0000006a        0x2 build/timer0.o
 .ctors         0x0000006c        0x2 build/timer1.o
 .ctors         0x0000006e        0x2 build/timer2.o
 .ctors         0x00000070        0x2 build/main.o
                0x00000072                __ctors_end = .
                0x00000072                __dtors_start = .
 *(.dtors)
 .dtors         0x00000072        0x2 build/adc.o
 .dtors         0x00000074        0x2 build/timer0.o
 .dtors         0x00000076        0x2 build/timer1.o
 .dtors         0x00000078        0x2 build/timer2.o
 .dtors         0x0000007a        0x2 build/main.o
                0x0000007c                __dtors_end = .
 SORT_BY_NAME(*)(.ctors)
 SORT_BY_NAME(*)(.dtors)
 *(.init0)
 .init0         0x0000007c        0x0 d:/ifsc/vscodeleandro/ex/toolchains/avr-gcc/bin/../lib/gcc/avr/12.1.0/../../../../avr/lib/avr5/crtatmega328p.o
                0x0000007c                __init
 *(.init0)
 *(.init1)
 *(.init1)
 *(.init2)
 .init2         0x0000007c        0xc d:/ifsc/vscodeleandro/ex/toolchains/avr-gcc/bin/../lib/gcc/avr/12.1.0/../../../../avr/lib/avr5/crtatmega328p.o
 *(.init2)
 *(.init3)
 *(.init3)
 *(.init4)
 .init4         0x00000088       0x16 d:/ifsc/vscodeleandro/ex/toolchains/avr-gcc/bin/../lib/gcc/avr/12.1.0/avr5\libgcc.a(_copy_data.o)
                0x00000088                __do_copy_data
 .init4         0x0000009e       0x10 d:/ifsc/vscodeleandro/ex/toolchains/avr-gcc/bin/../lib/gcc/avr/12.1.0/avr5\libgcc.a(_clear_bss.o)
                0x0000009e                __do_clear_bss
 *(.init4)
 *(.init5)
 *(.init5)
 *(.init6)
 .init6         0x000000ae       0x16 d:/ifsc/vscodeleandro/ex/toolchains/avr-gcc/bin/../lib/gcc/avr/12.1.0/avr5\libgcc.a(_ctors.o)
                0x000000ae                __do_global_ctors
 *(.init6)
 *(.init7)
 *(.init7)
 *(.init8)
 *(.init8)
 *(.init9)
 .init9         0x000000c4        0x8 d:/ifsc/vscodeleandro/ex/toolchains/avr-gcc/bin/../lib/gcc/avr/12.1.0/../../../../avr/lib/avr5/crtatmega328p.o
 *(.init9)
 *(.text)
 .text          0x000000cc        0x4 d:/ifsc/vscodeleandro/ex/toolchains/avr-gcc/bin/../lib/gcc/avr/12.1.0/../../../../avr/lib/avr5/crtatmega328p.o
                0x000000cc                __vector_22
                0x000000cc                __vector_24
                0x000000cc                __bad_interrupt
                0x000000cc                __vector_6
                0x000000cc                __vector_3
                0x000000cc                __vector_23
                0x000000cc                __vector_25
                0x000000cc                __vector_17
                0x000000cc                __vector_19
                0x000000cc                __vector_5
                0x000000cc                __vector_4
                0x000000cc                __vector_2
                0x000000cc                __vector_18
                0x000000cc                __vector_20
                0x000000d0                . = ALIGN (0x2)
 *(.text.*)
 .text._ZN7Hd44780C2Ev
                0x000000d0       0xb2 build/hd44780.o
                0x000000d0                _ZN7Hd44780C1Ev
                0x000000d0                _ZN7Hd44780C2Ev
 .text._ZN7Hd44780D2Ev
                0x00000182        0x2 build/hd44780.o
                0x00000182                _ZN7Hd44780D2Ev
                0x00000182                _ZN7Hd44780D1Ev
 .text._ZN7Hd4478014controlPortSetEPVhhhh
                0x00000184       0xce build/hd44780.o
                0x00000184                _ZN7Hd4478014controlPortSetEPVhhhh
 .text._ZN7Hd4478011dataPortSetEPVhh
                0x00000252       0x6e build/hd44780.o
                0x00000252                _ZN7Hd4478011dataPortSetEPVhh
 .text._ZN7Hd447805stdioEv
                0x000002c0       0x30 build/hd44780.o
                0x000002c0                _ZN7Hd447805stdioEv
 .text._ZN7Hd4478017_functionSet8BitsEh
                0x000002f0      0x120 build/hd44780.o
                0x000002f0                _ZN7Hd4478017_functionSet8BitsEh
 .text._ZN7Hd4478015_waitUntilReadyEv
                0x00000410      0x206 build/hd44780.o
                0x00000410                _ZN7Hd4478015_waitUntilReadyEv
 .text._ZN7Hd4478013_writeCommandEh
                0x00000616      0x1d6 build/hd44780.o
                0x00000616                _ZN7Hd4478013_writeCommandEh
 .text._ZN7Hd447804initENS_4SizeENS_4FontEbb
                0x000007ec      0x2ee build/hd44780.o
                0x000007ec                _ZN7Hd447804initENS_4SizeENS_4FontEbb
 .text._ZN7Hd4478011clearScreenEv
                0x00000ada       0x30 build/hd44780.o
                0x00000ada                _ZN7Hd4478011clearScreenEv
 .text._ZN7Hd4478010cursorGoToEhh
                0x00000b0a      0x15a build/hd44780.o
                0x00000b0a                _ZN7Hd4478010cursorGoToEhh
 .text._ZN7Hd4478018cursorMoveNextLineEv
                0x00000c64       0x48 build/hd44780.o
                0x00000c64                _ZN7Hd4478018cursorMoveNextLineEv
 .text._ZN7Hd4478015_writeCharacterEhb
                0x00000cac      0x1de build/hd44780.o
                0x00000cac                _ZN7Hd4478015_writeCharacterEhb
 .text._ZL11lcdWriteStdcP6__file
                0x00000e8a       0x66 build/hd44780.o
 .text._ZN3AdcC2Ev
                0x00000ef0       0x2c build/adc.o
                0x00000ef0                _ZN3AdcC1Ev
                0x00000ef0                _ZN3AdcC2Ev
 .text._Z41__static_initialization_and_destruction_0ii
                0x00000f1c       0x1a build/adc.o
 .text._Z29adcConversionCompleteCallbackv
                0x00000f36        0x2 build/adc.o
                0x00000f36                _Z29adcConversionCompleteCallbackv
 .text.__vector_21
                0x00000f38       0x48 build/adc.o
                0x00000f38                __vector_21
 .text._GLOBAL__sub_I_adc
                0x00000f80        0xe build/adc.o
 .text._GLOBAL__sub_D_adc
                0x00000f8e        0xe build/adc.o
 .text._ZN6Timer0C2Ev
                0x00000f9c       0x14 build/timer0.o
                0x00000f9c                _ZN6Timer0C2Ev
                0x00000f9c                _ZN6Timer0C1Ev
 .text._Z41__static_initialization_and_destruction_0ii
                0x00000fb0       0x1a build/timer0.o
 .text._Z22timer0CompareACallbackv
                0x00000fca        0x2 build/timer0.o
                0x00000fca                _Z22timer0CompareACallbackv
 .text._Z22timer0CompareBCallbackv
                0x00000fcc        0x2 build/timer0.o
                0x00000fcc                _Z22timer0CompareBCallbackv
 .text._Z22timer0OverflowCallbackv
                0x00000fce        0x2 build/timer0.o
                0x00000fce                _Z22timer0OverflowCallbackv
 .text.__vector_14
                0x00000fd0       0x48 build/timer0.o
                0x00000fd0                __vector_14
 .text.__vector_15
                0x00001018       0x48 build/timer0.o
                0x00001018                __vector_15
 .text.__vector_16
                0x00001060       0x48 build/timer0.o
                0x00001060                __vector_16
 .text._GLOBAL__sub_I_timer0
                0x000010a8        0xe build/timer0.o
 .text._GLOBAL__sub_D_timer0
                0x000010b6        0xe build/timer0.o
 .text._ZN6Timer1C2Ev
                0x000010c4       0x14 build/timer1.o
                0x000010c4                _ZN6Timer1C1Ev
                0x000010c4                _ZN6Timer1C2Ev
 .text._Z41__static_initialization_and_destruction_0ii
                0x000010d8       0x1a build/timer1.o
 .text._ZN6Timer17setModeENS_4ModeE
                0x000010f2       0x46 build/timer1.o
                0x000010f2                _ZN6Timer17setModeENS_4ModeE
 .text._ZN6Timer114setClockSourceENS_11ClockSourceE
                0x00001138       0x1a build/timer1.o
                0x00001138                _ZN6Timer114setClockSourceENS_11ClockSourceE
 .text._Z22timer1CompareACallbackv
                0x00001152        0x2 build/timer1.o
                0x00001152                _Z22timer1CompareACallbackv
 .text._Z22timer1CompareBCallbackv
                0x00001154        0x2 build/timer1.o
                0x00001154                _Z22timer1CompareBCallbackv
 .text._Z26timer1InputCaptureCallbackv
                0x00001156        0x2 build/timer1.o
                0x00001156                _Z26timer1InputCaptureCallbackv
 .text.__vector_11
                0x00001158       0x48 build/timer1.o
                0x00001158                __vector_11
 .text.__vector_12
                0x000011a0       0x48 build/timer1.o
                0x000011a0                __vector_12
 .text.__vector_10
                0x000011e8       0x48 build/timer1.o
                0x000011e8                __vector_10
 .text.__vector_13
                0x00001230       0x48 build/timer1.o
                0x00001230                __vector_13
 .text._GLOBAL__sub_I_timer1
                0x00001278        0xe build/timer1.o
 .text._GLOBAL__sub_D_timer1
                0x00001286        0xe build/timer1.o
 .text._ZN6Timer2C2Ev
                0x00001294       0x14 build/timer2.o
                0x00001294                _ZN6Timer2C2Ev
                0x00001294                _ZN6Timer2C1Ev
 .text._Z41__static_initialization_and_destruction_0ii
                0x000012a8       0x1a build/timer2.o
 .text._Z22timer2CompareACallbackv
                0x000012c2        0x2 build/timer2.o
                0x000012c2                _Z22timer2CompareACallbackv
 .text._Z22timer2CompareBCallbackv
                0x000012c4        0x2 build/timer2.o
                0x000012c4                _Z22timer2CompareBCallbackv
 .text._Z22timer2OverflowCallbackv
                0x000012c6        0x2 build/timer2.o
                0x000012c6                _Z22timer2OverflowCallbackv
 .text.__vector_7
                0x000012c8       0x48 build/timer2.o
                0x000012c8                __vector_7
 .text.__vector_8
                0x00001310       0x48 build/timer2.o
                0x00001310                __vector_8
 .text.__vector_9
                0x00001358       0x48 build/timer2.o
                0x00001358                __vector_9
 .text._GLOBAL__sub_I_timer2
                0x000013a0        0xe build/timer2.o
 .text._GLOBAL__sub_D_timer2
                0x000013ae        0xe build/timer2.o
 .text._Z41__static_initialization_and_destruction_0ii
                0x000013bc       0x44 build/main.o
 .text.__vector_1
                0x00001400       0x78 build/main.o
                0x00001400                __vector_1
 .text._Z22timer1OverflowCallbackv
                0x00001478       0x1a build/main.o
                0x00001478                _Z22timer1OverflowCallbackv
 .text._Z14stopWatchStartv
                0x00001492       0x1e build/main.o
                0x00001492                _Z14stopWatchStartv
 .text._Z13stopWatchStopv
                0x000014b0        0xc build/main.o
                0x000014b0                _Z13stopWatchStopv
 .text._Z16stopWatchGetTimev
                0x000014bc       0x58 build/main.o
                0x000014bc                _Z16stopWatchGetTimev
 .text.main     0x00001514      0x172 build/main.o
                0x00001514                main
 .text._GLOBAL__sub_I_lcd
                0x00001686        0xe build/main.o
 .text._GLOBAL__sub_D_lcd
                0x00001694        0xe build/main.o
 .text.libgcc.div
                0x000016a2       0x28 d:/ifsc/vscodeleandro/ex/toolchains/avr-gcc/bin/../lib/gcc/avr/12.1.0/avr5\libgcc.a(_divmodhi4.o)
                0x000016a2                _div
                0x000016a2                __divmodhi4
 .text.libgcc   0x000016ca        0xc d:/ifsc/vscodeleandro/ex/toolchains/avr-gcc/bin/../lib/gcc/avr/12.1.0/avr5\libgcc.a(_tablejump2.o)
                0x000016ca                __tablejump2__
 .text.libgcc.mul
                0x000016d6       0x1e d:/ifsc/vscodeleandro/ex/toolchains/avr-gcc/bin/../lib/gcc/avr/12.1.0/avr5\libgcc.a(_umulhisi3.o)
                0x000016d6                __umulhisi3
 .text.libgcc.div
                0x000016f4       0x28 d:/ifsc/vscodeleandro/ex/toolchains/avr-gcc/bin/../lib/gcc/avr/12.1.0/avr5\libgcc.a(_udivmodhi4.o)
                0x000016f4                __udivmodhi4
 .text.avr-libc
                0x0000171c       0x2c d:/ifsc/vscodeleandro/ex/toolchains/avr-gcc/bin/../lib/gcc/avr/12.1.0/../../../../avr/lib/avr5\libc.a(printf.o)
                0x0000171c                printf
 .text.avr-libc
                0x00001748       0x58 d:/ifsc/vscodeleandro/ex/toolchains/avr-gcc/bin/../lib/gcc/avr/12.1.0/../../../../avr/lib/avr5\libc.a(puts.o)
                0x00001748                puts
 .text.avr-libc
                0x000017a0      0x402 d:/ifsc/vscodeleandro/ex/toolchains/avr-gcc/bin/../lib/gcc/avr/12.1.0/../../../../avr/lib/avr5\libc.a(vfprintf_std.o)
                0x000017a0                vfprintf
 .text.avr-libc
                0x00001ba2       0x16 d:/ifsc/vscodeleandro/ex/toolchains/avr-gcc/bin/../lib/gcc/avr/12.1.0/../../../../avr/lib/avr5\libc.a(strnlen_P.o)
                0x00001ba2                strnlen_P
 .text.avr-libc
                0x00001bb8       0x16 d:/ifsc/vscodeleandro/ex/toolchains/avr-gcc/bin/../lib/gcc/avr/12.1.0/../../../../avr/lib/avr5\libc.a(strnlen.o)
                0x00001bb8                strnlen
 .text.avr-libc
                0x00001bce       0x60 d:/ifsc/vscodeleandro/ex/toolchains/avr-gcc/bin/../lib/gcc/avr/12.1.0/../../../../avr/lib/avr5\libc.a(fputc.o)
                0x00001bce                fputc
 .text.avr-libc
                0x00001c2e       0xbc d:/ifsc/vscodeleandro/ex/toolchains/avr-gcc/bin/../lib/gcc/avr/12.1.0/../../../../avr/lib/avr5\libc.a(ultoa_invert.o)
                0x00001c2e                __ultoa_invert
 .text.libgcc.prologue
                0x00001cea       0x38 d:/ifsc/vscodeleandro/ex/toolchains/avr-gcc/bin/../lib/gcc/avr/12.1.0/avr5\libgcc.a(_prologue.o)
                0x00001cea                __prologue_saves__
 .text.libgcc.prologue
                0x00001d22       0x36 d:/ifsc/vscodeleandro/ex/toolchains/avr-gcc/bin/../lib/gcc/avr/12.1.0/avr5\libgcc.a(_epilogue.o)
                0x00001d22                __epilogue_restores__
                0x00001d58                . = ALIGN (0x2)
 *(.fini9)
 .fini9         0x00001d58        0x0 d:/ifsc/vscodeleandro/ex/toolchains/avr-gcc/bin/../lib/gcc/avr/12.1.0/avr5\libgcc.a(_exit.o)
                0x00001d58                _exit
                0x00001d58                exit
 *(.fini9)
 *(.fini8)
 *(.fini8)
 *(.fini7)
 *(.fini7)
 *(.fini6)
 .fini6         0x00001d58       0x16 d:/ifsc/vscodeleandro/ex/toolchains/avr-gcc/bin/../lib/gcc/avr/12.1.0/avr5\libgcc.a(_dtors.o)
                0x00001d58                __do_global_dtors
 *(.fini6)
 *(.fini5)
 *(.fini5)
 *(.fini4)
 *(.fini4)
 *(.fini3)
 *(.fini3)
 *(.fini2)
 *(.fini2)
 *(.fini1)
 *(.fini1)
 *(.fini0)
 .fini0         0x00001d6e        0x4 d:/ifsc/vscodeleandro/ex/toolchains/avr-gcc/bin/../lib/gcc/avr/12.1.0/avr5\libgcc.a(_exit.o)
 *(.fini0)
 *(.hightext)
 *(.hightext*)
 *(.progmemx.*)
                0x00001d72                . = ALIGN (0x2)
 *(.jumptables)
 *(.jumptables*)
                0x00001d72                _etext = .

.data           0x00800100       0x5e load address 0x00001d72
                0x00800100                PROVIDE (__data_start = .)
 *(.data)
 *(.data*)
 *(.gnu.linkonce.d*)
 *(.rodata)
 *(.rodata*)
 .rodata.__vector_1.str1.1
                0x00800100       0x14 build/main.o
 .rodata.main.str1.1
                0x00800114       0x4a build/main.o
 *(.gnu.linkonce.r*)
                0x0080015e                . = ALIGN (0x2)
                0x0080015e                _edata = .
                0x0080015e                PROVIDE (__data_end = .)

.bss            0x0080015e       0x42
                0x0080015e                PROVIDE (__bss_start = .)
 *(.bss)
 .bss           0x0080015e        0x6 d:/ifsc/vscodeleandro/ex/toolchains/avr-gcc/bin/../lib/gcc/avr/12.1.0/../../../../avr/lib/avr5\libc.a(iob.o)
                0x0080015e                __iob
 *(.bss*)
 .bss.defaultDisplay
                0x00800164        0x2 build/hd44780.o
                0x00800164                defaultDisplay
 .bss.lcdStream
                0x00800166        0xe build/hd44780.o
                0x00800166                lcdStream
 .bss.adc       0x00800174        0x9 build/adc.o
                0x00800174                adc
 .bss.timer0    0x0080017d        0x5 build/timer0.o
                0x0080017d                timer0
 .bss.timer1    0x00800182        0x5 build/timer1.o
                0x00800182                timer1
 .bss.timer2    0x00800187        0x5 build/timer2.o
                0x00800187                timer2
 .bss.nOvf      0x0080018c        0x1 build/main.o
                0x0080018c                nOvf
 .bss.num       0x0080018d        0x1 build/main.o
                0x0080018d                num
 .bss.lcd       0x0080018e       0x12 build/main.o
                0x0080018e                lcd
 *(COMMON)
                0x008001a0                PROVIDE (__bss_end = .)
                0x00001d72                __data_load_start = LOADADDR (.data)
                0x00001dd0                __data_load_end = (__data_load_start + SIZEOF (.data))

.noinit         0x008001a0        0x0
                [!provide]                PROVIDE (__noinit_start = .)
 *(.noinit .noinit.* .gnu.linkonce.n.*)
                [!provide]                PROVIDE (__noinit_end = .)
                0x008001a0                _end = .
                0x008001a0                PROVIDE (__heap_start = .)

.eeprom         0x00810000        0x0
 *(.eeprom*)
                0x00810000                __eeprom_end = .

.fuse
 *(.fuse)
 *(.lfuse)
 *(.hfuse)
 *(.efuse)

.lock
 *(.lock*)

.signature
 *(.signature*)

.stab
 *(.stab)

.stabstr
 *(.stabstr)

.stab.excl
 *(.stab.excl)

.stab.exclstr
 *(.stab.exclstr)

.stab.index
 *(.stab.index)

.stab.indexstr
 *(.stab.indexstr)

.comment        0x00000000       0x12
 *(.comment)
 .comment       0x00000000       0x12 build/hd44780.o
                                 0x13 (size before relaxing)
 .comment       0x00000012       0x13 build/adc.o
 .comment       0x00000012       0x13 build/timer0.o
 .comment       0x00000012       0x13 build/timer1.o
 .comment       0x00000012       0x13 build/timer2.o
 .comment       0x00000012       0x13 build/main.o
 .comment       0x00000012       0x13 d:/ifsc/vscodeleandro/ex/toolchains/avr-gcc/bin/../lib/gcc/avr/12.1.0/../../../../avr/lib/avr5\libc.a(iob.o)
 .comment       0x00000012       0x13 d:/ifsc/vscodeleandro/ex/toolchains/avr-gcc/bin/../lib/gcc/avr/12.1.0/../../../../avr/lib/avr5\libc.a(printf.o)
 .comment       0x00000012       0x13 d:/ifsc/vscodeleandro/ex/toolchains/avr-gcc/bin/../lib/gcc/avr/12.1.0/../../../../avr/lib/avr5\libc.a(puts.o)
 .comment       0x00000012       0x13 d:/ifsc/vscodeleandro/ex/toolchains/avr-gcc/bin/../lib/gcc/avr/12.1.0/../../../../avr/lib/avr5\libc.a(vfprintf_std.o)
 .comment       0x00000012       0x13 d:/ifsc/vscodeleandro/ex/toolchains/avr-gcc/bin/../lib/gcc/avr/12.1.0/../../../../avr/lib/avr5\libc.a(fputc.o)

.note.gnu.avr.deviceinfo
                0x00000000       0x40
 .note.gnu.avr.deviceinfo
                0x00000000       0x40 d:/ifsc/vscodeleandro/ex/toolchains/avr-gcc/bin/../lib/gcc/avr/12.1.0/../../../../avr/lib/avr5/crtatmega328p.o

.note.gnu.build-id
 *(.note.gnu.build-id)

.debug
 *(.debug)

.line
 *(.line)

.debug_srcinfo
 *(.debug_srcinfo)

.debug_sfnames
 *(.debug_sfnames)

.debug_aranges  0x00000000      0x568
 *(.debug_aranges)
 .debug_aranges
                0x00000000       0xd0 build/hd44780.o
 .debug_aranges
                0x000000d0       0xd8 build/adc.o
 .debug_aranges
                0x000001a8       0xa0 build/timer0.o
 .debug_aranges
                0x00000248       0xb8 build/timer1.o
 .debug_aranges
                0x00000300       0xa0 build/timer2.o
 .debug_aranges
                0x000003a0       0x68 build/main.o
 .debug_aranges
                0x00000408       0x20 d:/ifsc/vscodeleandro/ex/toolchains/avr-gcc/bin/../lib/gcc/avr/12.1.0/avr5\libgcc.a(_divmodhi4.o)
 .debug_aranges
                0x00000428       0x20 d:/ifsc/vscodeleandro/ex/toolchains/avr-gcc/bin/../lib/gcc/avr/12.1.0/avr5\libgcc.a(_exit.o)
 .debug_aranges
                0x00000448       0x20 d:/ifsc/vscodeleandro/ex/toolchains/avr-gcc/bin/../lib/gcc/avr/12.1.0/avr5\libgcc.a(_tablejump2.o)
 .debug_aranges
                0x00000468       0x20 d:/ifsc/vscodeleandro/ex/toolchains/avr-gcc/bin/../lib/gcc/avr/12.1.0/avr5\libgcc.a(_copy_data.o)
 .debug_aranges
                0x00000488       0x20 d:/ifsc/vscodeleandro/ex/toolchains/avr-gcc/bin/../lib/gcc/avr/12.1.0/avr5\libgcc.a(_clear_bss.o)
 .debug_aranges
                0x000004a8       0x20 d:/ifsc/vscodeleandro/ex/toolchains/avr-gcc/bin/../lib/gcc/avr/12.1.0/avr5\libgcc.a(_ctors.o)
 .debug_aranges
                0x000004c8       0x20 d:/ifsc/vscodeleandro/ex/toolchains/avr-gcc/bin/../lib/gcc/avr/12.1.0/avr5\libgcc.a(_dtors.o)
 .debug_aranges
                0x000004e8       0x20 d:/ifsc/vscodeleandro/ex/toolchains/avr-gcc/bin/../lib/gcc/avr/12.1.0/avr5\libgcc.a(_umulhisi3.o)
 .debug_aranges
                0x00000508       0x20 d:/ifsc/vscodeleandro/ex/toolchains/avr-gcc/bin/../lib/gcc/avr/12.1.0/avr5\libgcc.a(_udivmodhi4.o)
 .debug_aranges
                0x00000528       0x20 d:/ifsc/vscodeleandro/ex/toolchains/avr-gcc/bin/../lib/gcc/avr/12.1.0/avr5\libgcc.a(_prologue.o)
 .debug_aranges
                0x00000548       0x20 d:/ifsc/vscodeleandro/ex/toolchains/avr-gcc/bin/../lib/gcc/avr/12.1.0/avr5\libgcc.a(_epilogue.o)

.debug_pubnames
 *(.debug_pubnames)

.debug_info     0x00000000     0x5b34
 *(.debug_info .gnu.linkonce.wi.*)
 .debug_info    0x00000000      0x5f4 d:/ifsc/vscodeleandro/ex/toolchains/avr-gcc/bin/../lib/gcc/avr/12.1.0/../../../../avr/lib/avr5/crtatmega328p.o
 .debug_info    0x000005f4     0x18e8 build/hd44780.o
 .debug_info    0x00001edc      0xb96 build/adc.o
 .debug_info    0x00002a72      0x937 build/timer0.o
 .debug_info    0x000033a9      0xae3 build/timer1.o
 .debug_info    0x00003e8c      0x937 build/timer2.o
 .debug_info    0x000047c3     0x11e5 build/main.o
 .debug_info    0x000059a8       0x24 d:/ifsc/vscodeleandro/ex/toolchains/avr-gcc/bin/../lib/gcc/avr/12.1.0/avr5\libgcc.a(_divmodhi4.o)
 .debug_info    0x000059cc       0x24 d:/ifsc/vscodeleandro/ex/toolchains/avr-gcc/bin/../lib/gcc/avr/12.1.0/avr5\libgcc.a(_exit.o)
 .debug_info    0x000059f0       0x24 d:/ifsc/vscodeleandro/ex/toolchains/avr-gcc/bin/../lib/gcc/avr/12.1.0/avr5\libgcc.a(_tablejump2.o)
 .debug_info    0x00005a14       0x24 d:/ifsc/vscodeleandro/ex/toolchains/avr-gcc/bin/../lib/gcc/avr/12.1.0/avr5\libgcc.a(_copy_data.o)
 .debug_info    0x00005a38       0x24 d:/ifsc/vscodeleandro/ex/toolchains/avr-gcc/bin/../lib/gcc/avr/12.1.0/avr5\libgcc.a(_clear_bss.o)
 .debug_info    0x00005a5c       0x24 d:/ifsc/vscodeleandro/ex/toolchains/avr-gcc/bin/../lib/gcc/avr/12.1.0/avr5\libgcc.a(_ctors.o)
 .debug_info    0x00005a80       0x24 d:/ifsc/vscodeleandro/ex/toolchains/avr-gcc/bin/../lib/gcc/avr/12.1.0/avr5\libgcc.a(_dtors.o)
 .debug_info    0x00005aa4       0x24 d:/ifsc/vscodeleandro/ex/toolchains/avr-gcc/bin/../lib/gcc/avr/12.1.0/avr5\libgcc.a(_umulhisi3.o)
 .debug_info    0x00005ac8       0x24 d:/ifsc/vscodeleandro/ex/toolchains/avr-gcc/bin/../lib/gcc/avr/12.1.0/avr5\libgcc.a(_udivmodhi4.o)
 .debug_info    0x00005aec       0x24 d:/ifsc/vscodeleandro/ex/toolchains/avr-gcc/bin/../lib/gcc/avr/12.1.0/avr5\libgcc.a(_prologue.o)
 .debug_info    0x00005b10       0x24 d:/ifsc/vscodeleandro/ex/toolchains/avr-gcc/bin/../lib/gcc/avr/12.1.0/avr5\libgcc.a(_epilogue.o)

.debug_abbrev   0x00000000     0x1b45
 *(.debug_abbrev)
 .debug_abbrev  0x00000000      0x5a2 d:/ifsc/vscodeleandro/ex/toolchains/avr-gcc/bin/../lib/gcc/avr/12.1.0/../../../../avr/lib/avr5/crtatmega328p.o
 .debug_abbrev  0x000005a2      0x46c build/hd44780.o
 .debug_abbrev  0x00000a0e      0x318 build/adc.o
 .debug_abbrev  0x00000d26      0x2f4 build/timer0.o
 .debug_abbrev  0x0000101a      0x2df build/timer1.o
 .debug_abbrev  0x000012f9      0x2f4 build/timer2.o
 .debug_abbrev  0x000015ed      0x47c build/main.o
 .debug_abbrev  0x00001a69       0x14 d:/ifsc/vscodeleandro/ex/toolchains/avr-gcc/bin/../lib/gcc/avr/12.1.0/avr5\libgcc.a(_divmodhi4.o)
 .debug_abbrev  0x00001a7d       0x14 d:/ifsc/vscodeleandro/ex/toolchains/avr-gcc/bin/../lib/gcc/avr/12.1.0/avr5\libgcc.a(_exit.o)
 .debug_abbrev  0x00001a91       0x14 d:/ifsc/vscodeleandro/ex/toolchains/avr-gcc/bin/../lib/gcc/avr/12.1.0/avr5\libgcc.a(_tablejump2.o)
 .debug_abbrev  0x00001aa5       0x14 d:/ifsc/vscodeleandro/ex/toolchains/avr-gcc/bin/../lib/gcc/avr/12.1.0/avr5\libgcc.a(_copy_data.o)
 .debug_abbrev  0x00001ab9       0x14 d:/ifsc/vscodeleandro/ex/toolchains/avr-gcc/bin/../lib/gcc/avr/12.1.0/avr5\libgcc.a(_clear_bss.o)
 .debug_abbrev  0x00001acd       0x14 d:/ifsc/vscodeleandro/ex/toolchains/avr-gcc/bin/../lib/gcc/avr/12.1.0/avr5\libgcc.a(_ctors.o)
 .debug_abbrev  0x00001ae1       0x14 d:/ifsc/vscodeleandro/ex/toolchains/avr-gcc/bin/../lib/gcc/avr/12.1.0/avr5\libgcc.a(_dtors.o)
 .debug_abbrev  0x00001af5       0x14 d:/ifsc/vscodeleandro/ex/toolchains/avr-gcc/bin/../lib/gcc/avr/12.1.0/avr5\libgcc.a(_umulhisi3.o)
 .debug_abbrev  0x00001b09       0x14 d:/ifsc/vscodeleandro/ex/toolchains/avr-gcc/bin/../lib/gcc/avr/12.1.0/avr5\libgcc.a(_udivmodhi4.o)
 .debug_abbrev  0x00001b1d       0x14 d:/ifsc/vscodeleandro/ex/toolchains/avr-gcc/bin/../lib/gcc/avr/12.1.0/avr5\libgcc.a(_prologue.o)
 .debug_abbrev  0x00001b31       0x14 d:/ifsc/vscodeleandro/ex/toolchains/avr-gcc/bin/../lib/gcc/avr/12.1.0/avr5\libgcc.a(_epilogue.o)

.debug_line     0x00000000     0x52c9
 *(.debug_line .debug_line.* .debug_line_end)
 .debug_line    0x00000000       0x1d d:/ifsc/vscodeleandro/ex/toolchains/avr-gcc/bin/../lib/gcc/avr/12.1.0/../../../../avr/lib/avr5/crtatmega328p.o
 .debug_line    0x0000001d     0x2531 build/hd44780.o
 .debug_line    0x0000254e      0xba4 build/adc.o
 .debug_line    0x000030f2      0x63e build/timer0.o
 .debug_line    0x00003730      0x75a build/timer1.o
 .debug_line    0x00003e8a      0x63e build/timer2.o
 .debug_line    0x000044c8      0x762 build/main.o
 .debug_line    0x00004c2a       0xb7 d:/ifsc/vscodeleandro/ex/toolchains/avr-gcc/bin/../lib/gcc/avr/12.1.0/avr5\libgcc.a(_divmodhi4.o)
 .debug_line    0x00004ce1       0x51 d:/ifsc/vscodeleandro/ex/toolchains/avr-gcc/bin/../lib/gcc/avr/12.1.0/avr5\libgcc.a(_exit.o)
 .debug_line    0x00004d32       0x69 d:/ifsc/vscodeleandro/ex/toolchains/avr-gcc/bin/../lib/gcc/avr/12.1.0/avr5\libgcc.a(_tablejump2.o)
 .debug_line    0x00004d9b       0x87 d:/ifsc/vscodeleandro/ex/toolchains/avr-gcc/bin/../lib/gcc/avr/12.1.0/avr5\libgcc.a(_copy_data.o)
 .debug_line    0x00004e22       0x75 d:/ifsc/vscodeleandro/ex/toolchains/avr-gcc/bin/../lib/gcc/avr/12.1.0/avr5\libgcc.a(_clear_bss.o)
 .debug_line    0x00004e97       0x81 d:/ifsc/vscodeleandro/ex/toolchains/avr-gcc/bin/../lib/gcc/avr/12.1.0/avr5\libgcc.a(_ctors.o)
 .debug_line    0x00004f18       0x81 d:/ifsc/vscodeleandro/ex/toolchains/avr-gcc/bin/../lib/gcc/avr/12.1.0/avr5\libgcc.a(_dtors.o)
 .debug_line    0x00004f99       0x9f d:/ifsc/vscodeleandro/ex/toolchains/avr-gcc/bin/../lib/gcc/avr/12.1.0/avr5\libgcc.a(_umulhisi3.o)
 .debug_line    0x00005038       0xbd d:/ifsc/vscodeleandro/ex/toolchains/avr-gcc/bin/../lib/gcc/avr/12.1.0/avr5\libgcc.a(_udivmodhi4.o)
 .debug_line    0x000050f5       0xed d:/ifsc/vscodeleandro/ex/toolchains/avr-gcc/bin/../lib/gcc/avr/12.1.0/avr5\libgcc.a(_prologue.o)
 .debug_line    0x000051e2       0xe7 d:/ifsc/vscodeleandro/ex/toolchains/avr-gcc/bin/../lib/gcc/avr/12.1.0/avr5\libgcc.a(_epilogue.o)

.debug_frame    0x00000000      0xc94
 *(.debug_frame)
 .debug_frame   0x00000000      0x288 build/hd44780.o
 .debug_frame   0x00000288      0x1dc build/adc.o
 .debug_frame   0x00000464      0x1fc build/timer0.o
 .debug_frame   0x00000660      0x28c build/timer1.o
 .debug_frame   0x000008ec      0x214 build/timer2.o
 .debug_frame   0x00000b00      0x194 build/main.o

.debug_str      0x00000000     0x29bf
 *(.debug_str)
 .debug_str     0x00000000      0x20b d:/ifsc/vscodeleandro/ex/toolchains/avr-gcc/bin/../lib/gcc/avr/12.1.0/../../../../avr/lib/avr5/crtatmega328p.o
 .debug_str     0x0000020b      0xb9c build/hd44780.o
                                0xc26 (size before relaxing)
 .debug_str     0x00000da7      0x712 build/adc.o
                                0xb27 (size before relaxing)
 .debug_str     0x000014b9      0x7a1 build/timer0.o
                                0xc6a (size before relaxing)
 .debug_str     0x00001c5a      0x765 build/timer1.o
                                0xf48 (size before relaxing)
 .debug_str     0x000023bf      0x466 build/timer2.o
                                0xc63 (size before relaxing)
 .debug_str     0x00002825      0x13b build/main.o
                               0x14ba (size before relaxing)
 .debug_str     0x00002960       0x5f d:/ifsc/vscodeleandro/ex/toolchains/avr-gcc/bin/../lib/gcc/avr/12.1.0/avr5\libgcc.a(_divmodhi4.o)
 .debug_str     0x000029bf       0x5f d:/ifsc/vscodeleandro/ex/toolchains/avr-gcc/bin/../lib/gcc/avr/12.1.0/avr5\libgcc.a(_exit.o)
 .debug_str     0x000029bf       0x5f d:/ifsc/vscodeleandro/ex/toolchains/avr-gcc/bin/../lib/gcc/avr/12.1.0/avr5\libgcc.a(_tablejump2.o)
 .debug_str     0x000029bf       0x5f d:/ifsc/vscodeleandro/ex/toolchains/avr-gcc/bin/../lib/gcc/avr/12.1.0/avr5\libgcc.a(_copy_data.o)
 .debug_str     0x000029bf       0x5f d:/ifsc/vscodeleandro/ex/toolchains/avr-gcc/bin/../lib/gcc/avr/12.1.0/avr5\libgcc.a(_clear_bss.o)
 .debug_str     0x000029bf       0x5f d:/ifsc/vscodeleandro/ex/toolchains/avr-gcc/bin/../lib/gcc/avr/12.1.0/avr5\libgcc.a(_ctors.o)
 .debug_str     0x000029bf       0x5f d:/ifsc/vscodeleandro/ex/toolchains/avr-gcc/bin/../lib/gcc/avr/12.1.0/avr5\libgcc.a(_dtors.o)
 .debug_str     0x000029bf       0x5f d:/ifsc/vscodeleandro/ex/toolchains/avr-gcc/bin/../lib/gcc/avr/12.1.0/avr5\libgcc.a(_umulhisi3.o)
 .debug_str     0x000029bf       0x5f d:/ifsc/vscodeleandro/ex/toolchains/avr-gcc/bin/../lib/gcc/avr/12.1.0/avr5\libgcc.a(_udivmodhi4.o)
 .debug_str     0x000029bf       0x5f d:/ifsc/vscodeleandro/ex/toolchains/avr-gcc/bin/../lib/gcc/avr/12.1.0/avr5\libgcc.a(_prologue.o)
 .debug_str     0x000029bf       0x5f d:/ifsc/vscodeleandro/ex/toolchains/avr-gcc/bin/../lib/gcc/avr/12.1.0/avr5\libgcc.a(_epilogue.o)

.debug_loc
 *(.debug_loc)

.debug_macinfo
 *(.debug_macinfo)

.debug_weaknames
 *(.debug_weaknames)

.debug_funcnames
 *(.debug_funcnames)

.debug_typenames
 *(.debug_typenames)

.debug_varnames
 *(.debug_varnames)

.debug_pubtypes
 *(.debug_pubtypes)

.debug_ranges
 *(.debug_ranges)

.debug_addr
 *(.debug_addr)

.debug_line_str
                0x00000000      0x304
 *(.debug_line_str)
 .debug_line_str
                0x00000000      0x13e build/hd44780.o
                                0x1b3 (size before relaxing)
 .debug_line_str
                0x0000013e       0x4c build/adc.o
                                0x162 (size before relaxing)
 .debug_line_str
                0x0000018a       0x29 build/timer0.o
                                0x16e (size before relaxing)
 .debug_line_str
                0x000001b3       0x29 build/timer1.o
                                0x16e (size before relaxing)
 .debug_line_str
                0x000001dc       0x29 build/timer2.o
                                0x16e (size before relaxing)
 .debug_line_str
                0x00000205       0xac build/main.o
                                0x146 (size before relaxing)
 .debug_line_str
                0x000002b1       0x53 d:/ifsc/vscodeleandro/ex/toolchains/avr-gcc/bin/../lib/gcc/avr/12.1.0/avr5\libgcc.a(_divmodhi4.o)
                                 0x5f (size before relaxing)
 .debug_line_str
                0x00000304       0x5f d:/ifsc/vscodeleandro/ex/toolchains/avr-gcc/bin/../lib/gcc/avr/12.1.0/avr5\libgcc.a(_exit.o)
 .debug_line_str
                0x00000304       0x5f d:/ifsc/vscodeleandro/ex/toolchains/avr-gcc/bin/../lib/gcc/avr/12.1.0/avr5\libgcc.a(_tablejump2.o)
 .debug_line_str
                0x00000304       0x5f d:/ifsc/vscodeleandro/ex/toolchains/avr-gcc/bin/../lib/gcc/avr/12.1.0/avr5\libgcc.a(_copy_data.o)
 .debug_line_str
                0x00000304       0x5f d:/ifsc/vscodeleandro/ex/toolchains/avr-gcc/bin/../lib/gcc/avr/12.1.0/avr5\libgcc.a(_clear_bss.o)
 .debug_line_str
                0x00000304       0x5f d:/ifsc/vscodeleandro/ex/toolchains/avr-gcc/bin/../lib/gcc/avr/12.1.0/avr5\libgcc.a(_ctors.o)
 .debug_line_str
                0x00000304       0x5f d:/ifsc/vscodeleandro/ex/toolchains/avr-gcc/bin/../lib/gcc/avr/12.1.0/avr5\libgcc.a(_dtors.o)
 .debug_line_str
                0x00000304       0x5f d:/ifsc/vscodeleandro/ex/toolchains/avr-gcc/bin/../lib/gcc/avr/12.1.0/avr5\libgcc.a(_umulhisi3.o)
 .debug_line_str
                0x00000304       0x5f d:/ifsc/vscodeleandro/ex/toolchains/avr-gcc/bin/../lib/gcc/avr/12.1.0/avr5\libgcc.a(_udivmodhi4.o)
 .debug_line_str
                0x00000304       0x5f d:/ifsc/vscodeleandro/ex/toolchains/avr-gcc/bin/../lib/gcc/avr/12.1.0/avr5\libgcc.a(_prologue.o)
 .debug_line_str
                0x00000304       0x5f d:/ifsc/vscodeleandro/ex/toolchains/avr-gcc/bin/../lib/gcc/avr/12.1.0/avr5\libgcc.a(_epilogue.o)

.debug_loclists
                0x00000000     0x17de
 *(.debug_loclists)
 .debug_loclists
                0x00000000      0xdec build/hd44780.o
 .debug_loclists
                0x00000dec      0x309 build/adc.o
 .debug_loclists
                0x000010f5      0x1cc build/timer0.o
 .debug_loclists
                0x000012c1      0x1fc build/timer1.o
 .debug_loclists
                0x000014bd      0x1cc build/timer2.o
 .debug_loclists
                0x00001689      0x155 build/main.o

.debug_macro
 *(.debug_macro)

.debug_names
 *(.debug_names)

.debug_rnglists
                0x00000000      0x2f3
 *(.debug_rnglists)
 .debug_rnglists
                0x00000000       0xa1 build/hd44780.o
 .debug_rnglists
                0x000000a1       0x9d build/adc.o
 .debug_rnglists
                0x0000013e       0x73 build/timer0.o
 .debug_rnglists
                0x000001b1       0x85 build/timer1.o
 .debug_rnglists
                0x00000236       0x73 build/timer2.o
 .debug_rnglists
                0x000002a9       0x4a build/main.o

.debug_str_offsets
 *(.debug_str_offsets)

.debug_sup
 *(.debug_sup)
OUTPUT(build/application.elf elf32-avr)
LOAD linker stubs

Cross Reference Table

Symbol                                            File
_Z13stopWatchStopv                                build/main.o
_Z14stopWatchStartv                               build/main.o
_Z16stopWatchGetTimev                             build/main.o
_Z22convertToSevenSegments17SevenSegmentsCodeb24SevenSegmentsDisplayType build/sevenSegmentsDisplay.o
_Z22convertToSevenSegmentshb24SevenSegmentsDisplayType build/sevenSegmentsDisplay.o
                                                  build/sevenSegmentsMuxDisplay.o
_Z22timer0CompareACallbackv                       build/timer0.o
_Z22timer0CompareBCallbackv                       build/timer0.o
_Z22timer0OverflowCallbackv                       build/timer0.o
_Z22timer1CompareACallbackv                       build/timer1.o
_Z22timer1CompareBCallbackv                       build/timer1.o
_Z22timer1OverflowCallbackv                       build/main.o
                                                  build/timer1.o
_Z22timer2CompareACallbackv                       build/timer2.o
_Z22timer2CompareBCallbackv                       build/timer2.o
_Z22timer2OverflowCallbackv                       build/timer2.o
_Z26timer1InputCaptureCallbackv                   build/timer1.o
_Z29adcConversionCompleteCallbackv                build/adc.o
_Z7getTickv                                       build/hd44780.o
_ZN23SevenSegmentsMuxDisplay13showNextDigitEv     build/sevenSegmentsMuxDisplay.o
_ZN23SevenSegmentsMuxDisplay17updateDigitValuesEPKhPKb build/sevenSegmentsMuxDisplay.o
_ZN23SevenSegmentsMuxDisplay4initENS_6DigitsE24SevenSegmentsDisplayType build/sevenSegmentsMuxDisplay.o
_ZN23SevenSegmentsMuxDisplay8setPortsEPVhS1_h10LogicLevel build/sevenSegmentsMuxDisplay.o
_ZN23SevenSegmentsMuxDisplayC1Ev                  build/sevenSegmentsMuxDisplay.o
_ZN23SevenSegmentsMuxDisplayC2Ev                  build/sevenSegmentsMuxDisplay.o
_ZN23SevenSegmentsMuxDisplayD1Ev                  build/sevenSegmentsMuxDisplay.o
_ZN23SevenSegmentsMuxDisplayD2Ev                  build/sevenSegmentsMuxDisplay.o
_ZN3Adc10setChannelENS_7ChannelE                  build/adc.o
_ZN3Adc12getLastErrorEv                           build/adc.o
_ZN3Adc12setPrescalerENS_9PrescalerE              build/adc.o
_ZN3Adc12setReferenceENS_9ReferenceE              build/adc.o
_ZN3Adc13setDataAdjustENS_10DataAdjustE           build/adc.o
_ZN3Adc15startConversionEv                        build/adc.o
_ZN3Adc17activateInterruptEv                      build/adc.o
_ZN3Adc18enableDigitalInputENS_12DigitalInputE    build/adc.o
_ZN3Adc19deactivateInterruptEv                    build/adc.o
_ZN3Adc19disableDigitalInputENS_12DigitalInputE   build/adc.o
_ZN3Adc21clearInterruptRequestEv                  build/adc.o
_ZN3Adc25waitUntilConversionFinishEv              build/adc.o
_ZN3Adc4initENS_4ModeENS_9ReferenceENS_9PrescalerE build/adc.o
_ZN3Adc6enableEv                                  build/adc.o
_ZN3Adc7disableEv                                 build/adc.o
_ZN3Adc7setModeENS_4ModeE                         build/adc.o
_ZN3AdcC1Ev                                       build/adc.o
_ZN3AdcC2Ev                                       build/adc.o
_ZN3AdcD1Ev                                       build/adc.o
_ZN3AdcD2Ev                                       build/adc.o
_ZN5DebugC1Ev                                     build/debug.o
_ZN5DebugC2Ev                                     build/debug.o
_ZN5DebugD1Ev                                     build/debug.o
_ZN5DebugD2Ev                                     build/debug.o
_ZN6Keypad12setKeyValuesENS_4TypeEz               build/keypad.o
_ZN6Keypad14readKeyPressedEPh                     build/keypad.o
_ZN6Keypad4initEh                                 build/keypad.o
_ZN6Keypad8setPortsEPVhhS1_h                      build/keypad.o
_ZN6KeypadC1Ev                                    build/keypad.o
_ZN6KeypadC2Ev                                    build/keypad.o
_ZN6KeypadD1Ev                                    build/keypad.o
_ZN6KeypadD2Ev                                    build/keypad.o
_ZN6Timer012getLastErrorEv                        build/timer0.o
_ZN6Timer013setOutputModeENS_10OutputModeES0_     build/timer0.o
_ZN6Timer014setClockSourceENS_11ClockSourceE      build/timer0.o
_ZN6Timer04initENS_4ModeENS_11ClockSourceE        build/timer0.o
_ZN6Timer07setModeENS_4ModeE                      build/timer0.o
_ZN6Timer0C1Ev                                    build/timer0.o
_ZN6Timer0C2Ev                                    build/timer0.o
_ZN6Timer0D1Ev                                    build/timer0.o
_ZN6Timer0D2Ev                                    build/timer0.o
_ZN6Timer112getLastErrorEv                        build/timer1.o
_ZN6Timer113setOutputModeENS_10OutputModeES0_     build/timer1.o
_ZN6Timer114setClockSourceENS_11ClockSourceE      build/timer1.o
                                                  build/main.o
_ZN6Timer119setInputCaptureModeE4Edgeb            build/timer1.o
_ZN6Timer14initENS_4ModeENS_11ClockSourceE        build/timer1.o
_ZN6Timer17setModeENS_4ModeE                      build/timer1.o
                                                  build/main.o
_ZN6Timer1C1Ev                                    build/timer1.o
_ZN6Timer1C2Ev                                    build/timer1.o
_ZN6Timer1D1Ev                                    build/timer1.o
_ZN6Timer1D2Ev                                    build/timer1.o
_ZN6Timer212getLastErrorEv                        build/timer2.o
_ZN6Timer213setOutputModeENS_10OutputModeES0_     build/timer2.o
_ZN6Timer214setClockSourceENS_11ClockSourceE      build/timer2.o
_ZN6Timer24initENS_4ModeENS_11ClockSourceE        build/timer2.o
_ZN6Timer27setModeENS_4ModeE                      build/timer2.o
_ZN6Timer2C1Ev                                    build/timer2.o
_ZN6Timer2C2Ev                                    build/timer2.o
_ZN6Timer2D1Ev                                    build/timer2.o
_ZN6Timer2D2Ev                                    build/timer2.o
_ZN7Hd4478010cursorGoToEhh                        build/hd44780.o
_ZN7Hd4478010cursorHomeEv                         build/hd44780.o
_ZN7Hd4478010cursorMoveE9Direction                build/hd44780.o
_ZN7Hd4478011clearScreenEv                        build/hd44780.o
                                                  build/main.o
_ZN7Hd4478011dataPortSetEPVhh                     build/hd44780.o
                                                  build/main.o
_ZN7Hd4478012displayShiftE9Direction              build/hd44780.o
_ZN7Hd4478012entryModeSetENS_4StepENS_11DisplayModeE build/hd44780.o
_ZN7Hd4478012getLastErrorEv                       build/hd44780.o
_ZN7Hd4478013_writeCommandEh                      build/hd44780.o
_ZN7Hd4478014controlPortSetEPVhhhh                build/hd44780.o
                                                  build/main.o
_ZN7Hd4478015_waitUntilReadyEv                    build/hd44780.o
_ZN7Hd4478015_writeCharacterEhb                   build/hd44780.o
_ZN7Hd4478015displayStateSetENS_12DisplayStateE   build/hd44780.o
_ZN7Hd4478017_functionSet8BitsEh                  build/hd44780.o
_ZN7Hd4478018cursorMoveNextLineEv                 build/hd44780.o
_ZN7Hd4478018customCharacterSetEhPKh              build/hd44780.o
_ZN7Hd4478019cursorMoveFirstLineEv                build/hd44780.o
_ZN7Hd447804initENS_4SizeENS_4FontEbb             build/hd44780.o
                                                  build/main.o
_ZN7Hd447805stdioEv                               build/hd44780.o
                                                  build/main.o
_ZN7Hd44780C1Ev                                   build/hd44780.o
                                                  build/main.o
_ZN7Hd44780C2Ev                                   build/hd44780.o
_ZN7Hd44780D1Ev                                   build/hd44780.o
                                                  build/main.o
_ZN7Hd44780D2Ev                                   build/hd44780.o
__FUSE_REGION_LENGTH__                            d:/ifsc/vscodeleandro/ex/toolchains/avr-gcc/bin/../lib/gcc/avr/12.1.0/../../../../avr/lib/avr5/crtatmega328p.o
__bad_interrupt                                   d:/ifsc/vscodeleandro/ex/toolchains/avr-gcc/bin/../lib/gcc/avr/12.1.0/../../../../avr/lib/avr5/crtatmega328p.o
__brkval                                          d:/ifsc/vscodeleandro/ex/toolchains/avr-gcc/bin/../lib/gcc/avr/12.1.0/../../../../avr/lib/avr5\libc.a(malloc.o)
                                                  d:/ifsc/vscodeleandro/ex/toolchains/avr-gcc/bin/../lib/gcc/avr/12.1.0/../../../../avr/lib/avr5\libc.a(realloc.o)
__bss_end                                         d:/ifsc/vscodeleandro/ex/toolchains/avr-gcc/bin/../lib/gcc/avr/12.1.0/avr5\libgcc.a(_clear_bss.o)
__bss_start                                       d:/ifsc/vscodeleandro/ex/toolchains/avr-gcc/bin/../lib/gcc/avr/12.1.0/avr5\libgcc.a(_clear_bss.o)
__ctors_end                                       d:/ifsc/vscodeleandro/ex/toolchains/avr-gcc/bin/../lib/gcc/avr/12.1.0/avr5\libgcc.a(_ctors.o)
__ctors_start                                     d:/ifsc/vscodeleandro/ex/toolchains/avr-gcc/bin/../lib/gcc/avr/12.1.0/avr5\libgcc.a(_ctors.o)
__data_end                                        d:/ifsc/vscodeleandro/ex/toolchains/avr-gcc/bin/../lib/gcc/avr/12.1.0/avr5\libgcc.a(_copy_data.o)
__data_load_start                                 d:/ifsc/vscodeleandro/ex/toolchains/avr-gcc/bin/../lib/gcc/avr/12.1.0/avr5\libgcc.a(_copy_data.o)
__data_start                                      d:/ifsc/vscodeleandro/ex/toolchains/avr-gcc/bin/../lib/gcc/avr/12.1.0/avr5\libgcc.a(_copy_data.o)
__divmodhi4                                       d:/ifsc/vscodeleandro/ex/toolchains/avr-gcc/bin/../lib/gcc/avr/12.1.0/avr5\libgcc.a(_divmodhi4.o)
                                                  build/hd44780.o
__do_clear_bss                                    d:/ifsc/vscodeleandro/ex/toolchains/avr-gcc/bin/../lib/gcc/avr/12.1.0/avr5\libgcc.a(_clear_bss.o)
                                                  d:/ifsc/vscodeleandro/ex/toolchains/avr-gcc/bin/../lib/gcc/avr/12.1.0/../../../../avr/lib/avr5\libc.a(iob.o)
                                                  d:/ifsc/vscodeleandro/ex/toolchains/avr-gcc/bin/../lib/gcc/avr/12.1.0/../../../../avr/lib/avr5\libc.a(malloc.o)
                                                  build/main.o
                                                  build/debug.o
                                                  build/timer2.o
                                                  build/timer1.o
                                                  build/timer0.o
                                                  build/adc.o
                                                  build/hd44780.o
__do_copy_data                                    d:/ifsc/vscodeleandro/ex/toolchains/avr-gcc/bin/../lib/gcc/avr/12.1.0/avr5\libgcc.a(_copy_data.o)
                                                  d:/ifsc/vscodeleandro/ex/toolchains/avr-gcc/bin/../lib/gcc/avr/12.1.0/../../../../avr/lib/avr5\libc.a(malloc.o)
                                                  build/main.o
                                                  build/sevenSegmentsMuxDisplay.o
__do_global_ctors                                 d:/ifsc/vscodeleandro/ex/toolchains/avr-gcc/bin/../lib/gcc/avr/12.1.0/avr5\libgcc.a(_ctors.o)
                                                  build/main.o
                                                  build/timer2.o
                                                  build/timer1.o
                                                  build/timer0.o
                                                  build/adc.o
__do_global_dtors                                 d:/ifsc/vscodeleandro/ex/toolchains/avr-gcc/bin/../lib/gcc/avr/12.1.0/avr5\libgcc.a(_dtors.o)
                                                  build/main.o
                                                  build/timer2.o
                                                  build/timer1.o
                                                  build/timer0.o
                                                  build/adc.o
__dtors_end                                       d:/ifsc/vscodeleandro/ex/toolchains/avr-gcc/bin/../lib/gcc/avr/12.1.0/avr5\libgcc.a(_dtors.o)
__dtors_start                                     d:/ifsc/vscodeleandro/ex/toolchains/avr-gcc/bin/../lib/gcc/avr/12.1.0/avr5\libgcc.a(_dtors.o)
__epilogue_restores__                             d:/ifsc/vscodeleandro/ex/toolchains/avr-gcc/bin/../lib/gcc/avr/12.1.0/avr5\libgcc.a(_epilogue.o)
                                                  d:/ifsc/vscodeleandro/ex/toolchains/avr-gcc/bin/../lib/gcc/avr/12.1.0/../../../../avr/lib/avr5\libc.a(vfprintf_std.o)
                                                  d:/ifsc/vscodeleandro/ex/toolchains/avr-gcc/bin/../lib/gcc/avr/12.1.0/../../../../avr/lib/avr5\libc.a(printf.o)
                                                  d:/ifsc/vscodeleandro/ex/toolchains/avr-gcc/bin/../lib/gcc/avr/12.1.0/../../../../avr/lib/avr5\libc.a(realloc.o)
__flp                                             d:/ifsc/vscodeleandro/ex/toolchains/avr-gcc/bin/../lib/gcc/avr/12.1.0/../../../../avr/lib/avr5\libc.a(malloc.o)
                                                  d:/ifsc/vscodeleandro/ex/toolchains/avr-gcc/bin/../lib/gcc/avr/12.1.0/../../../../avr/lib/avr5\libc.a(realloc.o)
__heap_end                                        d:/ifsc/vscodeleandro/ex/toolchains/avr-gcc/bin/../lib/gcc/avr/12.1.0/../../../../avr/lib/avr5/crtatmega328p.o
                                                  d:/ifsc/vscodeleandro/ex/toolchains/avr-gcc/bin/../lib/gcc/avr/12.1.0/../../../../avr/lib/avr5\libc.a(malloc.o)
__heap_start                                      d:/ifsc/vscodeleandro/ex/toolchains/avr-gcc/bin/../lib/gcc/avr/12.1.0/../../../../avr/lib/avr5\libc.a(malloc.o)
__init                                            d:/ifsc/vscodeleandro/ex/toolchains/avr-gcc/bin/../lib/gcc/avr/12.1.0/../../../../avr/lib/avr5/crtatmega328p.o
__iob                                             d:/ifsc/vscodeleandro/ex/toolchains/avr-gcc/bin/../lib/gcc/avr/12.1.0/../../../../avr/lib/avr5\libc.a(iob.o)
                                                  d:/ifsc/vscodeleandro/ex/toolchains/avr-gcc/bin/../lib/gcc/avr/12.1.0/../../../../avr/lib/avr5\libc.a(puts.o)
                                                  d:/ifsc/vscodeleandro/ex/toolchains/avr-gcc/bin/../lib/gcc/avr/12.1.0/../../../../avr/lib/avr5\libc.a(printf.o)
                                                  build/hd44780.o
__malloc_heap_end                                 d:/ifsc/vscodeleandro/ex/toolchains/avr-gcc/bin/../lib/gcc/avr/12.1.0/../../../../avr/lib/avr5\libc.a(malloc.o)
                                                  d:/ifsc/vscodeleandro/ex/toolchains/avr-gcc/bin/../lib/gcc/avr/12.1.0/../../../../avr/lib/avr5\libc.a(realloc.o)
__malloc_heap_start                               d:/ifsc/vscodeleandro/ex/toolchains/avr-gcc/bin/../lib/gcc/avr/12.1.0/../../../../avr/lib/avr5\libc.a(malloc.o)
__malloc_margin                                   d:/ifsc/vscodeleandro/ex/toolchains/avr-gcc/bin/../lib/gcc/avr/12.1.0/../../../../avr/lib/avr5\libc.a(malloc.o)
                                                  d:/ifsc/vscodeleandro/ex/toolchains/avr-gcc/bin/../lib/gcc/avr/12.1.0/../../../../avr/lib/avr5\libc.a(realloc.o)
__prologue_saves__                                d:/ifsc/vscodeleandro/ex/toolchains/avr-gcc/bin/../lib/gcc/avr/12.1.0/avr5\libgcc.a(_prologue.o)
                                                  d:/ifsc/vscodeleandro/ex/toolchains/avr-gcc/bin/../lib/gcc/avr/12.1.0/../../../../avr/lib/avr5\libc.a(vfprintf_std.o)
                                                  d:/ifsc/vscodeleandro/ex/toolchains/avr-gcc/bin/../lib/gcc/avr/12.1.0/../../../../avr/lib/avr5\libc.a(printf.o)
                                                  d:/ifsc/vscodeleandro/ex/toolchains/avr-gcc/bin/../lib/gcc/avr/12.1.0/../../../../avr/lib/avr5\libc.a(realloc.o)
__stack                                           d:/ifsc/vscodeleandro/ex/toolchains/avr-gcc/bin/../lib/gcc/avr/12.1.0/../../../../avr/lib/avr5/crtatmega328p.o
__tablejump2__                                    d:/ifsc/vscodeleandro/ex/toolchains/avr-gcc/bin/../lib/gcc/avr/12.1.0/avr5\libgcc.a(_tablejump2.o)
                                                  d:/ifsc/vscodeleandro/ex/toolchains/avr-gcc/bin/../lib/gcc/avr/12.1.0/avr5\libgcc.a(_dtors.o)
                                                  d:/ifsc/vscodeleandro/ex/toolchains/avr-gcc/bin/../lib/gcc/avr/12.1.0/avr5\libgcc.a(_ctors.o)
                                                  build/sevenSegmentsDisplay.o
__udivmodhi4                                      d:/ifsc/vscodeleandro/ex/toolchains/avr-gcc/bin/../lib/gcc/avr/12.1.0/avr5\libgcc.a(_udivmodhi4.o)
                                                  d:/ifsc/vscodeleandro/ex/toolchains/avr-gcc/bin/../lib/gcc/avr/12.1.0/avr5\libgcc.a(_divmodhi4.o)
__ultoa_invert                                    d:/ifsc/vscodeleandro/ex/toolchains/avr-gcc/bin/../lib/gcc/avr/12.1.0/../../../../avr/lib/avr5\libc.a(ultoa_invert.o)
                                                  d:/ifsc/vscodeleandro/ex/toolchains/avr-gcc/bin/../lib/gcc/avr/12.1.0/../../../../avr/lib/avr5\libc.a(vfprintf_std.o)
__umulhisi3                                       d:/ifsc/vscodeleandro/ex/toolchains/avr-gcc/bin/../lib/gcc/avr/12.1.0/avr5\libgcc.a(_umulhisi3.o)
                                                  build/sevenSegmentsMuxDisplay.o
                                                  build/keypad.o
                                                  build/hd44780.o
__vector_1                                        build/main.o
                                                  d:/ifsc/vscodeleandro/ex/toolchains/avr-gcc/bin/../lib/gcc/avr/12.1.0/../../../../avr/lib/avr5/crtatmega328p.o
__vector_10                                       build/timer1.o
                                                  d:/ifsc/vscodeleandro/ex/toolchains/avr-gcc/bin/../lib/gcc/avr/12.1.0/../../../../avr/lib/avr5/crtatmega328p.o
__vector_11                                       build/timer1.o
                                                  d:/ifsc/vscodeleandro/ex/toolchains/avr-gcc/bin/../lib/gcc/avr/12.1.0/../../../../avr/lib/avr5/crtatmega328p.o
__vector_12                                       build/timer1.o
                                                  d:/ifsc/vscodeleandro/ex/toolchains/avr-gcc/bin/../lib/gcc/avr/12.1.0/../../../../avr/lib/avr5/crtatmega328p.o
__vector_13                                       build/timer1.o
                                                  d:/ifsc/vscodeleandro/ex/toolchains/avr-gcc/bin/../lib/gcc/avr/12.1.0/../../../../avr/lib/avr5/crtatmega328p.o
__vector_14                                       build/timer0.o
                                                  d:/ifsc/vscodeleandro/ex/toolchains/avr-gcc/bin/../lib/gcc/avr/12.1.0/../../../../avr/lib/avr5/crtatmega328p.o
__vector_15                                       build/timer0.o
                                                  d:/ifsc/vscodeleandro/ex/toolchains/avr-gcc/bin/../lib/gcc/avr/12.1.0/../../../../avr/lib/avr5/crtatmega328p.o
__vector_16                                       build/timer0.o
                                                  d:/ifsc/vscodeleandro/ex/toolchains/avr-gcc/bin/../lib/gcc/avr/12.1.0/../../../../avr/lib/avr5/crtatmega328p.o
__vector_17                                       d:/ifsc/vscodeleandro/ex/toolchains/avr-gcc/bin/../lib/gcc/avr/12.1.0/../../../../avr/lib/avr5/crtatmega328p.o
__vector_18                                       d:/ifsc/vscodeleandro/ex/toolchains/avr-gcc/bin/../lib/gcc/avr/12.1.0/../../../../avr/lib/avr5/crtatmega328p.o
__vector_19                                       d:/ifsc/vscodeleandro/ex/toolchains/avr-gcc/bin/../lib/gcc/avr/12.1.0/../../../../avr/lib/avr5/crtatmega328p.o
__vector_2                                        d:/ifsc/vscodeleandro/ex/toolchains/avr-gcc/bin/../lib/gcc/avr/12.1.0/../../../../avr/lib/avr5/crtatmega328p.o
__vector_20                                       d:/ifsc/vscodeleandro/ex/toolchains/avr-gcc/bin/../lib/gcc/avr/12.1.0/../../../../avr/lib/avr5/crtatmega328p.o
__vector_21                                       build/adc.o
                                                  d:/ifsc/vscodeleandro/ex/toolchains/avr-gcc/bin/../lib/gcc/avr/12.1.0/../../../../avr/lib/avr5/crtatmega328p.o
__vector_22                                       d:/ifsc/vscodeleandro/ex/toolchains/avr-gcc/bin/../lib/gcc/avr/12.1.0/../../../../avr/lib/avr5/crtatmega328p.o
__vector_23                                       d:/ifsc/vscodeleandro/ex/toolchains/avr-gcc/bin/../lib/gcc/avr/12.1.0/../../../../avr/lib/avr5/crtatmega328p.o
__vector_24                                       d:/ifsc/vscodeleandro/ex/toolchains/avr-gcc/bin/../lib/gcc/avr/12.1.0/../../../../avr/lib/avr5/crtatmega328p.o
__vector_25                                       d:/ifsc/vscodeleandro/ex/toolchains/avr-gcc/bin/../lib/gcc/avr/12.1.0/../../../../avr/lib/avr5/crtatmega328p.o
__vector_3                                        d:/ifsc/vscodeleandro/ex/toolchains/avr-gcc/bin/../lib/gcc/avr/12.1.0/../../../../avr/lib/avr5/crtatmega328p.o
__vector_4                                        d:/ifsc/vscodeleandro/ex/toolchains/avr-gcc/bin/../lib/gcc/avr/12.1.0/../../../../avr/lib/avr5/crtatmega328p.o
__vector_5                                        d:/ifsc/vscodeleandro/ex/toolchains/avr-gcc/bin/../lib/gcc/avr/12.1.0/../../../../avr/lib/avr5/crtatmega328p.o
__vector_6                                        d:/ifsc/vscodeleandro/ex/toolchains/avr-gcc/bin/../lib/gcc/avr/12.1.0/../../../../avr/lib/avr5/crtatmega328p.o
__vector_7                                        build/timer2.o
                                                  d:/ifsc/vscodeleandro/ex/toolchains/avr-gcc/bin/../lib/gcc/avr/12.1.0/../../../../avr/lib/avr5/crtatmega328p.o
__vector_8                                        build/timer2.o
                                                  d:/ifsc/vscodeleandro/ex/toolchains/avr-gcc/bin/../lib/gcc/avr/12.1.0/../../../../avr/lib/avr5/crtatmega328p.o
__vector_9                                        build/timer2.o
                                                  d:/ifsc/vscodeleandro/ex/toolchains/avr-gcc/bin/../lib/gcc/avr/12.1.0/../../../../avr/lib/avr5/crtatmega328p.o
__vector_default                                  d:/ifsc/vscodeleandro/ex/toolchains/avr-gcc/bin/../lib/gcc/avr/12.1.0/../../../../avr/lib/avr5/crtatmega328p.o
__vectors                                         d:/ifsc/vscodeleandro/ex/toolchains/avr-gcc/bin/../lib/gcc/avr/12.1.0/../../../../avr/lib/avr5/crtatmega328p.o
_div                                              d:/ifsc/vscodeleandro/ex/toolchains/avr-gcc/bin/../lib/gcc/avr/12.1.0/avr5\libgcc.a(_divmodhi4.o)
_exit                                             d:/ifsc/vscodeleandro/ex/toolchains/avr-gcc/bin/../lib/gcc/avr/12.1.0/avr5\libgcc.a(_exit.o)
adc                                               build/adc.o
debug                                             build/debug.o
defaultDisplay                                    build/hd44780.o
exit                                              d:/ifsc/vscodeleandro/ex/toolchains/avr-gcc/bin/../lib/gcc/avr/12.1.0/avr5\libgcc.a(_exit.o)
                                                  d:/ifsc/vscodeleandro/ex/toolchains/avr-gcc/bin/../lib/gcc/avr/12.1.0/../../../../avr/lib/avr5/crtatmega328p.o
fputc                                             d:/ifsc/vscodeleandro/ex/toolchains/avr-gcc/bin/../lib/gcc/avr/12.1.0/../../../../avr/lib/avr5\libc.a(fputc.o)
                                                  d:/ifsc/vscodeleandro/ex/toolchains/avr-gcc/bin/../lib/gcc/avr/12.1.0/../../../../avr/lib/avr5\libc.a(vfprintf_std.o)
free                                              d:/ifsc/vscodeleandro/ex/toolchains/avr-gcc/bin/../lib/gcc/avr/12.1.0/../../../../avr/lib/avr5\libc.a(malloc.o)
                                                  d:/ifsc/vscodeleandro/ex/toolchains/avr-gcc/bin/../lib/gcc/avr/12.1.0/../../../../avr/lib/avr5\libc.a(realloc.o)
                                                  build/keypad.o
lcd                                               build/main.o
lcdStream                                         build/hd44780.o
main                                              build/main.o
                                                  d:/ifsc/vscodeleandro/ex/toolchains/avr-gcc/bin/../lib/gcc/avr/12.1.0/../../../../avr/lib/avr5/crtatmega328p.o
malloc                                            d:/ifsc/vscodeleandro/ex/toolchains/avr-gcc/bin/../lib/gcc/avr/12.1.0/../../../../avr/lib/avr5\libc.a(malloc.o)
                                                  d:/ifsc/vscodeleandro/ex/toolchains/avr-gcc/bin/../lib/gcc/avr/12.1.0/../../../../avr/lib/avr5\libc.a(realloc.o)
memcpy                                            d:/ifsc/vscodeleandro/ex/toolchains/avr-gcc/bin/../lib/gcc/avr/12.1.0/../../../../avr/lib/avr5\libc.a(memcpy.o)
                                                  d:/ifsc/vscodeleandro/ex/toolchains/avr-gcc/bin/../lib/gcc/avr/12.1.0/../../../../avr/lib/avr5\libc.a(realloc.o)
nOvf                                              build/main.o
num                                               build/main.o
printf                                            d:/ifsc/vscodeleandro/ex/toolchains/avr-gcc/bin/../lib/gcc/avr/12.1.0/../../../../avr/lib/avr5\libc.a(printf.o)
                                                  build/main.o
puts                                              d:/ifsc/vscodeleandro/ex/toolchains/avr-gcc/bin/../lib/gcc/avr/12.1.0/../../../../avr/lib/avr5\libc.a(puts.o)
                                                  build/main.o
realloc                                           d:/ifsc/vscodeleandro/ex/toolchains/avr-gcc/bin/../lib/gcc/avr/12.1.0/../../../../avr/lib/avr5\libc.a(realloc.o)
                                                  build/keypad.o
strnlen                                           d:/ifsc/vscodeleandro/ex/toolchains/avr-gcc/bin/../lib/gcc/avr/12.1.0/../../../../avr/lib/avr5\libc.a(strnlen.o)
                                                  d:/ifsc/vscodeleandro/ex/toolchains/avr-gcc/bin/../lib/gcc/avr/12.1.0/../../../../avr/lib/avr5\libc.a(vfprintf_std.o)
strnlen_P                                         d:/ifsc/vscodeleandro/ex/toolchains/avr-gcc/bin/../lib/gcc/avr/12.1.0/../../../../avr/lib/avr5\libc.a(strnlen_P.o)
                                                  d:/ifsc/vscodeleandro/ex/toolchains/avr-gcc/bin/../lib/gcc/avr/12.1.0/../../../../avr/lib/avr5\libc.a(vfprintf_std.o)
timer0                                            build/timer0.o
timer1                                            build/timer1.o
                                                  build/main.o
timer2                                            build/timer2.o
vfprintf                                          d:/ifsc/vscodeleandro/ex/toolchains/avr-gcc/bin/../lib/gcc/avr/12.1.0/../../../../avr/lib/avr5\libc.a(vfprintf_std.o)
                                                  d:/ifsc/vscodeleandro/ex/toolchains/avr-gcc/bin/../lib/gcc/avr/12.1.0/../../../../avr/lib/avr5\libc.a(printf.o)
