Archive member included to satisfy reference by file (symbol)

f:/importante/faculdade/mcc/vscode-avr-win/toolchains/avr-gcc/bin/../lib/gcc/avr/12.1.0/avr5\libgcc.a(_divmodhi4.o)
                              build/hd44780.o (__divmodhi4)
f:/importante/faculdade/mcc/vscode-avr-win/toolchains/avr-gcc/bin/../lib/gcc/avr/12.1.0/avr5\libgcc.a(_udivmodsi4.o)
                              build/twi.o (__udivmodsi4)
f:/importante/faculdade/mcc/vscode-avr-win/toolchains/avr-gcc/bin/../lib/gcc/avr/12.1.0/avr5\libgcc.a(_exit.o)
                              f:/importante/faculdade/mcc/vscode-avr-win/toolchains/avr-gcc/bin/../lib/gcc/avr/12.1.0/../../../../avr/lib/avr5/crtatmega328p.o (exit)
f:/importante/faculdade/mcc/vscode-avr-win/toolchains/avr-gcc/bin/../lib/gcc/avr/12.1.0/avr5\libgcc.a(_tablejump2.o)
                              build/sevenSegmentsDisplay.o (__tablejump2__)
f:/importante/faculdade/mcc/vscode-avr-win/toolchains/avr-gcc/bin/../lib/gcc/avr/12.1.0/avr5\libgcc.a(_copy_data.o)
                              build/sevenSegmentsMuxDisplay.o (__do_copy_data)
f:/importante/faculdade/mcc/vscode-avr-win/toolchains/avr-gcc/bin/../lib/gcc/avr/12.1.0/avr5\libgcc.a(_clear_bss.o)
                              build/hd44780.o (__do_clear_bss)
f:/importante/faculdade/mcc/vscode-avr-win/toolchains/avr-gcc/bin/../lib/gcc/avr/12.1.0/avr5\libgcc.a(_ctors.o)
                              build/adc.o (__do_global_ctors)
f:/importante/faculdade/mcc/vscode-avr-win/toolchains/avr-gcc/bin/../lib/gcc/avr/12.1.0/avr5\libgcc.a(_dtors.o)
                              build/adc.o (__do_global_dtors)
f:/importante/faculdade/mcc/vscode-avr-win/toolchains/avr-gcc/bin/../lib/gcc/avr/12.1.0/avr5\libgcc.a(_umulhisi3.o)
                              build/ds1307.o (__umulhisi3)
f:/importante/faculdade/mcc/vscode-avr-win/toolchains/avr-gcc/bin/../lib/gcc/avr/12.1.0/avr5\libgcc.a(_udivmodhi4.o)
                              f:/importante/faculdade/mcc/vscode-avr-win/toolchains/avr-gcc/bin/../lib/gcc/avr/12.1.0/avr5\libgcc.a(_divmodhi4.o) (__udivmodhi4)
f:/importante/faculdade/mcc/vscode-avr-win/toolchains/avr-gcc/bin/../lib/gcc/avr/12.1.0/../../../../avr/lib/avr5\libc.a(calloc.o)
                              build/twi.o (calloc)
f:/importante/faculdade/mcc/vscode-avr-win/toolchains/avr-gcc/bin/../lib/gcc/avr/12.1.0/../../../../avr/lib/avr5\libc.a(malloc.o)
                              f:/importante/faculdade/mcc/vscode-avr-win/toolchains/avr-gcc/bin/../lib/gcc/avr/12.1.0/../../../../avr/lib/avr5\libc.a(calloc.o) (malloc)
f:/importante/faculdade/mcc/vscode-avr-win/toolchains/avr-gcc/bin/../lib/gcc/avr/12.1.0/../../../../avr/lib/avr5\libc.a(realloc.o)
                              build/keypad.o (realloc)
f:/importante/faculdade/mcc/vscode-avr-win/toolchains/avr-gcc/bin/../lib/gcc/avr/12.1.0/../../../../avr/lib/avr5\libc.a(memcpy.o)
                              f:/importante/faculdade/mcc/vscode-avr-win/toolchains/avr-gcc/bin/../lib/gcc/avr/12.1.0/../../../../avr/lib/avr5\libc.a(realloc.o) (memcpy)
f:/importante/faculdade/mcc/vscode-avr-win/toolchains/avr-gcc/bin/../lib/gcc/avr/12.1.0/../../../../avr/lib/avr5\libc.a(memset.o)
                              f:/importante/faculdade/mcc/vscode-avr-win/toolchains/avr-gcc/bin/../lib/gcc/avr/12.1.0/../../../../avr/lib/avr5\libc.a(calloc.o) (memset)
f:/importante/faculdade/mcc/vscode-avr-win/toolchains/avr-gcc/bin/../lib/gcc/avr/12.1.0/../../../../avr/lib/avr5\libc.a(iob.o)
                              build/hd44780.o (__iob)
f:/importante/faculdade/mcc/vscode-avr-win/toolchains/avr-gcc/bin/../lib/gcc/avr/12.1.0/../../../../avr/lib/avr5\libc.a(printf.o)
                              build/main.o (printf)
f:/importante/faculdade/mcc/vscode-avr-win/toolchains/avr-gcc/bin/../lib/gcc/avr/12.1.0/../../../../avr/lib/avr5\libc.a(putchar.o)
                              build/main.o (putchar)
f:/importante/faculdade/mcc/vscode-avr-win/toolchains/avr-gcc/bin/../lib/gcc/avr/12.1.0/../../../../avr/lib/avr5\libc.a(vfprintf_std.o)
                              f:/importante/faculdade/mcc/vscode-avr-win/toolchains/avr-gcc/bin/../lib/gcc/avr/12.1.0/../../../../avr/lib/avr5\libc.a(printf.o) (vfprintf)
f:/importante/faculdade/mcc/vscode-avr-win/toolchains/avr-gcc/bin/../lib/gcc/avr/12.1.0/../../../../avr/lib/avr5\libc.a(strnlen_P.o)
                              f:/importante/faculdade/mcc/vscode-avr-win/toolchains/avr-gcc/bin/../lib/gcc/avr/12.1.0/../../../../avr/lib/avr5\libc.a(vfprintf_std.o) (strnlen_P)
f:/importante/faculdade/mcc/vscode-avr-win/toolchains/avr-gcc/bin/../lib/gcc/avr/12.1.0/../../../../avr/lib/avr5\libc.a(strnlen.o)
                              f:/importante/faculdade/mcc/vscode-avr-win/toolchains/avr-gcc/bin/../lib/gcc/avr/12.1.0/../../../../avr/lib/avr5\libc.a(vfprintf_std.o) (strnlen)
f:/importante/faculdade/mcc/vscode-avr-win/toolchains/avr-gcc/bin/../lib/gcc/avr/12.1.0/../../../../avr/lib/avr5\libc.a(fputc.o)
[...]
Memory Configuration

Name             Origin             Length             Attributes
text             0x0000000000000000 0x0000000000020000 xr
data             0x0000000000800060 0x000000000000ffa0 rw !x
eeprom           0x0000000000810000 0x0000000000010000 rw !x
fuse             0x0000000000820000 0x0000000000000003 rw !x
lock             0x0000000000830000 0x0000000000000400 rw !x
signature        0x0000000000840000 0x0000000000000400 rw !x
user_signatures  0x0000000000850000 0x0000000000000400 rw !x
*default*        0x0000000000000000 0xffffffffffffffff

Linker script and memory map

Address of section .data set to 0x800100
LOAD f:/importante/faculdade/mcc/vscode-avr-win/toolchains/avr-gcc/bin/../lib/gcc/avr/12.1.0/../../../../avr/lib/avr5/crtatmega328p.o
LOAD build/ds1307.o
LOAD build/hd44780.o
LOAD build/keypad.o
LOAD build/sevenSegmentsDisplay.o
LOAD build/sevenSegmentsMuxDisplay.o
LOAD build/adc.o
LOAD build/int0.o
LOAD build/int1.o
LOAD build/pcint0.o
LOAD build/pcint1.o
LOAD build/pcint2.o
LOAD build/timer0.o
LOAD build/timer1.o
LOAD build/timer2.o
LOAD build/twi.o
LOAD build/dateTime.o
LOAD build/debug.o
LOAD build/systemStatus.o
LOAD build/main.o
LOAD f:/importante/faculdade/mcc/vscode-avr-win/toolchains/avr-gcc/bin/../lib/gcc/avr/12.1.0/avr5\libgcc.a
LOAD f:/importante/faculdade/mcc/vscode-avr-win/toolchains/avr-gcc/bin/../lib/gcc/avr/12.1.0/../../../../avr/lib/avr5\libm.a
START GROUP
LOAD f:/importante/faculdade/mcc/vscode-avr-win/toolchains/avr-gcc/bin/../lib/gcc/avr/12.1.0/avr5\libgcc.a
LOAD f:/importante/faculdade/mcc/vscode-avr-win/toolchains/avr-gcc/bin/../lib/gcc/avr/12.1.0/../../../../avr/lib/avr5\libm.a
LOAD f:/importante/faculdade/mcc/vscode-avr-win/toolchains/avr-gcc/bin/../lib/gcc/avr/12.1.0/../../../../avr/lib/avr5\libc.a
LOAD f:/importante/faculdade/mcc/vscode-avr-win/toolchains/avr-gcc/bin/../lib/gcc/avr/12.1.0/../../../../avr/lib/avr5\libatmega328p.a
END GROUP
                0x0000000000020000                __TEXT_REGION_LENGTH__ = DEFINED (__TEXT_REGION_LENGTH__)?__TEXT_REGION_LENGTH__:0x20000
                0x000000000000ffa0                __DATA_REGION_LENGTH__ = DEFINED (__DATA_REGION_LENGTH__)?__DATA_REGION_LENGTH__:0xffa0
                0x0000000000010000                __EEPROM_REGION_LENGTH__ = DEFINED (__EEPROM_REGION_LENGTH__)?__EEPROM_REGION_LENGTH__:0x10000
                [0x0000000000000003]                __FUSE_REGION_LENGTH__ = DEFINED (__FUSE_REGION_LENGTH__)?__FUSE_REGION_LENGTH__:0x400
                0x0000000000000400                __LOCK_REGION_LENGTH__ = DEFINED (__LOCK_REGION_LENGTH__)?__LOCK_REGION_LENGTH__:0x400
                0x0000000000000400                __SIGNATURE_REGION_LENGTH__ = DEFINED (__SIGNATURE_REGION_LENGTH__)?__SIGNATURE_REGION_LENGTH__:0x400
                0x0000000000000400                __USER_SIGNATURE_REGION_LENGTH__ = DEFINED (__USER_SIGNATURE_REGION_LENGTH__)?__USER_SIGNATURE_REGION_LENGTH__:0x400

.hash
 *(.hash)

.dynsym
 *(.dynsym)

.dynstr
 *(.dynstr)

.gnu.version
 *(.gnu.version)

.gnu.version_d
 *(.gnu.version_d)

.gnu.version_r
 *(.gnu.version_r)

.rel.init
 *(.rel.init)

.rela.init
 *(.rela.init)

.rel.text
 *(.rel.text)
 *(.rel.text.*)
 *(.rel.gnu.linkonce.t*)

.rela.text
 *(.rela.text)
 *(.rela.text.*)
 *(.rela.gnu.linkonce.t*)

.rel.fini
 *(.rel.fini)

.rela.fini
 *(.rela.fini)

.rel.rodata
 *(.rel.rodata)
 *(.rel.rodata.*)
 *(.rel.gnu.linkonce.r*)

.rela.rodata
 *(.rela.rodata)
 *(.rela.rodata.*)
 *(.rela.gnu.linkonce.r*)

.rel.data
 *(.rel.data)
 *(.rel.data.*)
 *(.rel.gnu.linkonce.d*)

.rela.data
 *(.rela.data)
 *(.rela.data.*)
 *(.rela.gnu.linkonce.d*)

.rel.ctors
 *(.rel.ctors)

.rela.ctors
 *(.rela.ctors)

.rel.dtors
 *(.rel.dtors)

.rela.dtors
 *(.rela.dtors)

.rel.got
 *(.rel.got)

.rela.got
 *(.rela.got)

.rel.bss
 *(.rel.bss)

.rela.bss
 *(.rela.bss)

.rel.plt
 *(.rel.plt)

.rela.plt
 *(.rela.plt)

.text           0x0000000000000000     0x2c00
 *(.vectors)
 .vectors       0x0000000000000000       0x68 f:/importante/faculdade/mcc/vscode-avr-win/toolchains/avr-gcc/bin/../lib/gcc/avr/12.1.0/../../../../avr/lib/avr5/crtatmega328p.o
                0x0000000000000000                __vector_default
                0x0000000000000000                __vectors
 *(.vectors)
 *(.progmem.gcc*)
                0x0000000000000068                . = ALIGN (0x2)
                0x0000000000000068                __trampolines_start = .
 *(.trampolines)
 .trampolines   0x0000000000000068        0x0 linker stubs
 *(.trampolines*)
                0x0000000000000068                __trampolines_end = .
 *libprintf_flt.a:*(.progmem.data)
 *libc.a:*(.progmem.data)
 *(.progmem.*)
                0x0000000000000068                . = ALIGN (0x2)
 *(.lowtext)
 *(.lowtext*)
                0x0000000000000068                __ctors_start = .
 *(.ctors)
 .ctors         0x0000000000000068        0x2 build/adc.o
 .ctors         0x000000000000006a        0x2 build/int0.o
 .ctors         0x000000000000006c        0x2 build/int1.o
 .ctors         0x000000000000006e        0x2 build/pcint0.o
 .ctors         0x0000000000000070        0x2 build/pcint1.o
 .ctors         0x0000000000000072        0x2 build/pcint2.o
 .ctors         0x0000000000000074        0x2 build/timer0.o
 .ctors         0x0000000000000076        0x2 build/timer1.o
 .ctors         0x0000000000000078        0x2 build/timer2.o
 .ctors         0x000000000000007a        0x2 build/twi.o
 .ctors         0x000000000000007c        0x2 build/systemStatus.o
                0x000000000000007e                __ctors_end = .
                0x000000000000007e                __dtors_start = .
 *(.dtors)
 .dtors         0x000000000000007e        0x2 build/adc.o
 .dtors         0x0000000000000080        0x2 build/int0.o
 .dtors         0x0000000000000082        0x2 build/int1.o
 .dtors         0x0000000000000084        0x2 build/pcint0.o
 .dtors         0x0000000000000086        0x2 build/pcint1.o
 .dtors         0x0000000000000088        0x2 build/pcint2.o
 .dtors         0x000000000000008a        0x2 build/timer0.o
 .dtors         0x000000000000008c        0x2 build/timer1.o
 .dtors         0x000000000000008e        0x2 build/timer2.o
 .dtors         0x0000000000000090        0x2 build/twi.o
 .dtors         0x0000000000000092        0x2 build/systemStatus.o
                0x0000000000000094                __dtors_end = .
 SORT_BY_NAME(*)(.ctors)
 SORT_BY_NAME(*)(.dtors)
 *(.init0)
 .init0         0x0000000000000094        0x0 f:/importante/faculdade/mcc/vscode-avr-win/toolchains/avr-gcc/bin/../lib/gcc/avr/12.1.0/../../../../avr/lib/avr5/crtatmega328p.o
                0x0000000000000094                __init
 *(.init0)
 *(.init1)
 *(.init1)
 *(.init2)
 .init2         0x0000000000000094        0xc f:/importante/faculdade/mcc/vscode-avr-win/toolchains/avr-gcc/bin/../lib/gcc/avr/12.1.0/../../../../avr/lib/avr5/crtatmega328p.o
 *(.init2)
 *(.init3)
 *(.init3)
 *(.init4)
 .init4         0x00000000000000a0       0x16 f:/importante/faculdade/mcc/vscode-avr-win/toolchains/avr-gcc/bin/../lib/gcc/avr/12.1.0/avr5\libgcc.a(_copy_data.o)
                0x00000000000000a0                __do_copy_data
 .init4         0x00000000000000b6       0x10 f:/importante/faculdade/mcc/vscode-avr-win/toolchains/avr-gcc/bin/../lib/gcc/avr/12.1.0/avr5\libgcc.a(_clear_bss.o)
                0x00000000000000b6                __do_clear_bss
 *(.init4)
 *(.init5)
 *(.init5)
 *(.init6)
 .init6         0x00000000000000c6       0x16 f:/importante/faculdade/mcc/vscode-avr-win/toolchains/avr-gcc/bin/../lib/gcc/avr/12.1.0/avr5\libgcc.a(_ctors.o)
                0x00000000000000c6                __do_global_ctors
 *(.init6)
 *(.init7)
 *(.init7)
 *(.init8)
 *(.init8)
 *(.init9)
 .init9         0x00000000000000dc        0x8 f:/importante/faculdade/mcc/vscode-avr-win/toolchains/avr-gcc/bin/../lib/gcc/avr/12.1.0/../../../../avr/lib/avr5/crtatmega328p.o
 *(.init9)
 *(.text)
 .text          0x00000000000000e4        0x4 f:/importante/faculdade/mcc/vscode-avr-win/toolchains/avr-gcc/bin/../lib/gcc/avr/12.1.0/../../../../avr/lib/avr5/crtatmega328p.o
                0x00000000000000e4                __vector_22
                0x00000000000000e4                __bad_interrupt
                0x00000000000000e4                __vector_6
                0x00000000000000e4                __vector_23
                0x00000000000000e4                __vector_25
                0x00000000000000e4                __vector_17
                0x00000000000000e4                __vector_19
                0x00000000000000e4                __vector_18
                0x00000000000000e4                __vector_20
                0x00000000000000e8                . = ALIGN (0x2)
 *(.text.*)
 .text._ZN7Hd44780C2Ev
                0x00000000000000e8       0xb2 build/hd44780.o
                0x00000000000000e8                _ZN7Hd44780C1Ev
                0x00000000000000e8                _ZN7Hd44780C2Ev
 .text._ZN7Hd4478014controlPortSetEPVhhhh
                0x000000000000019a       0xce build/hd44780.o
                0x000000000000019a                _ZN7Hd4478014controlPortSetEPVhhhh
 .text._ZN7Hd4478011dataPortSetEPVhh
                0x0000000000000268       0x6e build/hd44780.o
                0x0000000000000268                _ZN7Hd4478011dataPortSetEPVhh
 .text._ZN7Hd447805stdioEv
                0x00000000000002d6       0x30 build/hd44780.o
                0x00000000000002d6                _ZN7Hd447805stdioEv
 .text._ZN7Hd4478017_functionSet8BitsEh
                0x0000000000000306      0x120 build/hd44780.o
                0x0000000000000306                _ZN7Hd4478017_functionSet8BitsEh
 .text._ZN7Hd4478015_waitUntilReadyEv
                0x0000000000000426      0x206 build/hd44780.o
                0x0000000000000426                _ZN7Hd4478015_waitUntilReadyEv
 .text._ZN7Hd4478013_writeCommandEh
                0x000000000000062c      0x1d6 build/hd44780.o
                0x000000000000062c                _ZN7Hd4478013_writeCommandEh
 .text._ZN7Hd447804initENS_4SizeENS_4FontEbb
                0x0000000000000802      0x2ee build/hd44780.o
                0x0000000000000802                _ZN7Hd447804initENS_4SizeENS_4FontEbb
 .text._ZN7Hd4478011clearScreenEv
                0x0000000000000af0       0x30 build/hd44780.o
                0x0000000000000af0                _ZN7Hd4478011clearScreenEv
 .text._ZN7Hd4478010cursorGoToEhh
                0x0000000000000b20      0x15a build/hd44780.o
                0x0000000000000b20                _ZN7Hd4478010cursorGoToEhh
 .text._ZN7Hd4478018cursorMoveNextLineEv
                0x0000000000000c7a       0x48 build/hd44780.o
                0x0000000000000c7a                _ZN7Hd4478018cursorMoveNextLineEv
 .text._ZN7Hd4478015_writeCharacterEhb
                0x0000000000000cc2      0x1de build/hd44780.o
                0x0000000000000cc2                _ZN7Hd4478015_writeCharacterEhb
 .text._ZL11lcdWriteStdcP6__file
                0x0000000000000ea0       0x66 build/hd44780.o
 .text._ZN6KeypadC2Ev
                0x0000000000000f06       0x50 build/keypad.o
                0x0000000000000f06                _ZN6KeypadC2Ev
                0x0000000000000f06                _ZN6KeypadC1Ev
 .text._ZN6Keypad12setKeyValuesENS_4TypeEz
                0x0000000000000f56      0x18a build/keypad.o
                0x0000000000000f56                _ZN6Keypad12setKeyValuesENS_4TypeEz
 .text._ZN3AdcC2Ev
                0x00000000000010e0       0x2c build/adc.o
                0x00000000000010e0                _ZN3AdcC1Ev
                0x00000000000010e0                _ZN3AdcC2Ev
 .text._Z41__static_initialization_and_destruction_0ii
                0x000000000000110c       0x1a build/adc.o
 .text._Z29adcConversionCompleteCallbackv
                0x0000000000001126        0x2 build/adc.o
                0x0000000000001126                _Z29adcConversionCompleteCallbackv
 .text.__vector_21
                0x0000000000001128       0x48 build/adc.o
                0x0000000000001128                __vector_21
 .text._GLOBAL__sub_I_adc
                0x0000000000001170        0xe build/adc.o
 .text._GLOBAL__sub_D_adc
                0x000000000000117e        0xe build/adc.o
 .text._ZN4Int0C2Ev
                0x000000000000118c       0x12 build/int0.o
                0x000000000000118c                _ZN4Int0C1Ev
                0x000000000000118c                _ZN4Int0C2Ev
 .text._Z41__static_initialization_and_destruction_0ii
                0x000000000000119e       0x1a build/int0.o
 .text._ZN4Int04initENS_9SenseModeE
                0x00000000000011b8       0x20 build/int0.o
                0x00000000000011b8                _ZN4Int04initENS_9SenseModeE
 .text.__vector_1
                0x00000000000011d8       0x48 build/int0.o
                0x00000000000011d8                __vector_1
 .text._GLOBAL__sub_I_int0
                0x0000000000001220        0xe build/int0.o
 .text._GLOBAL__sub_D_int0
                0x000000000000122e        0xe build/int0.o
 .text._ZN4Int1C2Ev
                0x000000000000123c       0x12 build/int1.o
                0x000000000000123c                _ZN4Int1C1Ev
                0x000000000000123c                _ZN4Int1C2Ev
 .text._Z41__static_initialization_and_destruction_0ii
                0x000000000000124e       0x1a build/int1.o
 .text._Z21int1InterruptCallbackv
                0x0000000000001268        0x2 build/int1.o
                0x0000000000001268                _Z21int1InterruptCallbackv
 .text.__vector_2
                0x000000000000126a       0x48 build/int1.o
                0x000000000000126a                __vector_2
 .text._GLOBAL__sub_I_int1
                0x00000000000012b2        0xe build/int1.o
 .text._GLOBAL__sub_D_int1
                0x00000000000012c0        0xe build/int1.o
 .text._ZN6Pcint0C2Ev
                0x00000000000012ce       0x12 build/pcint0.o
                0x00000000000012ce                _ZN6Pcint0C2Ev
                0x00000000000012ce                _ZN6Pcint0C1Ev
 .text._Z41__static_initialization_and_destruction_0ii
                0x00000000000012e0       0x1a build/pcint0.o
 .text._Z23pcint0InterruptCallbackv
                0x00000000000012fa        0x2 build/pcint0.o
                0x00000000000012fa                _Z23pcint0InterruptCallbackv
 .text.__vector_3
                0x00000000000012fc       0x48 build/pcint0.o
                0x00000000000012fc                __vector_3
 .text._GLOBAL__sub_I_pcint0
                0x0000000000001344        0xe build/pcint0.o
 .text._GLOBAL__sub_D_pcint0
                0x0000000000001352        0xe build/pcint0.o
 .text._ZN6Pcint1C2Ev
                0x0000000000001360       0x12 build/pcint1.o
                0x0000000000001360                _ZN6Pcint1C1Ev
                0x0000000000001360                _ZN6Pcint1C2Ev
 .text._Z41__static_initialization_and_destruction_0ii
                0x0000000000001372       0x1a build/pcint1.o
 .text._Z23pcint1InterruptCallbackv
                0x000000000000138c        0x2 build/pcint1.o
                0x000000000000138c                _Z23pcint1InterruptCallbackv
 .text.__vector_4
                0x000000000000138e       0x48 build/pcint1.o
                0x000000000000138e                __vector_4
 .text._GLOBAL__sub_I_pcint1
                0x00000000000013d6        0xe build/pcint1.o
 .text._GLOBAL__sub_D_pcint1
                0x00000000000013e4        0xe build/pcint1.o
 .text._ZN6Pcint2C2Ev
                0x00000000000013f2       0x12 build/pcint2.o
                0x00000000000013f2                _ZN6Pcint2C1Ev
                0x00000000000013f2                _ZN6Pcint2C2Ev
 .text._Z41__static_initialization_and_destruction_0ii
                0x0000000000001404       0x1a build/pcint2.o
 .text._Z23pcint2InterruptCallbackv
                0x000000000000141e        0x2 build/pcint2.o
                0x000000000000141e                _Z23pcint2InterruptCallbackv
 .text.__vector_5
                0x0000000000001420       0x48 build/pcint2.o
                0x0000000000001420                __vector_5
 .text._GLOBAL__sub_I_pcint2
                0x0000000000001468        0xe build/pcint2.o
 .text._GLOBAL__sub_D_pcint2
                0x0000000000001476        0xe build/pcint2.o
 .text._ZN6Timer0C2Ev
                0x0000000000001484       0x14 build/timer0.o
                0x0000000000001484                _ZN6Timer0C2Ev
                0x0000000000001484                _ZN6Timer0C1Ev
 .text._Z41__static_initialization_and_destruction_0ii
                0x0000000000001498       0x1a build/timer0.o
 .text._ZN6Timer07setModeENS_4ModeE
                0x00000000000014b2       0x36 build/timer0.o
                0x00000000000014b2                _ZN6Timer07setModeENS_4ModeE
 .text._ZN6Timer014setClockSourceENS_11ClockSourceE
                0x00000000000014e8       0x16 build/timer0.o
                0x00000000000014e8                _ZN6Timer014setClockSourceENS_11ClockSourceE
 .text._Z22timer0CompareBCallbackv
                0x00000000000014fe        0x2 build/timer0.o
                0x00000000000014fe                _Z22timer0CompareBCallbackv
 .text._Z22timer0OverflowCallbackv
                0x0000000000001500        0x2 build/timer0.o
                0x0000000000001500                _Z22timer0OverflowCallbackv
 .text.__vector_14
                0x0000000000001502       0x48 build/timer0.o
                0x0000000000001502                __vector_14
 .text.__vector_15
                0x000000000000154a       0x48 build/timer0.o
                0x000000000000154a                __vector_15
 .text.__vector_16
                0x0000000000001592       0x48 build/timer0.o
                0x0000000000001592                __vector_16
 .text._GLOBAL__sub_I_timer0
                0x00000000000015da        0xe build/timer0.o
 .text._GLOBAL__sub_D_timer0
                0x00000000000015e8        0xe build/timer0.o
 .text._ZN6Timer1C2Ev
                0x00000000000015f6       0x14 build/timer1.o
                0x00000000000015f6                _ZN6Timer1C1Ev
                0x00000000000015f6                _ZN6Timer1C2Ev
 .text._Z41__static_initialization_and_destruction_0ii
                0x000000000000160a       0x1a build/timer1.o
 .text._Z22timer1CompareACallbackv
                0x0000000000001624        0x2 build/timer1.o
                0x0000000000001624                _Z22timer1CompareACallbackv
 .text._Z22timer1CompareBCallbackv
                0x0000000000001626        0x2 build/timer1.o
                0x0000000000001626                _Z22timer1CompareBCallbackv
 .text._Z26timer1InputCaptureCallbackv
                0x0000000000001628        0x2 build/timer1.o
                0x0000000000001628                _Z26timer1InputCaptureCallbackv
 .text._Z22timer1OverflowCallbackv
                0x000000000000162a        0x2 build/timer1.o
                0x000000000000162a                _Z22timer1OverflowCallbackv
 .text.__vector_11
                0x000000000000162c       0x48 build/timer1.o
                0x000000000000162c                __vector_11
 .text.__vector_12
                0x0000000000001674       0x48 build/timer1.o
                0x0000000000001674                __vector_12
 .text.__vector_10
                0x00000000000016bc       0x48 build/timer1.o
                0x00000000000016bc                __vector_10
 .text.__vector_13
                0x0000000000001704       0x48 build/timer1.o
                0x0000000000001704                __vector_13
 .text._GLOBAL__sub_I_timer1
                0x000000000000174c        0xe build/timer1.o
 .text._GLOBAL__sub_D_timer1
                0x000000000000175a        0xe build/timer1.o
 .text._ZN6Timer2C2Ev
                0x0000000000001768       0x14 build/timer2.o
                0x0000000000001768                _ZN6Timer2C2Ev
                0x0000000000001768                _ZN6Timer2C1Ev
 .text._Z41__static_initialization_and_destruction_0ii
                0x000000000000177c       0x1a build/timer2.o
 .text._Z22timer2CompareACallbackv
                0x0000000000001796        0x2 build/timer2.o
                0x0000000000001796                _Z22timer2CompareACallbackv
 .text._Z22timer2CompareBCallbackv
                0x0000000000001798        0x2 build/timer2.o
                0x0000000000001798                _Z22timer2CompareBCallbackv
 .text._Z22timer2OverflowCallbackv
                0x000000000000179a        0x2 build/timer2.o
                0x000000000000179a                _Z22timer2OverflowCallbackv
 .text.__vector_7
                0x000000000000179c       0x48 build/timer2.o
                0x000000000000179c                __vector_7
 .text.__vector_8
                0x00000000000017e4       0x48 build/timer2.o
                0x00000000000017e4                __vector_8
 .text.__vector_9
                0x000000000000182c       0x48 build/timer2.o
                0x000000000000182c                __vector_9
 .text._GLOBAL__sub_I_timer2
                0x0000000000001874        0xe build/timer2.o
 .text._GLOBAL__sub_D_timer2
                0x0000000000001882        0xe build/timer2.o
 .text._ZN3Bus7readRegEhPhj
                0x0000000000001890        0xe build/twi.o
                0x0000000000001890                _ZN3Bus7readRegEhPhj
 .text._ZN3Bus8sendDataEPhj
                0x000000000000189e        0xe build/twi.o
                0x000000000000189e                _ZN3Bus8sendDataEPhj
 .text._ZN3Bus8sendDataEPKhPhj
                0x00000000000018ac        0xe build/twi.o
                0x00000000000018ac                _ZN3Bus8sendDataEPKhPhj
 .text._ZN3Bus8writeRegEhPKhj
                0x00000000000018ba        0xe build/twi.o
                0x00000000000018ba                _ZN3Bus8writeRegEhPKhj
 .text._ZN3Bus9setDeviceEjb
                0x00000000000018c8        0xe build/twi.o
                0x00000000000018c8                _ZN3Bus9setDeviceEjb
 .text._ZN3Bus9setDeviceEPFvvES1_
                0x00000000000018d6        0xe build/twi.o
                0x00000000000018d6                _ZN3Bus9setDeviceEPFvvES1_
 .text._ZN3Bus10getBusTypeEv
                0x00000000000018e4        0x6 build/twi.o
                0x00000000000018e4                _ZN3Bus10getBusTypeEv
 .text._ZN3Bus12getLastErrorEv
                0x00000000000018ea        0x8 build/twi.o
                0x00000000000018ea                _ZN3Bus12getLastErrorEv
 .text._ZN3Twi9setDeviceEjb
                0x00000000000018f2       0x4c build/twi.o
                0x00000000000018f2                _ZN3Twi9setDeviceEjb
 .text._ZN3Twi10getBusTypeEv
                0x000000000000193e        0x6 build/twi.o
                0x000000000000193e                _ZN3Twi10getBusTypeEv
 .text._ZN3Twi12getLastErrorEv
                0x0000000000001944        0x8 build/twi.o
                0x0000000000001944                _ZN3Twi12getLastErrorEv
 .text._ZN3TwiC2Ev
                0x000000000000194c       0x46 build/twi.o
                0x000000000000194c                _ZN3TwiC1Ev
                0x000000000000194c                _ZN3TwiC2Ev
 .text._ZN3TwiD2Ev
                0x0000000000001992        0xc build/twi.o
                0x0000000000001992                _ZN3TwiD2Ev
                0x0000000000001992                _ZN3TwiD1Ev
 .text._Z41__static_initialization_and_destruction_0ii
                0x000000000000199e       0x44 build/twi.o
 .text._ZN3Twi16_waitWhileIsBusyEv
                0x00000000000019e2       0xb4 build/twi.o
                0x00000000000019e2                _ZN3Twi16_waitWhileIsBusyEv
 .text._ZN3Twi17_startTrasmissionEv
                0x0000000000001a96       0x20 build/twi.o
                0x0000000000001a96                _ZN3Twi17_startTrasmissionEv
 .text._ZN3Twi15_readFromBufferEPhh
                0x0000000000001ab6       0x54 build/twi.o
                0x0000000000001ab6                _ZN3Twi15_readFromBufferEPhh
 .text._ZN3Twi8sendDataEhNS_9OperationEhPhh
                0x0000000000001b0a      0x15a build/twi.o
                0x0000000000001b0a                _ZN3Twi8sendDataEhNS_9OperationEhPhh
 .text._ZN3Twi7readRegEhPhj
                0x0000000000001c64       0x58 build/twi.o
                0x0000000000001c64                _ZN3Twi7readRegEhPhj
 .text._ZN3Twi8writeRegEhPKhj
                0x0000000000001cbc       0x58 build/twi.o
                0x0000000000001cbc                _ZN3Twi8writeRegEhPKhj
 .text._ZN3Twi16interruptHandlerEv
                0x0000000000001d14      0x102 build/twi.o
                0x0000000000001d14                _ZN3Twi16interruptHandlerEv
 .text.__vector_24
                0x0000000000001e16       0x4c build/twi.o
                0x0000000000001e16                __vector_24
 .text._GLOBAL__sub_I_twi
                0x0000000000001e62        0xe build/twi.o
 .text._GLOBAL__sub_D_twi
                0x0000000000001e70        0xe build/twi.o
 .text._ZN12SystemStatusC2Ev
                0x0000000000001e7e       0x34 build/systemStatus.o
                0x0000000000001e7e                _ZN12SystemStatusC2Ev
                0x0000000000001e7e                _ZN12SystemStatusC1Ev
 .text._Z41__static_initialization_and_destruction_0ii
                0x0000000000001eb2       0x1a build/systemStatus.o
 .text._ZN12SystemStatus13readStopwatchEv
                0x0000000000001ecc       0x32 build/systemStatus.o
                0x0000000000001ecc                _ZN12SystemStatus13readStopwatchEv
 .text._GLOBAL__sub_I_systemStatus
                0x0000000000001efe        0xe build/systemStatus.o
 .text._GLOBAL__sub_D_systemStatus
                0x0000000000001f0c        0xe build/systemStatus.o
 .text._Z7lerbitsv
                0x0000000000001f1a       0x74 build/main.o
                0x0000000000001f1a                _Z7lerbitsv
 .text._Z8lerteclav
                0x0000000000001f8e       0x4e build/main.o
                0x0000000000001f8e                _Z8lerteclav
 .text.main     0x0000000000001fdc      0x1a6 build/main.o
                0x0000000000001fdc                main
 .text._Z22timer0CompareACallbackv
                0x0000000000002182        0x6 build/main.o
                0x0000000000002182                _Z22timer0CompareACallbackv
 .text._Z21int0InterruptCallbackv
                0x0000000000002188        0x6 build/main.o
                0x0000000000002188                _Z21int0InterruptCallbackv
 .text.libgcc.div
                0x000000000000218e       0x28 f:/importante/faculdade/mcc/vscode-avr-win/toolchains/avr-gcc/bin/../lib/gcc/avr/12.1.0/avr5\libgcc.a(_divmodhi4.o)
                0x000000000000218e                _div
                0x000000000000218e                __divmodhi4
 .text.libgcc   0x00000000000021b6        0xc f:/importante/faculdade/mcc/vscode-avr-win/toolchains/avr-gcc/bin/../lib/gcc/avr/12.1.0/avr5\libgcc.a(_tablejump2.o)
                0x00000000000021b6                __tablejump2__
 .text.libgcc.mul
                0x00000000000021c2       0x1e f:/importante/faculdade/mcc/vscode-avr-win/toolchains/avr-gcc/bin/../lib/gcc/avr/12.1.0/avr5\libgcc.a(_umulhisi3.o)
                0x00000000000021c2                __umulhisi3
 .text.libgcc.div
                0x00000000000021e0       0x28 f:/importante/faculdade/mcc/vscode-avr-win/toolchains/avr-gcc/bin/../lib/gcc/avr/12.1.0/avr5\libgcc.a(_udivmodhi4.o)
                0x00000000000021e0                __udivmodhi4
 .text.avr-libc
                0x0000000000002208      0x26e f:/importante/faculdade/mcc/vscode-avr-win/toolchains/avr-gcc/bin/../lib/gcc/avr/12.1.0/../../../../avr/lib/avr5\libc.a(malloc.o)
                0x0000000000002208                malloc
                0x0000000000002334                free
 .text.avr-libc
                0x0000000000002476      0x16c f:/importante/faculdade/mcc/vscode-avr-win/toolchains/avr-gcc/bin/../lib/gcc/avr/12.1.0/../../../../avr/lib/avr5\libc.a(realloc.o)
                0x0000000000002476                realloc
 .text.avr-libc
                0x00000000000025e2       0x12 f:/importante/faculdade/mcc/vscode-avr-win/toolchains/avr-gcc/bin/../lib/gcc/avr/12.1.0/../../../../avr/lib/avr5\libc.a(memcpy.o)
                0x00000000000025e2                memcpy
 .text.avr-libc
                0x00000000000025f4       0x2c f:/importante/faculdade/mcc/vscode-avr-win/toolchains/avr-gcc/bin/../lib/gcc/avr/12.1.0/../../../../avr/lib/avr5\libc.a(printf.o)
                0x00000000000025f4                printf
 .text.avr-libc
                0x0000000000002620        0xe f:/importante/faculdade/mcc/vscode-avr-win/toolchains/avr-gcc/bin/../lib/gcc/avr/12.1.0/../../../../avr/lib/avr5\libc.a(putchar.o)
                0x0000000000002620                putchar
 .text.avr-libc
                0x000000000000262e      0x402 f:/importante/faculdade/mcc/vscode-avr-win/toolchains/avr-gcc/bin/../lib/gcc/avr/12.1.0/../../../../avr/lib/avr5\libc.a(vfprintf_std.o)
                0x000000000000262e                vfprintf
 .text.avr-libc
                0x0000000000002a30       0x16 f:/importante/faculdade/mcc/vscode-avr-win/toolchains/avr-gcc/bin/../lib/gcc/avr/12.1.0/../../../../avr/lib/avr5\libc.a(strnlen_P.o)
                0x0000000000002a30                strnlen_P
 .text.avr-libc
                0x0000000000002a46       0x16 f:/importante/faculdade/mcc/vscode-avr-win/toolchains/avr-gcc/bin/../lib/gcc/avr/12.1.0/../../../../avr/lib/avr5\libc.a(strnlen.o)
                0x0000000000002a46                strnlen
 .text.avr-libc
                0x0000000000002a5c       0x60 f:/importante/faculdade/mcc/vscode-avr-win/toolchains/avr-gcc/bin/../lib/gcc/avr/12.1.0/../../../../avr/lib/avr5\libc.a(fputc.o)
                0x0000000000002a5c                fputc
 .text.avr-libc
                0x0000000000002abc       0xbc f:/importante/faculdade/mcc/vscode-avr-win/toolchains/avr-gcc/bin/../lib/gcc/avr/12.1.0/../../../../avr/lib/avr5\libc.a(ultoa_invert.o)
                0x0000000000002abc                __ultoa_invert
 .text.libgcc.prologue
                0x0000000000002b78       0x38 f:/importante/faculdade/mcc/vscode-avr-win/toolchains/avr-gcc/bin/../lib/gcc/avr/12.1.0/avr5\libgcc.a(_prologue.o)
                0x0000000000002b78                __prologue_saves__
 .text.libgcc.prologue
                0x0000000000002bb0       0x36 f:/importante/faculdade/mcc/vscode-avr-win/toolchains/avr-gcc/bin/../lib/gcc/avr/12.1.0/avr5\libgcc.a(_epilogue.o)
                0x0000000000002bb0                __epilogue_restores__
                0x0000000000002be6                . = ALIGN (0x2)
 *(.fini9)
 .fini9         0x0000000000002be6        0x0 f:/importante/faculdade/mcc/vscode-avr-win/toolchains/avr-gcc/bin/../lib/gcc/avr/12.1.0/avr5\libgcc.a(_exit.o)
                0x0000000000002be6                _exit
                0x0000000000002be6                exit
 *(.fini9)
 *(.fini8)
 *(.fini8)
 *(.fini7)
 *(.fini7)
 *(.fini6)
 .fini6         0x0000000000002be6       0x16 f:/importante/faculdade/mcc/vscode-avr-win/toolchains/avr-gcc/bin/../lib/gcc/avr/12.1.0/avr5\libgcc.a(_dtors.o)
                0x0000000000002be6                __do_global_dtors
 *(.fini6)
 *(.fini5)
 *(.fini5)
 *(.fini4)
 *(.fini4)
 *(.fini3)
 *(.fini3)
 *(.fini2)
 *(.fini2)
 *(.fini1)
 *(.fini1)
 *(.fini0)
 .fini0         0x0000000000002bfc        0x4 f:/importante/faculdade/mcc/vscode-avr-win/toolchains/avr-gcc/bin/../lib/gcc/avr/12.1.0/avr5\libgcc.a(_exit.o)
 *(.fini0)
 *(.hightext)
 *(.hightext*)
 *(.progmemx.*)
                0x0000000000002c00                . = ALIGN (0x2)
 *(.jumptables)
 *(.jumptables*)
                0x0000000000002c00                _etext = .

.data           0x0000000000800100       0x32 load address 0x0000000000002c00
                0x0000000000800100                PROVIDE (__data_start = .)
 *(.data)
 .data          0x0000000000800100        0x6 f:/importante/faculdade/mcc/vscode-avr-win/toolchains/avr-gcc/bin/../lib/gcc/avr/12.1.0/../../../../avr/lib/avr5\libc.a(malloc.o)
                0x0000000000800100                __malloc_heap_end
                0x0000000000800102                __malloc_heap_start
                0x0000000000800104                __malloc_margin
 *(.data*)
 *(.gnu.linkonce.d*)
 *(.rodata)
 *(.rodata*)
 .rodata._ZTV3Bus
                0x0000000000800106       0x14 build/twi.o
                0x0000000000800106                _ZTV3Bus
 .rodata._ZTV3Twi
                0x000000000080011a       0x14 build/twi.o
                0x000000000080011a                _ZTV3Twi
 .rodata.main.str1.1
                0x000000000080012e        0x4 build/main.o
 *(.gnu.linkonce.r*)
                0x0000000000800132                . = ALIGN (0x2)
                0x0000000000800132                _edata = .
                0x0000000000800132                PROVIDE (__data_end = .)

.bss            0x0000000000800132       0x73
                0x0000000000800132                PROVIDE (__bss_start = .)
 *(.bss)
 .bss           0x0000000000800132        0x4 f:/importante/faculdade/mcc/vscode-avr-win/toolchains/avr-gcc/bin/../lib/gcc/avr/12.1.0/../../../../avr/lib/avr5\libc.a(malloc.o)
                0x0000000000800132                __flp
                0x0000000000800134                __brkval
 .bss           0x0000000000800136        0x6 f:/importante/faculdade/mcc/vscode-avr-win/toolchains/avr-gcc/bin/../lib/gcc/avr/12.1.0/../../../../avr/lib/avr5\libc.a(iob.o)
                0x0000000000800136                __iob
 *(.bss*)
 .bss.defaultDisplay
                0x000000000080013c        0x2 build/hd44780.o
                0x000000000080013c                defaultDisplay
 .bss.lcdStream
                0x000000000080013e        0xe build/hd44780.o
                0x000000000080013e                lcdStream
 .bss.adc       0x000000000080014c        0x9 build/adc.o
                0x000000000080014c                adc
 .bss.int0      0x0000000000800155        0x4 build/int0.o
                0x0000000000800155                int0
 .bss.int1      0x0000000000800159        0x4 build/int1.o
                0x0000000000800159                int1
 .bss.pcint0    0x000000000080015d        0x4 build/pcint0.o
                0x000000000080015d                pcint0
 .bss.pcint1    0x0000000000800161        0x4 build/pcint1.o
                0x0000000000800161                pcint1
 .bss.pcint2    0x0000000000800165        0x4 build/pcint2.o
                0x0000000000800165                pcint2
 .bss.timer0    0x0000000000800169        0x5 build/timer0.o
                0x0000000000800169                timer0
 .bss.timer1    0x000000000080016e        0x5 build/timer1.o
                0x000000000080016e                timer1
 .bss.timer2    0x0000000000800173        0x5 build/timer2.o
                0x0000000000800173                timer2
 .bss._ZZN3Twi16interruptHandlerEvE16twiBufferPointer
                0x0000000000800178        0x1 build/twi.o
 .bss.twi       0x0000000000800179       0x13 build/twi.o
                0x0000000000800179                twi
 .bss.systemStatus
                0x000000000080018c       0x15 build/systemStatus.o
                0x000000000080018c                systemStatus
 .bss.cursor    0x00000000008001a1        0x1 build/main.o
                0x00000000008001a1                cursor
 .bss.tecla     0x00000000008001a2        0x1 build/main.o
                0x00000000008001a2                tecla
 .bss.fint0     0x00000000008001a3        0x1 build/main.o
                0x00000000008001a3                fint0
 .bss.timer0flag
                0x00000000008001a4        0x1 build/main.o
                0x00000000008001a4                timer0flag
 *(COMMON)
                0x00000000008001a5                PROVIDE (__bss_end = .)
                0x0000000000002c00                __data_load_start = LOADADDR (.data)
                0x0000000000002c32                __data_load_end = (__data_load_start + SIZEOF (.data))

.noinit         0x00000000008001a5        0x0
                [!provide]                        PROVIDE (__noinit_start = .)
 *(.noinit .noinit.* .gnu.linkonce.n.*)
                [!provide]                        PROVIDE (__noinit_end = .)
                0x00000000008001a5                _end = .
                0x00000000008001a5                PROVIDE (__heap_start = .)

.eeprom         0x0000000000810000        0x0
 *(.eeprom*)
                0x0000000000810000                __eeprom_end = .

.fuse
 *(.fuse)
 *(.lfuse)
 *(.hfuse)
 *(.efuse)

.lock
 *(.lock*)

.signature
 *(.signature*)

.stab
 *(.stab)

.stabstr
 *(.stabstr)

.stab.excl
 *(.stab.excl)

.stab.exclstr
 *(.stab.exclstr)

.stab.index
 *(.stab.index)

.stab.indexstr
 *(.stab.indexstr)

.comment        0x0000000000000000       0x12
 *(.comment)
 .comment       0x0000000000000000       0x12 build/hd44780.o
                                         0x13 (size before relaxing)
 .comment       0x0000000000000012       0x13 build/keypad.o
 .comment       0x0000000000000012       0x13 build/adc.o
 .comment       0x0000000000000012       0x13 build/int0.o
 .comment       0x0000000000000012       0x13 build/int1.o
 .comment       0x0000000000000012       0x13 build/pcint0.o
 .comment       0x0000000000000012       0x13 build/pcint1.o
 .comment       0x0000000000000012       0x13 build/pcint2.o
 .comment       0x0000000000000012       0x13 build/timer0.o
 .comment       0x0000000000000012       0x13 build/timer1.o
 .comment       0x0000000000000012       0x13 build/timer2.o
 .comment       0x0000000000000012       0x13 build/twi.o
 .comment       0x0000000000000012       0x13 build/systemStatus.o
 .comment       0x0000000000000012       0x13 build/main.o
 .comment       0x0000000000000012       0x13 f:/importante/faculdade/mcc/vscode-avr-win/toolchains/avr-gcc/bin/../lib/gcc/avr/12.1.0/../../../../avr/lib/avr5\libc.a(malloc.o)
 .comment       0x0000000000000012       0x13 f:/importante/faculdade/mcc/vscode-avr-win/toolchains/avr-gcc/bin/../lib/gcc/avr/12.1.0/../../../../avr/lib/avr5\libc.a(realloc.o)
 .comment       0x0000000000000012       0x13 f:/importante/faculdade/mcc/vscode-avr-win/toolchains/avr-gcc/bin/../lib/gcc/avr/12.1.0/../../../../avr/lib/avr5\libc.a(iob.o)
 .comment       0x0000000000000012       0x13 f:/importante/faculdade/mcc/vscode-avr-win/toolchains/avr-gcc/bin/../lib/gcc/avr/12.1.0/../../../../avr/lib/avr5\libc.a(printf.o)
 .comment       0x0000000000000012       0x13 f:/importante/faculdade/mcc/vscode-avr-win/toolchains/avr-gcc/bin/../lib/gcc/avr/12.1.0/../../../../avr/lib/avr5\libc.a(putchar.o)
 .comment       0x0000000000000012       0x13 f:/importante/faculdade/mcc/vscode-avr-win/toolchains/avr-gcc/bin/../lib/gcc/avr/12.1.0/../../../../avr/lib/avr5\libc.a(vfprintf_std.o)
 .comment       0x0000000000000012       0x13 f:/importante/faculdade/mcc/vscode-avr-win/toolchains/avr-gcc/bin/../lib/gcc/avr/12.1.0/../../../../avr/lib/avr5\libc.a(fputc.o)

.note.gnu.avr.deviceinfo
                0x0000000000000000       0x40
 .note.gnu.avr.deviceinfo
                0x0000000000000000       0x40 f:/importante/faculdade/mcc/vscode-avr-win/toolchains/avr-gcc/bin/../lib/gcc/avr/12.1.0/../../../../avr/lib/avr5/crtatmega328p.o

.note.gnu.build-id
 *(.note.gnu.build-id)

.debug
 *(.debug)

.line
 *(.line)

.debug_srcinfo
 *(.debug_srcinfo)

.debug_sfnames
 *(.debug_sfnames)

.debug_aranges  0x0000000000000000      0x968
 *(.debug_aranges)
 .debug_aranges
                0x0000000000000000       0xd0 build/hd44780.o
 .debug_aranges
                0x00000000000000d0       0x50 build/keypad.o
 .debug_aranges
                0x0000000000000120       0xd8 build/adc.o
 .debug_aranges
                0x00000000000001f8       0x70 build/int0.o
 .debug_aranges
                0x0000000000000268       0x70 build/int1.o
 .debug_aranges
                0x00000000000002d8       0x78 build/pcint0.o
 .debug_aranges
                0x0000000000000350       0x78 build/pcint1.o
 .debug_aranges
                0x00000000000003c8       0x78 build/pcint2.o
 .debug_aranges
                0x0000000000000440       0xa0 build/timer0.o
 .debug_aranges
                0x00000000000004e0       0xb8 build/timer1.o
 .debug_aranges
                0x0000000000000598       0xa0 build/timer2.o
 .debug_aranges
                0x0000000000000638       0xf0 build/twi.o
 .debug_aranges
                0x0000000000000728       0x98 build/systemStatus.o
 .debug_aranges
                0x00000000000007c0       0x48 build/main.o
 .debug_aranges
                0x0000000000000808       0x20 f:/importante/faculdade/mcc/vscode-avr-win/toolchains/avr-gcc/bin/../lib/gcc/avr/12.1.0/avr5\libgcc.a(_divmodhi4.o)
 .debug_aranges
                0x0000000000000828       0x20 f:/importante/faculdade/mcc/vscode-avr-win/toolchains/avr-gcc/bin/../lib/gcc/avr/12.1.0/avr5\libgcc.a(_exit.o)
 .debug_aranges
                0x0000000000000848       0x20 f:/importante/faculdade/mcc/vscode-avr-win/toolchains/avr-gcc/bin/../lib/gcc/avr/12.1.0/avr5\libgcc.a(_tablejump2.o)
 .debug_aranges
                0x0000000000000868       0x20 f:/importante/faculdade/mcc/vscode-avr-win/toolchains/avr-gcc/bin/../lib/gcc/avr/12.1.0/avr5\libgcc.a(_copy_data.o)
 .debug_aranges
                0x0000000000000888       0x20 f:/importante/faculdade/mcc/vscode-avr-win/toolchains/avr-gcc/bin/../lib/gcc/avr/12.1.0/avr5\libgcc.a(_clear_bss.o)
 .debug_aranges
                0x00000000000008a8       0x20 f:/importante/faculdade/mcc/vscode-avr-win/toolchains/avr-gcc/bin/../lib/gcc/avr/12.1.0/avr5\libgcc.a(_ctors.o)
 .debug_aranges
                0x00000000000008c8       0x20 f:/importante/faculdade/mcc/vscode-avr-win/toolchains/avr-gcc/bin/../lib/gcc/avr/12.1.0/avr5\libgcc.a(_dtors.o)
 .debug_aranges
                0x00000000000008e8       0x20 f:/importante/faculdade/mcc/vscode-avr-win/toolchains/avr-gcc/bin/../lib/gcc/avr/12.1.0/avr5\libgcc.a(_umulhisi3.o)
 .debug_aranges
                0x0000000000000908       0x20 f:/importante/faculdade/mcc/vscode-avr-win/toolchains/avr-gcc/bin/../lib/gcc/avr/12.1.0/avr5\libgcc.a(_udivmodhi4.o)
 .debug_aranges
                0x0000000000000928       0x20 f:/importante/faculdade/mcc/vscode-avr-win/toolchains/avr-gcc/bin/../lib/gcc/avr/12.1.0/avr5\libgcc.a(_prologue.o)
 .debug_aranges
                0x0000000000000948       0x20 f:/importante/faculdade/mcc/vscode-avr-win/toolchains/avr-gcc/bin/../lib/gcc/avr/12.1.0/avr5\libgcc.a(_epilogue.o)

.debug_pubnames
 *(.debug_pubnames)

.debug_info     0x0000000000000000     0xa3ec
 *(.debug_info .gnu.linkonce.wi.*)
 .debug_info    0x0000000000000000      0x5f4 f:/importante/faculdade/mcc/vscode-avr-win/toolchains/avr-gcc/bin/../lib/gcc/avr/12.1.0/../../../../avr/lib/avr5/crtatmega328p.o
 .debug_info    0x00000000000005f4     0x194e build/hd44780.o
 .debug_info    0x0000000000001f42      0x78a build/keypad.o
 .debug_info    0x00000000000026cc      0xbfc build/adc.o
 .debug_info    0x00000000000032c8      0x596 build/int0.o
 .debug_info    0x000000000000385e      0x596 build/int1.o
 .debug_info    0x0000000000003df4      0x64d build/pcint0.o
 .debug_info    0x0000000000004441      0x647 build/pcint1.o
 .debug_info    0x0000000000004a88      0x64d build/pcint2.o
 .debug_info    0x00000000000050d5      0x9a2 build/timer0.o
 .debug_info    0x0000000000005a77      0xb4e build/timer1.o
 .debug_info    0x00000000000065c5      0x9a2 build/timer2.o
 .debug_info    0x0000000000006f67     0x1504 build/twi.o
 .debug_info    0x000000000000846b      0x884 build/systemStatus.o
 .debug_info    0x0000000000008cef     0x1571 build/main.o
 .debug_info    0x000000000000a260       0x24 f:/importante/faculdade/mcc/vscode-avr-win/toolchains/avr-gcc/bin/../lib/gcc/avr/12.1.0/avr5\libgcc.a(_divmodhi4.o)
 .debug_info    0x000000000000a284       0x24 f:/importante/faculdade/mcc/vscode-avr-win/toolchains/avr-gcc/bin/../lib/gcc/avr/12.1.0/avr5\libgcc.a(_exit.o)
 .debug_info    0x000000000000a2a8       0x24 f:/importante/faculdade/mcc/vscode-avr-win/toolchains/avr-gcc/bin/../lib/gcc/avr/12.1.0/avr5\libgcc.a(_tablejump2.o)
 .debug_info    0x000000000000a2cc       0x24 f:/importante/faculdade/mcc/vscode-avr-win/toolchains/avr-gcc/bin/../lib/gcc/avr/12.1.0/avr5\libgcc.a(_copy_data.o)
 .debug_info    0x000000000000a2f0       0x24 f:/importante/faculdade/mcc/vscode-avr-win/toolchains/avr-gcc/bin/../lib/gcc/avr/12.1.0/avr5\libgcc.a(_clear_bss.o)
 .debug_info    0x000000000000a314       0x24 f:/importante/faculdade/mcc/vscode-avr-win/toolchains/avr-gcc/bin/../lib/gcc/avr/12.1.0/avr5\libgcc.a(_ctors.o)
 .debug_info    0x000000000000a338       0x24 f:/importante/faculdade/mcc/vscode-avr-win/toolchains/avr-gcc/bin/../lib/gcc/avr/12.1.0/avr5\libgcc.a(_dtors.o)
 .debug_info    0x000000000000a35c       0x24 f:/importante/faculdade/mcc/vscode-avr-win/toolchains/avr-gcc/bin/../lib/gcc/avr/12.1.0/avr5\libgcc.a(_umulhisi3.o)
 .debug_info    0x000000000000a380       0x24 f:/importante/faculdade/mcc/vscode-avr-win/toolchains/avr-gcc/bin/../lib/gcc/avr/12.1.0/avr5\libgcc.a(_udivmodhi4.o)
 .debug_info    0x000000000000a3a4       0x24 f:/importante/faculdade/mcc/vscode-avr-win/toolchains/avr-gcc/bin/../lib/gcc/avr/12.1.0/avr5\libgcc.a(_prologue.o)
 .debug_info    0x000000000000a3c8       0x24 f:/importante/faculdade/mcc/vscode-avr-win/toolchains/avr-gcc/bin/../lib/gcc/avr/12.1.0/avr5\libgcc.a(_epilogue.o)

.debug_abbrev   0x0000000000000000     0x329c
 *(.debug_abbrev)
 .debug_abbrev  0x0000000000000000      0x5a2 f:/importante/faculdade/mcc/vscode-avr-win/toolchains/avr-gcc/bin/../lib/gcc/avr/12.1.0/../../../../avr/lib/avr5/crtatmega328p.o
 .debug_abbrev  0x00000000000005a2      0x46c build/hd44780.o
 .debug_abbrev  0x0000000000000a0e      0x33e build/keypad.o
 .debug_abbrev  0x0000000000000d4c      0x318 build/adc.o
 .debug_abbrev  0x0000000000001064      0x282 build/int0.o
 .debug_abbrev  0x00000000000012e6      0x282 build/int1.o
 .debug_abbrev  0x0000000000001568      0x280 build/pcint0.o
 .debug_abbrev  0x00000000000017e8      0x280 build/pcint1.o
 .debug_abbrev  0x0000000000001a68      0x280 build/pcint2.o
 .debug_abbrev  0x0000000000001ce8      0x2f5 build/timer0.o
 .debug_abbrev  0x0000000000001fdd      0x2e0 build/timer1.o
 .debug_abbrev  0x00000000000022bd      0x2f5 build/timer2.o
 .debug_abbrev  0x00000000000025b2      0x4de build/twi.o
 .debug_abbrev  0x0000000000002a90      0x2d4 build/systemStatus.o
 .debug_abbrev  0x0000000000002d64      0x45c build/main.o
 .debug_abbrev  0x00000000000031c0       0x14 f:/importante/faculdade/mcc/vscode-avr-win/toolchains/avr-gcc/bin/../lib/gcc/avr/12.1.0/avr5\libgcc.a(_divmodhi4.o)
 .debug_abbrev  0x00000000000031d4       0x14 f:/importante/faculdade/mcc/vscode-avr-win/toolchains/avr-gcc/bin/../lib/gcc/avr/12.1.0/avr5\libgcc.a(_exit.o)
 .debug_abbrev  0x00000000000031e8       0x14 f:/importante/faculdade/mcc/vscode-avr-win/toolchains/avr-gcc/bin/../lib/gcc/avr/12.1.0/avr5\libgcc.a(_tablejump2.o)
 .debug_abbrev  0x00000000000031fc       0x14 f:/importante/faculdade/mcc/vscode-avr-win/toolchains/avr-gcc/bin/../lib/gcc/avr/12.1.0/avr5\libgcc.a(_copy_data.o)
 .debug_abbrev  0x0000000000003210       0x14 f:/importante/faculdade/mcc/vscode-avr-win/toolchains/avr-gcc/bin/../lib/gcc/avr/12.1.0/avr5\libgcc.a(_clear_bss.o)
 .debug_abbrev  0x0000000000003224       0x14 f:/importante/faculdade/mcc/vscode-avr-win/toolchains/avr-gcc/bin/../lib/gcc/avr/12.1.0/avr5\libgcc.a(_ctors.o)
 .debug_abbrev  0x0000000000003238       0x14 f:/importante/faculdade/mcc/vscode-avr-win/toolchains/avr-gcc/bin/../lib/gcc/avr/12.1.0/avr5\libgcc.a(_dtors.o)
 .debug_abbrev  0x000000000000324c       0x14 f:/importante/faculdade/mcc/vscode-avr-win/toolchains/avr-gcc/bin/../lib/gcc/avr/12.1.0/avr5\libgcc.a(_umulhisi3.o)
 .debug_abbrev  0x0000000000003260       0x14 f:/importante/faculdade/mcc/vscode-avr-win/toolchains/avr-gcc/bin/../lib/gcc/avr/12.1.0/avr5\libgcc.a(_udivmodhi4.o)
 .debug_abbrev  0x0000000000003274       0x14 f:/importante/faculdade/mcc/vscode-avr-win/toolchains/avr-gcc/bin/../lib/gcc/avr/12.1.0/avr5\libgcc.a(_prologue.o)
 .debug_abbrev  0x0000000000003288       0x14 f:/importante/faculdade/mcc/vscode-avr-win/toolchains/avr-gcc/bin/../lib/gcc/avr/12.1.0/avr5\libgcc.a(_epilogue.o)

.debug_line     0x0000000000000000     0x8f48
 *(.debug_line .debug_line.* .debug_line_end)
 .debug_line    0x0000000000000000       0x1d f:/importante/faculdade/mcc/vscode-avr-win/toolchains/avr-gcc/bin/../lib/gcc/avr/12.1.0/../../../../avr/lib/avr5/crtatmega328p.o
 .debug_line    0x000000000000001d     0x2531 build/hd44780.o
 .debug_line    0x000000000000254e      0xdb9 build/keypad.o
 .debug_line    0x0000000000003307      0xba4 build/adc.o
 .debug_line    0x0000000000003eab      0x39c build/int0.o
 .debug_line    0x0000000000004247      0x3ac build/int1.o
 .debug_line    0x00000000000045f3      0x46a build/pcint0.o
 .debug_line    0x0000000000004a5d      0x47c build/pcint1.o
 .debug_line    0x0000000000004ed9      0x46a build/pcint2.o
 .debug_line    0x0000000000005343      0x646 build/timer0.o
 .debug_line    0x0000000000005989      0x762 build/timer1.o
 .debug_line    0x00000000000060eb      0x646 build/timer2.o
 .debug_line    0x0000000000006731     0x1356 build/twi.o
 .debug_line    0x0000000000007a87      0x7a3 build/systemStatus.o
 .debug_line    0x000000000000822a      0x67f build/main.o
 .debug_line    0x00000000000088a9       0xb7 f:/importante/faculdade/mcc/vscode-avr-win/toolchains/avr-gcc/bin/../lib/gcc/avr/12.1.0/avr5\libgcc.a(_divmodhi4.o)
 .debug_line    0x0000000000008960       0x51 f:/importante/faculdade/mcc/vscode-avr-win/toolchains/avr-gcc/bin/../lib/gcc/avr/12.1.0/avr5\libgcc.a(_exit.o)
 .debug_line    0x00000000000089b1       0x69 f:/importante/faculdade/mcc/vscode-avr-win/toolchains/avr-gcc/bin/../lib/gcc/avr/12.1.0/avr5\libgcc.a(_tablejump2.o)
 .debug_line    0x0000000000008a1a       0x87 f:/importante/faculdade/mcc/vscode-avr-win/toolchains/avr-gcc/bin/../lib/gcc/avr/12.1.0/avr5\libgcc.a(_copy_data.o)
 .debug_line    0x0000000000008aa1       0x75 f:/importante/faculdade/mcc/vscode-avr-win/toolchains/avr-gcc/bin/../lib/gcc/avr/12.1.0/avr5\libgcc.a(_clear_bss.o)
 .debug_line    0x0000000000008b16       0x81 f:/importante/faculdade/mcc/vscode-avr-win/toolchains/avr-gcc/bin/../lib/gcc/avr/12.1.0/avr5\libgcc.a(_ctors.o)
 .debug_line    0x0000000000008b97       0x81 f:/importante/faculdade/mcc/vscode-avr-win/toolchains/avr-gcc/bin/../lib/gcc/avr/12.1.0/avr5\libgcc.a(_dtors.o)
 .debug_line    0x0000000000008c18       0x9f f:/importante/faculdade/mcc/vscode-avr-win/toolchains/avr-gcc/bin/../lib/gcc/avr/12.1.0/avr5\libgcc.a(_umulhisi3.o)
 .debug_line    0x0000000000008cb7       0xbd f:/importante/faculdade/mcc/vscode-avr-win/toolchains/avr-gcc/bin/../lib/gcc/avr/12.1.0/avr5\libgcc.a(_udivmodhi4.o)
 .debug_line    0x0000000000008d74       0xed f:/importante/faculdade/mcc/vscode-avr-win/toolchains/avr-gcc/bin/../lib/gcc/avr/12.1.0/avr5\libgcc.a(_prologue.o)
 .debug_line    0x0000000000008e61       0xe7 f:/importante/faculdade/mcc/vscode-avr-win/toolchains/avr-gcc/bin/../lib/gcc/avr/12.1.0/avr5\libgcc.a(_epilogue.o)

.debug_frame    0x0000000000000000     0x1658
 *(.debug_frame)
 .debug_frame   0x0000000000000000      0x288 build/hd44780.o
 .debug_frame   0x0000000000000288      0x10c build/keypad.o
 .debug_frame   0x0000000000000394      0x1dc build/adc.o
 .debug_frame   0x0000000000000570      0x10c build/int0.o
 .debug_frame   0x000000000000067c      0x10c build/int1.o
 .debug_frame   0x0000000000000788      0x11c build/pcint0.o
 .debug_frame   0x00000000000008a4      0x11c build/pcint1.o
 .debug_frame   0x00000000000009c0      0x11c build/pcint2.o
 .debug_frame   0x0000000000000adc      0x1fc build/timer0.o
 .debug_frame   0x0000000000000cd8      0x28c build/timer1.o
 .debug_frame   0x0000000000000f64      0x214 build/timer2.o
 .debug_frame   0x0000000000001178      0x2f0 build/twi.o
 .debug_frame   0x0000000000001468      0x174 build/systemStatus.o
 .debug_frame   0x00000000000015dc       0x7c build/main.o

.debug_str      0x0000000000000000     0x40a5
 *(.debug_str)
 .debug_str     0x0000000000000000      0x20b f:/importante/faculdade/mcc/vscode-avr-win/toolchains/avr-gcc/bin/../lib/gcc/avr/12.1.0/../../../../avr/lib/avr5/crtatmega328p.o
 .debug_str     0x000000000000020b      0xd00 build/hd44780.o
                                        0xda8 (size before relaxing)
 .debug_str     0x0000000000000f0b      0x290 build/keypad.o
                                        0x843 (size before relaxing)
 .debug_str     0x000000000000119b      0x6eb build/adc.o
                                        0xca9 (size before relaxing)
 .debug_str     0x0000000000001886      0x1b2 build/int0.o
                                        0x7be (size before relaxing)
 .debug_str     0x0000000000001a38      0x144 build/int1.o
                                        0x7be (size before relaxing)
 .debug_str     0x0000000000001b7c      0x25b build/pcint0.o
                                        0x837 (size before relaxing)
 .debug_str     0x0000000000001dd7      0x1e7 build/pcint1.o
                                        0x831 (size before relaxing)
 .debug_str     0x0000000000001fbe      0x1f5 build/pcint2.o
                                        0x83f (size before relaxing)
 .debug_str     0x00000000000021b3      0x79c build/timer0.o
                                        0xdec (size before relaxing)
 .debug_str     0x000000000000294f      0x765 build/timer1.o
                                       0x10ca (size before relaxing)
 .debug_str     0x00000000000030b4      0x466 build/timer2.o
                                        0xde5 (size before relaxing)
 .debug_str     0x000000000000351a      0x9b0 build/twi.o
                                       0x1011 (size before relaxing)
 .debug_str     0x0000000000003eca       0xca build/systemStatus.o
                                        0xa18 (size before relaxing)
 .debug_str     0x0000000000003f94       0xb2 build/main.o
                                       0x165f (size before relaxing)
 .debug_str     0x0000000000004046       0x5f f:/importante/faculdade/mcc/vscode-avr-win/toolchains/avr-gcc/bin/../lib/gcc/avr/12.1.0/avr5\libgcc.a(_divmodhi4.o)
 .debug_str     0x00000000000040a5       0x5f f:/importante/faculdade/mcc/vscode-avr-win/toolchains/avr-gcc/bin/../lib/gcc/avr/12.1.0/avr5\libgcc.a(_exit.o)
 .debug_str     0x00000000000040a5       0x5f f:/importante/faculdade/mcc/vscode-avr-win/toolchains/avr-gcc/bin/../lib/gcc/avr/12.1.0/avr5\libgcc.a(_tablejump2.o)
 .debug_str     0x00000000000040a5       0x5f f:/importante/faculdade/mcc/vscode-avr-win/toolchains/avr-gcc/bin/../lib/gcc/avr/12.1.0/avr5\libgcc.a(_copy_data.o)
 .debug_str     0x00000000000040a5       0x5f f:/importante/faculdade/mcc/vscode-avr-win/toolchains/avr-gcc/bin/../lib/gcc/avr/12.1.0/avr5\libgcc.a(_clear_bss.o)
 .debug_str     0x00000000000040a5       0x5f f:/importante/faculdade/mcc/vscode-avr-win/toolchains/avr-gcc/bin/../lib/gcc/avr/12.1.0/avr5\libgcc.a(_ctors.o)
 .debug_str     0x00000000000040a5       0x5f f:/importante/faculdade/mcc/vscode-avr-win/toolchains/avr-gcc/bin/../lib/gcc/avr/12.1.0/avr5\libgcc.a(_dtors.o)
 .debug_str     0x00000000000040a5       0x5f f:/importante/faculdade/mcc/vscode-avr-win/toolchains/avr-gcc/bin/../lib/gcc/avr/12.1.0/avr5\libgcc.a(_umulhisi3.o)
 .debug_str     0x00000000000040a5       0x5f f:/importante/faculdade/mcc/vscode-avr-win/toolchains/avr-gcc/bin/../lib/gcc/avr/12.1.0/avr5\libgcc.a(_udivmodhi4.o)
 .debug_str     0x00000000000040a5       0x5f f:/importante/faculdade/mcc/vscode-avr-win/toolchains/avr-gcc/bin/../lib/gcc/avr/12.1.0/avr5\libgcc.a(_prologue.o)
 .debug_str     0x00000000000040a5       0x5f f:/importante/faculdade/mcc/vscode-avr-win/toolchains/avr-gcc/bin/../lib/gcc/avr/12.1.0/avr5\libgcc.a(_epilogue.o)

.debug_loc
 *(.debug_loc)

.debug_macinfo
 *(.debug_macinfo)

.debug_weaknames
 *(.debug_weaknames)

.debug_funcnames
 *(.debug_funcnames)

.debug_typenames
 *(.debug_typenames)

.debug_varnames
 *(.debug_varnames)

.debug_pubtypes
 *(.debug_pubtypes)

.debug_ranges
 *(.debug_ranges)

.debug_addr
 *(.debug_addr)

.debug_line_str
                0x0000000000000000      0x510
 *(.debug_line_str)
 .debug_line_str
                0x0000000000000000      0x154 build/hd44780.o
                                        0x1ad (size before relaxing)
 .debug_line_str
                0x0000000000000154       0xf2 build/keypad.o
                                        0x26e (size before relaxing)
 .debug_line_str
                0x0000000000000246       0x4c build/adc.o
                                        0x143 (size before relaxing)
 .debug_line_str
                0x0000000000000292       0x1c build/int0.o
                                        0x147 (size before relaxing)
 .debug_line_str
                0x00000000000002ae       0x1c build/int1.o
                                        0x147 (size before relaxing)
 .debug_line_str
                0x00000000000002ca       0x29 build/pcint0.o
                                        0x14f (size before relaxing)
 .debug_line_str
                0x00000000000002f3       0x29 build/pcint1.o
                                        0x14f (size before relaxing)
 .debug_line_str
                0x000000000000031c       0x29 build/pcint2.o
                                        0x14f (size before relaxing)
 .debug_line_str
                0x0000000000000345       0x29 build/timer0.o
                                        0x14f (size before relaxing)
 .debug_line_str
                0x000000000000036e       0x29 build/timer1.o
                                        0x14f (size before relaxing)
 .debug_line_str
                0x0000000000000397       0x29 build/timer2.o
                                        0x14f (size before relaxing)
 .debug_line_str
                0x00000000000003c0       0x57 build/twi.o
                                        0x1e2 (size before relaxing)
 .debug_line_str
                0x0000000000000417       0x44 build/systemStatus.o
                                        0x1ad (size before relaxing)
 .debug_line_str
                0x000000000000045b       0x62 build/main.o
                                        0x236 (size before relaxing)
 .debug_line_str
                0x00000000000004bd       0x53 f:/importante/faculdade/mcc/vscode-avr-win/toolchains/avr-gcc/bin/../lib/gcc/avr/12.1.0/avr5\libgcc.a(_divmodhi4.o)
                                         0x5f (size before relaxing)
 .debug_line_str
                0x0000000000000510       0x5f f:/importante/faculdade/mcc/vscode-avr-win/toolchains/avr-gcc/bin/../lib/gcc/avr/12.1.0/avr5\libgcc.a(_exit.o)
 .debug_line_str
                0x0000000000000510       0x5f f:/importante/faculdade/mcc/vscode-avr-win/toolchains/avr-gcc/bin/../lib/gcc/avr/12.1.0/avr5\libgcc.a(_tablejump2.o)
 .debug_line_str
                0x0000000000000510       0x5f f:/importante/faculdade/mcc/vscode-avr-win/toolchains/avr-gcc/bin/../lib/gcc/avr/12.1.0/avr5\libgcc.a(_copy_data.o)
 .debug_line_str
                0x0000000000000510       0x5f f:/importante/faculdade/mcc/vscode-avr-win/toolchains/avr-gcc/bin/../lib/gcc/avr/12.1.0/avr5\libgcc.a(_clear_bss.o)
 .debug_line_str
                0x0000000000000510       0x5f f:/importante/faculdade/mcc/vscode-avr-win/toolchains/avr-gcc/bin/../lib/gcc/avr/12.1.0/avr5\libgcc.a(_ctors.o)
 .debug_line_str
                0x0000000000000510       0x5f f:/importante/faculdade/mcc/vscode-avr-win/toolchains/avr-gcc/bin/../lib/gcc/avr/12.1.0/avr5\libgcc.a(_dtors.o)
 .debug_line_str
                0x0000000000000510       0x5f f:/importante/faculdade/mcc/vscode-avr-win/toolchains/avr-gcc/bin/../lib/gcc/avr/12.1.0/avr5\libgcc.a(_umulhisi3.o)
 .debug_line_str
                0x0000000000000510       0x5f f:/importante/faculdade/mcc/vscode-avr-win/toolchains/avr-gcc/bin/../lib/gcc/avr/12.1.0/avr5\libgcc.a(_udivmodhi4.o)
 .debug_line_str
                0x0000000000000510       0x5f f:/importante/faculdade/mcc/vscode-avr-win/toolchains/avr-gcc/bin/../lib/gcc/avr/12.1.0/avr5\libgcc.a(_prologue.o)
 .debug_line_str
                0x0000000000000510       0x5f f:/importante/faculdade/mcc/vscode-avr-win/toolchains/avr-gcc/bin/../lib/gcc/avr/12.1.0/avr5\libgcc.a(_epilogue.o)

.debug_loclists
                0x0000000000000000     0x2c57
 *(.debug_loclists)
 .debug_loclists
                0x0000000000000000      0xdec build/hd44780.o
 .debug_loclists
                0x0000000000000dec      0x242 build/keypad.o
 .debug_loclists
                0x000000000000102e      0x309 build/adc.o
 .debug_loclists
                0x0000000000001337       0xf8 build/int0.o
 .debug_loclists
                0x000000000000142f      0x10a build/int1.o
 .debug_loclists
                0x0000000000001539      0x19d build/pcint0.o
 .debug_loclists
                0x00000000000016d6      0x194 build/pcint1.o
 .debug_loclists
                0x000000000000186a      0x19d build/pcint2.o
 .debug_loclists
                0x0000000000001a07      0x1ea build/timer0.o
 .debug_loclists
                0x0000000000001bf1      0x21a build/timer1.o
 .debug_loclists
                0x0000000000001e0b      0x1ea build/timer2.o
 .debug_loclists
                0x0000000000001ff5      0x7b2 build/twi.o
 .debug_loclists
                0x00000000000027a7      0x3fd build/systemStatus.o
 .debug_loclists
                0x0000000000002ba4       0xb3 build/main.o

.debug_macro
 *(.debug_macro)

.debug_names
 *(.debug_names)

.debug_rnglists
                0x0000000000000000      0x63d
 *(.debug_rnglists)
 .debug_rnglists
                0x0000000000000000       0xa1 build/hd44780.o
 .debug_rnglists
                0x00000000000000a1       0x8c build/keypad.o
 .debug_rnglists
                0x000000000000012d       0x9d build/adc.o
 .debug_rnglists
                0x00000000000001ca       0x4f build/int0.o
 .debug_rnglists
                0x0000000000000219       0x4f build/int1.o
 .debug_rnglists
                0x0000000000000268       0x55 build/pcint0.o
 .debug_rnglists
                0x00000000000002bd       0x55 build/pcint1.o
 .debug_rnglists
                0x0000000000000312       0x55 build/pcint2.o
 .debug_rnglists
                0x0000000000000367       0x73 build/timer0.o
 .debug_rnglists
                0x00000000000003da       0x85 build/timer1.o
 .debug_rnglists
                0x000000000000045f       0x73 build/timer2.o
 .debug_rnglists
                0x00000000000004d2       0xcb build/twi.o
 .debug_rnglists
                0x000000000000059d       0x6e build/systemStatus.o
 .debug_rnglists
                0x000000000000060b       0x32 build/main.o

.debug_str_offsets
 *(.debug_str_offsets)

.debug_sup
 *(.debug_sup)
OUTPUT(build/application.elf elf32-avr)
LOAD linker stubs

Cross Reference Table

Symbol                                            File
_Z21int0InterruptCallbackv                        build/main.o
                                                  build/int0.o
_Z21int1InterruptCallbackv                        build/int1.o
_Z22convertToSevenSegments17SevenSegmentsCodeb24SevenSegmentsDisplayType build/sevenSegmentsDisplay.o
_Z22convertToSevenSegmentshb24SevenSegmentsDisplayType build/sevenSegmentsDisplay.o
                                                  build/sevenSegmentsMuxDisplay.o
_Z22timer0CompareACallbackv                       build/main.o
                                                  build/timer0.o
_Z22timer0CompareBCallbackv                       build/timer0.o
_Z22timer0OverflowCallbackv                       build/timer0.o
_Z22timer1CompareACallbackv                       build/timer1.o
_Z22timer1CompareBCallbackv                       build/timer1.o
_Z22timer1OverflowCallbackv                       build/timer1.o
_Z22timer2CompareACallbackv                       build/timer2.o
_Z22timer2CompareBCallbackv                       build/timer2.o
_Z22timer2OverflowCallbackv                       build/timer2.o
_Z23pcint0InterruptCallbackv                      build/pcint0.o
_Z23pcint1InterruptCallbackv                      build/pcint1.o
_Z23pcint2InterruptCallbackv                      build/pcint2.o
_Z26timer1InputCaptureCallbackv                   build/timer1.o
_Z29adcConversionCompleteCallbackv                build/adc.o
_Z7getTickv                                       build/ds1307.o
_Z7lerbitsv                                       build/main.o
_Z8lerteclav                                      build/main.o
_ZN12SystemStatus11getCpuClockEv                  build/systemStatus.o
                                                  build/twi.o
_ZN12SystemStatus12getLastErrorEv                 build/systemStatus.o
_ZN12SystemStatus13readStopwatchEv                build/systemStatus.o
                                                  build/twi.o
_ZN12SystemStatus14getElapsedTimeEb               build/systemStatus.o
_ZN12SystemStatus14pauseStopwatchEv               build/systemStatus.o
_ZN12SystemStatus14resetStopwatchEv               build/systemStatus.o
_ZN12SystemStatus15resumeStopwatchEv              build/systemStatus.o
_ZN12SystemStatus16setStopwatchMarkEv             build/systemStatus.o
_ZN12SystemStatus17setClockPrescalerENS_14ClockPrescalerE build/systemStatus.o
_ZN12SystemStatus18incrementStopwatchEv           build/systemStatus.o
_ZN12SystemStatusC1Ev                             build/systemStatus.o
_ZN12SystemStatusC2Ev                             build/systemStatus.o
_ZN12SystemStatusD1Ev                             build/systemStatus.o
_ZN12SystemStatusD2Ev                             build/systemStatus.o
_ZN23SevenSegmentsMuxDisplay13showNextDigitEv     build/sevenSegmentsMuxDisplay.o
_ZN23SevenSegmentsMuxDisplay17updateDigitValuesEPKhPKb build/sevenSegmentsMuxDisplay.o
_ZN23SevenSegmentsMuxDisplay4initENS_6DigitsE24SevenSegmentsDisplayType build/sevenSegmentsMuxDisplay.o
_ZN23SevenSegmentsMuxDisplay8setPortsEPVhS1_h10LogicLevel build/sevenSegmentsMuxDisplay.o
_ZN23SevenSegmentsMuxDisplayC1Ev                  build/sevenSegmentsMuxDisplay.o
_ZN23SevenSegmentsMuxDisplayC2Ev                  build/sevenSegmentsMuxDisplay.o
_ZN23SevenSegmentsMuxDisplayD1Ev                  build/sevenSegmentsMuxDisplay.o
_ZN23SevenSegmentsMuxDisplayD2Ev                  build/sevenSegmentsMuxDisplay.o
_ZN3Adc10setChannelENS_7ChannelE                  build/adc.o
_ZN3Adc12getLastErrorEv                           build/adc.o
_ZN3Adc12setPrescalerENS_9PrescalerE              build/adc.o
_ZN3Adc12setReferenceENS_9ReferenceE              build/adc.o
_ZN3Adc13setDataAdjustENS_10DataAdjustE           build/adc.o
_ZN3Adc15startConversionEv                        build/adc.o
_ZN3Adc17activateInterruptEv                      build/adc.o
_ZN3Adc18enableDigitalInputENS_12DigitalInputE    build/adc.o
_ZN3Adc19deactivateInterruptEv                    build/adc.o
_ZN3Adc19disableDigitalInputENS_12DigitalInputE   build/adc.o
_ZN3Adc21clearInterruptRequestEv                  build/adc.o
_ZN3Adc25waitUntilConversionFinishEv              build/adc.o
_ZN3Adc4initENS_4ModeENS_9ReferenceENS_9PrescalerE build/adc.o
_ZN3Adc6enableEv                                  build/adc.o
_ZN3Adc7disableEv                                 build/adc.o
_ZN3Adc7setModeENS_4ModeE                         build/adc.o
_ZN3AdcC1Ev                                       build/adc.o
_ZN3AdcC2Ev                                       build/adc.o
_ZN3AdcD1Ev                                       build/adc.o
_ZN3AdcD2Ev                                       build/adc.o
_ZN3Bus10getBusTypeEv                             build/twi.o
_ZN3Bus12getLastErrorEv                           build/twi.o
_ZN3Bus7readRegEhPhj                              build/twi.o
_ZN3Bus8sendDataEPKhPhj                           build/twi.o
_ZN3Bus8sendDataEPhj                              build/twi.o
_ZN3Bus8writeRegEhPKhj                            build/twi.o
_ZN3Bus9setDeviceEPFvvES1_                        build/twi.o
_ZN3Bus9setDeviceEjb                              build/twi.o
_ZN3Twi10getBusTypeEv                             build/twi.o
_ZN3Twi10setTimeoutEj                             build/twi.o
_ZN3Twi12getLastErrorEv                           build/twi.o
_ZN3Twi15_readFromBufferEPhh                      build/twi.o
_ZN3Twi16_waitWhileIsBusyEv                       build/twi.o
_ZN3Twi16interruptHandlerEv                       build/twi.o
_ZN3Twi17_startTrasmissionEv                      build/twi.o
_ZN3Twi4initEmh                                   build/twi.o
_ZN3Twi7readRegEhPhj                              build/twi.o
_ZN3Twi8sendDataEhNS_9OperationEhPhh              build/twi.o
_ZN3Twi8writeRegEhPKhj                            build/twi.o
_ZN3Twi9setDeviceEjb                              build/twi.o
_ZN3TwiC1Ev                                       build/twi.o
_ZN3TwiC2Ev                                       build/twi.o
_ZN3TwiD1Ev                                       build/twi.o
_ZN3TwiD2Ev                                       build/twi.o
_ZN4Int012getLastErrorEv                          build/int0.o
_ZN4Int012setSenseModeENS_9SenseModeE             build/int0.o
_ZN4Int04initENS_9SenseModeE                      build/int0.o
                                                  build/main.o
_ZN4Int0C1Ev                                      build/int0.o
                                                  build/main.o
_ZN4Int0C2Ev                                      build/int0.o
_ZN4Int0D1Ev                                      build/int0.o
_ZN4Int0D2Ev                                      build/int0.o
_ZN4Int112getLastErrorEv                          build/int1.o
_ZN4Int112setSenseModeENS_9SenseModeE             build/int1.o
_ZN4Int14initENS_9SenseModeE                      build/int1.o
_ZN4Int1C1Ev                                      build/int1.o
_ZN4Int1C2Ev                                      build/int1.o
_ZN4Int1D1Ev                                      build/int1.o
_ZN4Int1D2Ev                                      build/int1.o
_ZN5DebugC1Ev                                     build/debug.o
_ZN5DebugC2Ev                                     build/debug.o
_ZN5DebugD1Ev                                     build/debug.o
_ZN5DebugD2Ev                                     build/debug.o
_ZN6Ds130710_clearDataEv                          build/ds1307.o
_ZN6Ds130710clockStartEv                          build/ds1307.o
_ZN6Ds130710getRamDataEhPhh                       build/ds1307.o
_ZN6Ds130710setRamDataEhPhh                       build/ds1307.o
_ZN6Ds130711getDateTimeEP8DateTime                build/ds1307.o
_ZN6Ds130711setDateTimeE8DateTime                 build/ds1307.o
_ZN6Ds130712_setCountingEb                        build/ds1307.o
_ZN6Ds130712getLastErrorEv                        build/ds1307.o
_ZN6Ds130714_isInitializedEv                      build/ds1307.o
_ZN6Ds130722setSquareWaveGeneratorENS_10SquareWaveE build/ds1307.o
_ZN6Ds13074initEP3Bus                             build/ds1307.o
_ZN6Ds13077getDateEPjPhS1_S1_                     build/ds1307.o
_ZN6Ds13077getTimeEPhS0_S0_N8DateTime10TimeFormatEPNS1_8AmPmFlagE build/ds1307.o
_ZN6Ds13077setDateEjhh                            build/ds1307.o
_ZN6Ds13077setTimeEhhhN8DateTime10TimeFormatENS0_8AmPmFlagE build/ds1307.o
_ZN6Ds13078_getDataEv                             build/ds1307.o
_ZN6Ds13079_sendDataEv                            build/ds1307.o
_ZN6Ds13079clockStopEv                            build/ds1307.o
_ZN6Ds1307C1Ev                                    build/ds1307.o
_ZN6Ds1307C2Ev                                    build/ds1307.o
_ZN6Ds1307D1Ev                                    build/ds1307.o
_ZN6Ds1307D2Ev                                    build/ds1307.o
_ZN6Keypad12setKeyValuesENS_4TypeEz               build/keypad.o
                                                  build/main.o
_ZN6Keypad14readKeyPressedEPh                     build/keypad.o
_ZN6Keypad4initEh                                 build/keypad.o
_ZN6Keypad8setPortsEPVhhS1_h                      build/keypad.o
_ZN6KeypadC1Ev                                    build/keypad.o
                                                  build/main.o
_ZN6KeypadC2Ev                                    build/keypad.o
_ZN6KeypadD1Ev                                    build/keypad.o
_ZN6KeypadD2Ev                                    build/keypad.o
_ZN6Pcint010enablePinsENS_3PinE                   build/pcint0.o
_ZN6Pcint011disablePinsENS_3PinE                  build/pcint0.o
_ZN6Pcint012getLastErrorEv                        build/pcint0.o
_ZN6Pcint04initENS_3PinE                          build/pcint0.o
_ZN6Pcint0C1Ev                                    build/pcint0.o
_ZN6Pcint0C2Ev                                    build/pcint0.o
_ZN6Pcint0D1Ev                                    build/pcint0.o
_ZN6Pcint0D2Ev                                    build/pcint0.o
_ZN6Pcint110enablePinsENS_3PinE                   build/pcint1.o
_ZN6Pcint111disablePinsENS_3PinE                  build/pcint1.o
_ZN6Pcint112getLastErrorEv                        build/pcint1.o
_ZN6Pcint14initENS_3PinE                          build/pcint1.o
_ZN6Pcint1C1Ev                                    build/pcint1.o
_ZN6Pcint1C2Ev                                    build/pcint1.o
_ZN6Pcint1D1Ev                                    build/pcint1.o
_ZN6Pcint1D2Ev                                    build/pcint1.o
_ZN6Pcint210enablePinsENS_3PinE                   build/pcint2.o
_ZN6Pcint211disablePinsENS_3PinE                  build/pcint2.o
_ZN6Pcint212getLastErrorEv                        build/pcint2.o
_ZN6Pcint24initENS_3PinE                          build/pcint2.o
_ZN6Pcint2C1Ev                                    build/pcint2.o
_ZN6Pcint2C2Ev                                    build/pcint2.o
_ZN6Pcint2D1Ev                                    build/pcint2.o
_ZN6Pcint2D2Ev                                    build/pcint2.o
_ZN6Timer012getLastErrorEv                        build/timer0.o
_ZN6Timer013setOutputModeENS_10OutputModeES0_     build/timer0.o
_ZN6Timer014setClockSourceENS_11ClockSourceE      build/timer0.o
                                                  build/main.o
_ZN6Timer04initENS_4ModeENS_11ClockSourceE        build/timer0.o
_ZN6Timer07setModeENS_4ModeE                      build/timer0.o
                                                  build/main.o
_ZN6Timer0C1Ev                                    build/timer0.o
                                                  build/main.o
_ZN6Timer0C2Ev                                    build/timer0.o
_ZN6Timer0D1Ev                                    build/timer0.o
_ZN6Timer0D2Ev                                    build/timer0.o
_ZN6Timer112getLastErrorEv                        build/timer1.o
_ZN6Timer113setOutputModeENS_10OutputModeES0_     build/timer1.o
_ZN6Timer114setClockSourceENS_11ClockSourceE      build/timer1.o
_ZN6Timer119setInputCaptureModeE4Edgeb            build/timer1.o
_ZN6Timer14initENS_4ModeENS_11ClockSourceE        build/timer1.o
_ZN6Timer17setModeENS_4ModeE                      build/timer1.o
_ZN6Timer1C1Ev                                    build/timer1.o
_ZN6Timer1C2Ev                                    build/timer1.o
_ZN6Timer1D1Ev                                    build/timer1.o
_ZN6Timer1D2Ev                                    build/timer1.o
_ZN6Timer212getLastErrorEv                        build/timer2.o
_ZN6Timer213setOutputModeENS_10OutputModeES0_     build/timer2.o
_ZN6Timer214setClockSourceENS_11ClockSourceE      build/timer2.o
_ZN6Timer24initENS_4ModeENS_11ClockSourceE        build/timer2.o
_ZN6Timer27setModeENS_4ModeE                      build/timer2.o
_ZN6Timer2C1Ev                                    build/timer2.o
_ZN6Timer2C2Ev                                    build/timer2.o
_ZN6Timer2D1Ev                                    build/timer2.o
_ZN6Timer2D2Ev                                    build/timer2.o
_ZN7Hd4478010cursorGoToEhh                        build/hd44780.o
_ZN7Hd4478010cursorHomeEv                         build/hd44780.o
_ZN7Hd4478010cursorMoveE9Direction                build/hd44780.o
_ZN7Hd4478011clearScreenEv                        build/hd44780.o
                                                  build/main.o
_ZN7Hd4478011dataPortSetEPVhh                     build/hd44780.o
                                                  build/main.o
_ZN7Hd4478012displayShiftE9Direction              build/hd44780.o
_ZN7Hd4478012entryModeSetENS_4StepENS_11DisplayModeE build/hd44780.o
_ZN7Hd4478012getLastErrorEv                       build/hd44780.o
_ZN7Hd4478013_writeCommandEh                      build/hd44780.o
_ZN7Hd4478014controlPortSetEPVhhhh                build/hd44780.o
                                                  build/main.o
_ZN7Hd4478015_waitUntilReadyEv                    build/hd44780.o
_ZN7Hd4478015_writeCharacterEhb                   build/hd44780.o
_ZN7Hd4478015displayStateSetENS_12DisplayStateE   build/hd44780.o
_ZN7Hd4478017_functionSet8BitsEh                  build/hd44780.o
_ZN7Hd4478018cursorMoveNextLineEv                 build/hd44780.o
_ZN7Hd4478018customCharacterSetEhPKh              build/hd44780.o
_ZN7Hd4478019cursorMoveFirstLineEv                build/hd44780.o
_ZN7Hd447804initENS_4SizeENS_4FontEbb             build/hd44780.o
                                                  build/main.o
_ZN7Hd447805stdioEv                               build/hd44780.o
                                                  build/main.o
_ZN7Hd44780C1Ev                                   build/hd44780.o
                                                  build/main.o
_ZN7Hd44780C2Ev                                   build/hd44780.o
_ZN7Hd44780D1Ev                                   build/hd44780.o
_ZN7Hd44780D2Ev                                   build/hd44780.o
_ZN8DateTime10_clearDataEv                        build/dateTime.o
_ZN8DateTime10getWeekDayEPNS_7WeekDayE            build/dateTime.o
_ZN8DateTime10isLeapYearEv                        build/dateTime.o
_ZN8DateTime11_isLeapYearEj                       build/dateTime.o
_ZN8DateTime11getTimeZoneEPNS_8TimeZoneE          build/dateTime.o
_ZN8DateTime11setTimeZoneENS_8TimeZoneE           build/dateTime.o
_ZN8DateTime12_isValidDateEjNS_5MonthEh           build/dateTime.o
_ZN8DateTime12_isValidTimeEhhhNS_10TimeFormatE    build/dateTime.o
_ZN8DateTime12getLastErrorEv                      build/dateTime.o
                                                  build/ds1307.o
_ZN8DateTime13getTimeFormatEPNS_10TimeFormatE     build/dateTime.o
                                                  build/ds1307.o
_ZN8DateTime13setTimeFormatENS_10TimeFormatE      build/dateTime.o
_ZN8DateTime18_convertTimeFormatEPhPNS_8AmPmFlagENS_10TimeFormatES3_ build/dateTime.o
_ZN8DateTime18_evaluateDayOfWeekEv                build/dateTime.o
_ZN8DateTime7getDateEPjPNS_5MonthEPhPNS_7WeekDayE build/dateTime.o
                                                  build/ds1307.o
_ZN8DateTime7getTimeEPhS0_S0_NS_10TimeFormatEPNS_8AmPmFlagE build/dateTime.o
                                                  build/ds1307.o
_ZN8DateTime7getTimeEPhS0_S0_PjNS_10TimeFormatEPNS_8AmPmFlagE build/dateTime.o
_ZN8DateTime7setDateEjNS_5MonthEh                 build/dateTime.o
                                                  build/ds1307.o
_ZN8DateTime7setTimeEhhhNS_10TimeFormatENS_8AmPmFlagE build/dateTime.o
                                                  build/ds1307.o
_ZN8DateTime7setTimeEhhhjNS_10TimeFormatENS_8AmPmFlagE build/dateTime.o
_ZN8DateTime9isDateSetEv                          build/dateTime.o
                                                  build/ds1307.o
_ZN8DateTime9isTimeSetEv                          build/dateTime.o
                                                  build/ds1307.o
_ZN8DateTimeC1Ev                                  build/dateTime.o
                                                  build/ds1307.o
_ZN8DateTimeC2Ev                                  build/dateTime.o
_ZN8DateTimeD1Ev                                  build/dateTime.o
                                                  build/ds1307.o
_ZN8DateTimeD2Ev                                  build/dateTime.o
_ZTV3Bus                                          build/twi.o
_ZTV3Twi                                          build/twi.o
__FUSE_REGION_LENGTH__                            f:/importante/faculdade/mcc/vscode-avr-win/toolchains/avr-gcc/bin/../lib/gcc/avr/12.1.0/../../../../avr/lib/avr5/crtatmega328p.o
__bad_interrupt                                   f:/importante/faculdade/mcc/vscode-avr-win/toolchains/avr-gcc/bin/../lib/gcc/avr/12.1.0/../../../../avr/lib/avr5/crtatmega328p.o
__brkval                                          f:/importante/faculdade/mcc/vscode-avr-win/toolchains/avr-gcc/bin/../lib/gcc/avr/12.1.0/../../../../avr/lib/avr5\libc.a(malloc.o)
                                                  f:/importante/faculdade/mcc/vscode-avr-win/toolchains/avr-gcc/bin/../lib/gcc/avr/12.1.0/../../../../avr/lib/avr5\libc.a(realloc.o)
__bss_end                                         f:/importante/faculdade/mcc/vscode-avr-win/toolchains/avr-gcc/bin/../lib/gcc/avr/12.1.0/avr5\libgcc.a(_clear_bss.o)
__bss_start                                       f:/importante/faculdade/mcc/vscode-avr-win/toolchains/avr-gcc/bin/../lib/gcc/avr/12.1.0/avr5\libgcc.a(_clear_bss.o)
__ctors_end                                       f:/importante/faculdade/mcc/vscode-avr-win/toolchains/avr-gcc/bin/../lib/gcc/avr/12.1.0/avr5\libgcc.a(_ctors.o)
__ctors_start                                     f:/importante/faculdade/mcc/vscode-avr-win/toolchains/avr-gcc/bin/../lib/gcc/avr/12.1.0/avr5\libgcc.a(_ctors.o)
__data_end                                        f:/importante/faculdade/mcc/vscode-avr-win/toolchains/avr-gcc/bin/../lib/gcc/avr/12.1.0/avr5\libgcc.a(_copy_data.o)
__data_load_start                                 f:/importante/faculdade/mcc/vscode-avr-win/toolchains/avr-gcc/bin/../lib/gcc/avr/12.1.0/avr5\libgcc.a(_copy_data.o)
__data_start                                      f:/importante/faculdade/mcc/vscode-avr-win/toolchains/avr-gcc/bin/../lib/gcc/avr/12.1.0/avr5\libgcc.a(_copy_data.o)
__divmodhi4                                       f:/importante/faculdade/mcc/vscode-avr-win/toolchains/avr-gcc/bin/../lib/gcc/avr/12.1.0/avr5\libgcc.a(_divmodhi4.o)
                                                  build/hd44780.o
__do_clear_bss                                    f:/importante/faculdade/mcc/vscode-avr-win/toolchains/avr-gcc/bin/../lib/gcc/avr/12.1.0/avr5\libgcc.a(_clear_bss.o)
                                                  f:/importante/faculdade/mcc/vscode-avr-win/toolchains/avr-gcc/bin/../lib/gcc/avr/12.1.0/../../../../avr/lib/avr5\libc.a(iob.o)
                                                  f:/importante/faculdade/mcc/vscode-avr-win/toolchains/avr-gcc/bin/../lib/gcc/avr/12.1.0/../../../../avr/lib/avr5\libc.a(malloc.o)
                                                  build/main.o
                                                  build/systemStatus.o
                                                  build/debug.o
                                                  build/twi.o
                                                  build/timer2.o
                                                  build/timer1.o
                                                  build/timer0.o
                                                  build/pcint2.o
                                                  build/pcint1.o
                                                  build/pcint0.o
                                                  build/int1.o
                                                  build/int0.o
                                                  build/adc.o
                                                  build/hd44780.o
__do_copy_data                                    f:/importante/faculdade/mcc/vscode-avr-win/toolchains/avr-gcc/bin/../lib/gcc/avr/12.1.0/avr5\libgcc.a(_copy_data.o)
                                                  f:/importante/faculdade/mcc/vscode-avr-win/toolchains/avr-gcc/bin/../lib/gcc/avr/12.1.0/../../../../avr/lib/avr5\libc.a(malloc.o)
                                                  build/main.o
                                                  build/dateTime.o
                                                  build/twi.o
                                                  build/sevenSegmentsMuxDisplay.o
__do_global_ctors                                 f:/importante/faculdade/mcc/vscode-avr-win/toolchains/avr-gcc/bin/../lib/gcc/avr/12.1.0/avr5\libgcc.a(_ctors.o)
                                                  build/systemStatus.o
                                                  build/twi.o
                                                  build/timer2.o
                                                  build/timer1.o
                                                  build/timer0.o
                                                  build/pcint2.o
                                                  build/pcint1.o
                                                  build/pcint0.o
                                                  build/int1.o
                                                  build/int0.o
                                                  build/adc.o
__do_global_dtors                                 f:/importante/faculdade/mcc/vscode-avr-win/toolchains/avr-gcc/bin/../lib/gcc/avr/12.1.0/avr5\libgcc.a(_dtors.o)
                                                  build/systemStatus.o
                                                  build/twi.o
                                                  build/timer2.o
                                                  build/timer1.o
                                                  build/timer0.o
                                                  build/pcint2.o
                                                  build/pcint1.o
                                                  build/pcint0.o
                                                  build/int1.o
                                                  build/int0.o
                                                  build/adc.o
__dtors_end                                       f:/importante/faculdade/mcc/vscode-avr-win/toolchains/avr-gcc/bin/../lib/gcc/avr/12.1.0/avr5\libgcc.a(_dtors.o)
__dtors_start                                     f:/importante/faculdade/mcc/vscode-avr-win/toolchains/avr-gcc/bin/../lib/gcc/avr/12.1.0/avr5\libgcc.a(_dtors.o)
__epilogue_restores__                             f:/importante/faculdade/mcc/vscode-avr-win/toolchains/avr-gcc/bin/../lib/gcc/avr/12.1.0/avr5\libgcc.a(_epilogue.o)
                                                  f:/importante/faculdade/mcc/vscode-avr-win/toolchains/avr-gcc/bin/../lib/gcc/avr/12.1.0/../../../../avr/lib/avr5\libc.a(vfprintf_std.o)
                                                  f:/importante/faculdade/mcc/vscode-avr-win/toolchains/avr-gcc/bin/../lib/gcc/avr/12.1.0/../../../../avr/lib/avr5\libc.a(printf.o)
                                                  f:/importante/faculdade/mcc/vscode-avr-win/toolchains/avr-gcc/bin/../lib/gcc/avr/12.1.0/../../../../avr/lib/avr5\libc.a(realloc.o)
__flp                                             f:/importante/faculdade/mcc/vscode-avr-win/toolchains/avr-gcc/bin/../lib/gcc/avr/12.1.0/../../../../avr/lib/avr5\libc.a(malloc.o)
                                                  f:/importante/faculdade/mcc/vscode-avr-win/toolchains/avr-gcc/bin/../lib/gcc/avr/12.1.0/../../../../avr/lib/avr5\libc.a(realloc.o)
__heap_end                                        f:/importante/faculdade/mcc/vscode-avr-win/toolchains/avr-gcc/bin/../lib/gcc/avr/12.1.0/../../../../avr/lib/avr5/crtatmega328p.o
                                                  f:/importante/faculdade/mcc/vscode-avr-win/toolchains/avr-gcc/bin/../lib/gcc/avr/12.1.0/../../../../avr/lib/avr5\libc.a(malloc.o)
__heap_start                                      f:/importante/faculdade/mcc/vscode-avr-win/toolchains/avr-gcc/bin/../lib/gcc/avr/12.1.0/../../../../avr/lib/avr5\libc.a(malloc.o)
__init                                            f:/importante/faculdade/mcc/vscode-avr-win/toolchains/avr-gcc/bin/../lib/gcc/avr/12.1.0/../../../../avr/lib/avr5/crtatmega328p.o
__iob                                             f:/importante/faculdade/mcc/vscode-avr-win/toolchains/avr-gcc/bin/../lib/gcc/avr/12.1.0/../../../../avr/lib/avr5\libc.a(iob.o)
                                                  f:/importante/faculdade/mcc/vscode-avr-win/toolchains/avr-gcc/bin/../lib/gcc/avr/12.1.0/../../../../avr/lib/avr5\libc.a(putchar.o)
                                                  f:/importante/faculdade/mcc/vscode-avr-win/toolchains/avr-gcc/bin/../lib/gcc/avr/12.1.0/../../../../avr/lib/avr5\libc.a(printf.o)
                                                  build/hd44780.o
__malloc_heap_end                                 f:/importante/faculdade/mcc/vscode-avr-win/toolchains/avr-gcc/bin/../lib/gcc/avr/12.1.0/../../../../avr/lib/avr5\libc.a(malloc.o)
                                                  f:/importante/faculdade/mcc/vscode-avr-win/toolchains/avr-gcc/bin/../lib/gcc/avr/12.1.0/../../../../avr/lib/avr5\libc.a(realloc.o)
__malloc_heap_start                               f:/importante/faculdade/mcc/vscode-avr-win/toolchains/avr-gcc/bin/../lib/gcc/avr/12.1.0/../../../../avr/lib/avr5\libc.a(malloc.o)
__malloc_margin                                   f:/importante/faculdade/mcc/vscode-avr-win/toolchains/avr-gcc/bin/../lib/gcc/avr/12.1.0/../../../../avr/lib/avr5\libc.a(malloc.o)
                                                  f:/importante/faculdade/mcc/vscode-avr-win/toolchains/avr-gcc/bin/../lib/gcc/avr/12.1.0/../../../../avr/lib/avr5\libc.a(realloc.o)
__prologue_saves__                                f:/importante/faculdade/mcc/vscode-avr-win/toolchains/avr-gcc/bin/../lib/gcc/avr/12.1.0/avr5\libgcc.a(_prologue.o)
                                                  f:/importante/faculdade/mcc/vscode-avr-win/toolchains/avr-gcc/bin/../lib/gcc/avr/12.1.0/../../../../avr/lib/avr5\libc.a(vfprintf_std.o)
                                                  f:/importante/faculdade/mcc/vscode-avr-win/toolchains/avr-gcc/bin/../lib/gcc/avr/12.1.0/../../../../avr/lib/avr5\libc.a(printf.o)
                                                  f:/importante/faculdade/mcc/vscode-avr-win/toolchains/avr-gcc/bin/../lib/gcc/avr/12.1.0/../../../../avr/lib/avr5\libc.a(realloc.o)
__stack                                           f:/importante/faculdade/mcc/vscode-avr-win/toolchains/avr-gcc/bin/../lib/gcc/avr/12.1.0/../../../../avr/lib/avr5/crtatmega328p.o
__tablejump2__                                    f:/importante/faculdade/mcc/vscode-avr-win/toolchains/avr-gcc/bin/../lib/gcc/avr/12.1.0/avr5\libgcc.a(_tablejump2.o)
                                                  f:/importante/faculdade/mcc/vscode-avr-win/toolchains/avr-gcc/bin/../lib/gcc/avr/12.1.0/avr5\libgcc.a(_dtors.o)
                                                  f:/importante/faculdade/mcc/vscode-avr-win/toolchains/avr-gcc/bin/../lib/gcc/avr/12.1.0/avr5\libgcc.a(_ctors.o)
                                                  build/systemStatus.o
                                                  build/sevenSegmentsDisplay.o
__udivmodhi4                                      f:/importante/faculdade/mcc/vscode-avr-win/toolchains/avr-gcc/bin/../lib/gcc/avr/12.1.0/avr5\libgcc.a(_udivmodhi4.o)
                                                  f:/importante/faculdade/mcc/vscode-avr-win/toolchains/avr-gcc/bin/../lib/gcc/avr/12.1.0/avr5\libgcc.a(_divmodhi4.o)
__udivmodsi4                                      f:/importante/faculdade/mcc/vscode-avr-win/toolchains/avr-gcc/bin/../lib/gcc/avr/12.1.0/avr5\libgcc.a(_udivmodsi4.o)
                                                  build/systemStatus.o
                                                  build/twi.o
__ultoa_invert                                    f:/importante/faculdade/mcc/vscode-avr-win/toolchains/avr-gcc/bin/../lib/gcc/avr/12.1.0/../../../../avr/lib/avr5\libc.a(ultoa_invert.o)
                                                  f:/importante/faculdade/mcc/vscode-avr-win/toolchains/avr-gcc/bin/../lib/gcc/avr/12.1.0/../../../../avr/lib/avr5\libc.a(vfprintf_std.o)
__umulhisi3                                       f:/importante/faculdade/mcc/vscode-avr-win/toolchains/avr-gcc/bin/../lib/gcc/avr/12.1.0/avr5\libgcc.a(_umulhisi3.o)
                                                  build/dateTime.o
                                                  build/sevenSegmentsMuxDisplay.o
                                                  build/keypad.o
                                                  build/hd44780.o
                                                  build/ds1307.o
__vector_1                                        build/int0.o
                                                  f:/importante/faculdade/mcc/vscode-avr-win/toolchains/avr-gcc/bin/../lib/gcc/avr/12.1.0/../../../../avr/lib/avr5/crtatmega328p.o
__vector_10                                       build/timer1.o
                                                  f:/importante/faculdade/mcc/vscode-avr-win/toolchains/avr-gcc/bin/../lib/gcc/avr/12.1.0/../../../../avr/lib/avr5/crtatmega328p.o
__vector_11                                       build/timer1.o
                                                  f:/importante/faculdade/mcc/vscode-avr-win/toolchains/avr-gcc/bin/../lib/gcc/avr/12.1.0/../../../../avr/lib/avr5/crtatmega328p.o
__vector_12                                       build/timer1.o
                                                  f:/importante/faculdade/mcc/vscode-avr-win/toolchains/avr-gcc/bin/../lib/gcc/avr/12.1.0/../../../../avr/lib/avr5/crtatmega328p.o
__vector_13                                       build/timer1.o
                                                  f:/importante/faculdade/mcc/vscode-avr-win/toolchains/avr-gcc/bin/../lib/gcc/avr/12.1.0/../../../../avr/lib/avr5/crtatmega328p.o
__vector_14                                       build/timer0.o
                                                  f:/importante/faculdade/mcc/vscode-avr-win/toolchains/avr-gcc/bin/../lib/gcc/avr/12.1.0/../../../../avr/lib/avr5/crtatmega328p.o
__vector_15                                       build/timer0.o
                                                  f:/importante/faculdade/mcc/vscode-avr-win/toolchains/avr-gcc/bin/../lib/gcc/avr/12.1.0/../../../../avr/lib/avr5/crtatmega328p.o
__vector_16                                       build/timer0.o